{
    "chunk_0": {
        "status": "success",
        "url[TOK_Q_DELIM]https://www.maritimemedizin.de/aktuelles/neuigkeit/Maritime_Tage_in_Hamburg.html[TOK_Q_DELIM]Article": {
            "query": "url: URL of the item.",
            "response": "TOKPOS"
        },
        "headline[TOK_Q_DELIM]Der Vorstand lädt ein. Spannende maritime Tage in Hamburg![TOK_Q_DELIM]Article": {
            "query": "headline: Headline of the article.",
            "response": "TOKPOS"
        },
        "identifier[TOK_Q_DELIM]https://www.maritimemedizin.de/aktuelles/neuigkeit/Maritime_Tage_in_Hamburg.html[TOK_Q_DELIM]Article": {
            "query": "identifier: The identifier property represents any kind of identifier for any kind of [[Thing]], such as ISBNs, GTIN codes, UUIDs etc. Schema.org provides dedicated properties for representing many of these, either as textual strings or as URL (URI) links. See [background notes](/docs/datamodel.html#identifierBg) for more details.",
            "response": "TOKPOS"
        },
        "description[TOK_Q_DELIM]<p><span>Liebe DGMM-Mitglieder,</span></p>\n<p><span>liebe interessierte Kolleginnen und Kollegen der maritimen Medizin!</span></p>\n<p><br><br>Sicher haben Sie als Mitglied bereits Ihre <strong>Einladung zur JHV 2021 am 30.09.2022 in Hamburg</strong> per Email oder Post erhalten.</p>\n<p><strong><a href=\"{{link_url::33}}\" target=\"_blank\" rel=\"noopener\">Hier</a> finden Sie die Anmeldung und Tagesordnung.</strong></p>\n<p> </p>\n<p>Heute machen wir auch gern auf das interessante Programm dieser maritimen Tage in Hamburg aufmerksam.</p>\n<p> </p>\n<p>Das <strong><a href=\"https://www.uke.de/kliniken-institute/institute/universitätsprofessur-für-arbeitsmedizin/index.html\" target=\"_blank\" rel=\"noopener\">Zentralinstitut Arbeitsmedizin und Maritime Medizin</a></strong> feiert am 29.09.2022 sein <strong>50-jähriges Bestehen</strong></p>\n<p>und</p>\n<p>die <a href=\"https://www.imhf.pl\" target=\"_blank\" rel=\"noopener\"><strong>International Maritime Health Foundation</strong></a> bietet vom 29. - 30.09.2022 in Zusammenarbeit mit unserer Fachgesellschaft den <span lang=\"EN-GB\"><span> </span></span><strong><span lang=\"EN-GB\">3<sup>rd</sup> IMHF EP WORKSHOP <br>“Management of Medical Emergencies at Sea” </span></strong><span lang=\"EN-GB\">ebenfalls in Hamburg </span><span lang=\"EN-GB\">an.</span></p>\n<p> </p>\n<p><strong><span lang=\"EN-GB\">Es gibt begrenzte Plätze, vielleicht haben Sie Lust vorbei zu kommen? Die TO und Anmeldeinks finden Sie unter der Rubrik <a href=\"{{link_url::19}}\" target=\"_blank\" rel=\"noopener\">Veranstaltungen</a>.</span></strong></p>\n<p> </p>\n<p><span>Wir freuen uns auf Sie,</span></p>\n<p><span>Ihr Vorstand</span></p>[TOK_Q_DELIM]Article": {
            "query": "description: A description of the item.",
            "response": "TOKPOS"
        },
        "image[TOK_Q_DELIM]https://www.maritimemedizin.de/files/themenbilder/pixabay/hamburg/elbe-2894209_1920.jpg[TOK_Q_DELIM]Article": {
            "query": "image: An image of the item. This can be a [[URL]] or a fully described [[ImageObject]].",
            "response": "TOKPOS"
        },
        "score": 1.0
    }
}