{
    "chunk_0": {
        "status": "success",
        "author[TOK_Q_DELIM]Raymond Glassenberg[TOK_Q_DELIM]ScholarlyArticle": {
            "query": "prop=author, value=Raymond Glassenberg, parent_class=ScholarlyArticle",
            "response": "TOKNEG"
        },
        "datePublished[TOK_Q_DELIM]2021[TOK_Q_DELIM]ScholarlyArticle": {
            "query": "prop=datePublished, value=2021, parent_class=ScholarlyArticle",
            "response": "TOKNEG"
        },
        "sameAs[TOK_Q_DELIM]https://doi.org/10.1117/12.237862[TOK_Q_DELIM]ScholarlyArticle": {
            "query": "prop=sameAs, value=https://doi.org/10.1117/12.237862, parent_class=ScholarlyArticle",
            "response": "TOKNEG"
        },
        "isPartOf[TOK_Q_DELIM]file:///GDD/MarkupAutomator/15c8791c4cab6c6a950393560007e662_raw#issue[TOK_Q_DELIM]ScholarlyArticle": {
            "query": "prop=isPartOf, value=file:///GDD/MarkupAutomator/15c8791c4cab6c6a950393560007e662_raw#issue, parent_class=ScholarlyArticle",
            "response": "TOKNEG"
        },
        "datePublished[TOK_Q_DELIM]1996[TOK_Q_DELIM]ScholarlyArticle": {
            "query": "prop=datePublished, value=1996, parent_class=ScholarlyArticle",
            "response": "TOKNEG"
        },
        "author[TOK_Q_DELIM]Ana Paula Massadar Morel[TOK_Q_DELIM]ScholarlyArticle": {
            "query": "prop=author, value=Ana Paula Massadar Morel, parent_class=ScholarlyArticle",
            "response": "TOKNEG"
        },
        "author[TOK_Q_DELIM]David M. Eckmann[TOK_Q_DELIM]ScholarlyArticle": {
            "query": "prop=author, value=David M. Eckmann, parent_class=ScholarlyArticle",
            "response": "TOKNEG"
        },
        "name[TOK_Q_DELIM]SPIE[TOK_Q_DELIM]Organization": {
            "query": "prop=name, value=SPIE, parent_class=Organization",
            "response": "TOKNEG"
        },
        "abstract[TOK_Q_DELIM]Resumo As expressões do negacionismo da pandemia da Covid-19 recorrentes no Brasil estão relacionadas ao crescimento da extrema-direita e produzem o aumento da necropolítica. Percebemos uma ‘crise de interpretação’ que aponta a ‘ignorância’ como causa única da popularização do negacionismo. Buscaremos problematizar tal fenômeno, indo além dessa interpretação comum. Ancorado em uma ausência de mundo compartilhado, o negacionismo cresce com o ‘déficit de prática comum’. É preciso, entretanto, diferenciar as posições envolvidas: há aqueles que negam visando ao lucro, baseado em um desejo de morte e extermínio, e os que entram em negação por conta de uma realidade tão dura de que são vítimas. Diante disso, as ações educativas que têm por referência a educação popular em saúde são estratégias importantes para se enfrentar tal fenômeno, mobilizando as noções freirianas de diálogo e conflito. Essas ações permitem não ‘desconstruir’ os cuidados em saúde, mas ‘acrescentam realidade’ a eles, trazendo a importância de se considerarem as condições de vida das classes populares. Por fim, compreendendo o vínculo indissociável entre educação popular e movimentos sociais, apresentamos como movimentos de favela têm enfrentado o negacionismo em defesa da vida.[TOK_Q_DELIM]ScholarlyArticle": {
            "query": "prop=abstract, value=Resumo As expressões do negacionismo da pandemia da Covid-19 recorrentes no Brasil estão relacionadas ao crescimento da extrema-direita e produzem o aumento da necropolítica. Percebemos uma ‘crise de interpretação’ que aponta a ‘ignorância’ como causa única da popularização do negacionismo. Buscaremos problematizar tal fenômeno, indo além dessa interpretação comum. Ancorado em uma ausência de mundo compartilhado, o negacionismo cresce com o ‘déficit de prática comum’. É preciso, entretanto, diferenciar as posições envolvidas: há aqueles que negam visando ao lucro, baseado em um desejo de morte e extermínio, e os que entram em negação por conta de uma realidade tão dura de que são vítimas. Diante disso, as ações educativas que têm por referência a educação popular em saúde são estratégias importantes para se enfrentar tal fenômeno, mobilizando as noções freirianas de diálogo e conflito. Essas ações permitem não ‘desconstruir’ os cuidados em saúde, mas ‘acrescentam realidade’ a eles, trazendo a importância de se considerarem as condições de vida das classes populares. Por fim, compreendendo o vínculo indissociável entre educação popular e movimentos sociais, apresentamos como movimentos de favela têm enfrentado o negacionismo em defesa da vida., parent_class=ScholarlyArticle",
            "response": "TOKPOS"
        },
        "name[TOK_Q_DELIM]Negacionismo da Covid-19 e educação popular em saúde: para além da necropolítica[TOK_Q_DELIM]ScholarlyArticle": {
            "query": "prop=name, value=Negacionismo da Covid-19 e educação popular em saúde: para além da necropolítica, parent_class=ScholarlyArticle",
            "response": "TOKPOS"
        },
        "name[TOK_Q_DELIM]FapUNIFESP (SciELO)[TOK_Q_DELIM]Organization": {
            "query": "prop=name, value=FapUNIFESP (SciELO), parent_class=Organization",
            "response": "TOKNEG"
        },
        "sameAs[TOK_Q_DELIM]https://doi.org/10.1590/1981-7746-sol00315[TOK_Q_DELIM]ScholarlyArticle": {
            "query": "prop=sameAs, value=https://doi.org/10.1590/1981-7746-sol00315, parent_class=ScholarlyArticle",
            "response": "TOKPOS"
        },
        "author[TOK_Q_DELIM]Noam Gavriely[TOK_Q_DELIM]ScholarlyArticle": {
            "query": "prop=author, value=Noam Gavriely, parent_class=ScholarlyArticle",
            "response": "TOKNEG"
        },
        "name[TOK_Q_DELIM]&lt;title&gt;Acoustic reflection analysis of the upper airway to identify difficult intubation&lt;/title&gt;[TOK_Q_DELIM]ScholarlyArticle": {
            "query": "prop=name, value=&lt;title&gt;Acoustic reflection analysis of the upper airway to identify difficult intubation&lt;/title&gt;, parent_class=ScholarlyArticle",
            "response": "TOKNEG"
        },
        "headline[TOK_Q_DELIM]&lt;title&gt;Acoustic reflection analysis of the upper airway to identify difficult intubation&lt;/title&gt;[TOK_Q_DELIM]ScholarlyArticle": {
            "query": "prop=headline, value=&lt;title&gt;Acoustic reflection analysis of the upper airway to identify difficult intubation&lt;/title&gt;, parent_class=ScholarlyArticle",
            "response": "TOKNEG"
        },
        "headline[TOK_Q_DELIM]Negacionismo da Covid-19 e educação popular em saúde: para além da necropolítica[TOK_Q_DELIM]ScholarlyArticle": {
            "query": "prop=headline, value=Negacionismo da Covid-19 e educação popular em saúde: para além da necropolítica, parent_class=ScholarlyArticle",
            "response": "TOKPOS"
        },
        "description[TOK_Q_DELIM]Resumo As expressões do negacionismo da pandemia da Covid-19 recorrentes no Brasil estão relacionadas ao crescimento da extrema-direita e produzem o aumento da necropolítica. Percebemos uma ‘crise de interpretação’ que aponta a ‘ignorância’ como causa única da popularização do negacionismo. Buscaremos problematizar tal fenômeno, indo além dessa interpretação comum. Ancorado em uma ausência de mundo compartilhado, o negacionismo cresce com o ‘déficit de prática comum’. É preciso, entretanto, diferenciar as posições envolvidas: há aqueles que negam visando ao lucro, baseado em um desejo de morte e extermínio, e os que entram em negação por conta de uma realidade tão dura de que são vítimas. Diante disso, as ações educativas que têm por referência a educação popular em saúde são estratégias importantes para se enfrentar tal fenômeno, mobilizando as noções freirianas de diálogo e conflito. Essas ações permitem não ‘desconstruir’ os cuidados em saúde, mas ‘acrescentam realidade’ a eles, trazendo a importância de se considerarem as condições de vida das classes populares. Por fim, compreendendo o vínculo indissociável entre educação popular e movimentos sociais, apresentamos como movimentos de favela têm enfrentado o negacionismo em defesa da vida.[TOK_Q_DELIM]ScholarlyArticle": {
            "query": "prop=description, value=Resumo As expressões do negacionismo da pandemia da Covid-19 recorrentes no Brasil estão relacionadas ao crescimento da extrema-direita e produzem o aumento da necropolítica. Percebemos uma ‘crise de interpretação’ que aponta a ‘ignorância’ como causa única da popularização do negacionismo. Buscaremos problematizar tal fenômeno, indo além dessa interpretação comum. Ancorado em uma ausência de mundo compartilhado, o negacionismo cresce com o ‘déficit de prática comum’. É preciso, entretanto, diferenciar as posições envolvidas: há aqueles que negam visando ao lucro, baseado em um desejo de morte e extermínio, e os que entram em negação por conta de uma realidade tão dura de que são vítimas. Diante disso, as ações educativas que têm por referência a educação popular em saúde são estratégias importantes para se enfrentar tal fenômeno, mobilizando as noções freirianas de diálogo e conflito. Essas ações permitem não ‘desconstruir’ os cuidados em saúde, mas ‘acrescentam realidade’ a eles, trazendo a importância de se considerarem as condições de vida das classes populares. Por fim, compreendendo o vínculo indissociável entre educação popular e movimentos sociais, apresentamos como movimentos de favela têm enfrentado o negacionismo em defesa da vida., parent_class=ScholarlyArticle",
            "response": "TOKPOS"
        },
        "score": 0.29411764705882354
    }
}