{
    "chunk_0": {
        "status": "success",
        "subjectOf[TOK_Q_DELIM]https://mhdetox.com/detox/#Article_MedicalWebPage_subjectOf_FAQPage[TOK_Q_DELIM]Article": {
            "query": "subjectOf: A CreativeWork or Event about this Thing.",
            "response": "TOKNEG"
        },
        "subjectOf[TOK_Q_DELIM]https://mhdetox.com/detox/#Article_MedicalWebPage_subjectOf_FAQPage[TOK_Q_DELIM]MedicalWebPage": {
            "query": "subjectOf: A CreativeWork or Event about this Thing.",
            "response": "TOKNEG"
        },
        "description[TOK_Q_DELIM]Detoxification, or detox, as it is commonly shortened to, is a necessary step toward blissful sobriety. Learn more about detox here.[TOK_Q_DELIM]Article": {
            "query": "description: A description of the item.",
            "response": "TOKPOS"
        },
        "description[TOK_Q_DELIM]Detoxification, or detox, as it is commonly shortened to, is a necessary step toward blissful sobriety. Learn more about detox here.[TOK_Q_DELIM]MedicalWebPage": {
            "query": "description: A description of the item.",
            "response": "TOKPOS"
        },
        "score": 0.5
    }
}