{
    "chunk_0": {
        "status": "success",
        "about[TOK_Q_DELIM]Drug and Alcohol Detox[TOK_Q_DELIM]Article": {
            "query": "prop=about, value=Drug and Alcohol Detox, parent_class=Article",
            "response": "TOKPOS"
        },
        "headline[TOK_Q_DELIM]Drug and Alcohol Detox[TOK_Q_DELIM]Article": {
            "query": "prop=headline, value=Drug and Alcohol Detox, parent_class=Article",
            "response": "TOKPOS"
        },
        "publisher[TOK_Q_DELIM]https://mhdetox.com/detox/#Article_MedicalWebPage_publisher_Organization[TOK_Q_DELIM]Article": {
            "query": "prop=publisher, value=https://mhdetox.com/detox/#Article_MedicalWebPage_publisher_Organization, parent_class=Article",
            "response": "TOKNEG"
        },
        "subjectOf[TOK_Q_DELIM]https://mhdetox.com/detox/#Article_MedicalWebPage_subjectOf_FAQPage[TOK_Q_DELIM]MedicalWebPage": {
            "query": "prop=subjectOf, value=https://mhdetox.com/detox/#Article_MedicalWebPage_subjectOf_FAQPage, parent_class=MedicalWebPage",
            "response": "TOKPOS"
        },
        "mainEntityOfPage[TOK_Q_DELIM]https://mhdetox.com/detox/[TOK_Q_DELIM]Article": {
            "query": "prop=mainEntityOfPage, value=https://mhdetox.com/detox/, parent_class=Article",
            "response": "TOKPOS"
        },
        "description[TOK_Q_DELIM]Detoxification, or detox, as it is commonly shortened to, is a necessary step toward blissful sobriety. Learn more about detox here.[TOK_Q_DELIM]MedicalWebPage": {
            "query": "prop=description, value=Detoxification, or detox, as it is commonly shortened to, is a necessary step toward blissful sobriety. Learn more about detox here., parent_class=MedicalWebPage",
            "response": "TOKPOS"
        },
        "mainEntityOfPage[TOK_Q_DELIM]https://mhdetox.com/detox/[TOK_Q_DELIM]MedicalWebPage": {
            "query": "prop=mainEntityOfPage, value=https://mhdetox.com/detox/, parent_class=MedicalWebPage",
            "response": "TOKPOS"
        },
        "about[TOK_Q_DELIM]Drug and Alcohol Detox[TOK_Q_DELIM]MedicalWebPage": {
            "query": "prop=about, value=Drug and Alcohol Detox, parent_class=MedicalWebPage",
            "response": "TOKPOS"
        },
        "author[TOK_Q_DELIM]https://mhdetox.com/detox/#Article_MedicalWebPage_author_Person[TOK_Q_DELIM]Article": {
            "query": "prop=author, value=https://mhdetox.com/detox/#Article_MedicalWebPage_author_Person, parent_class=Article",
            "response": "TOKNEG"
        },
        "description[TOK_Q_DELIM]Detoxification, or detox, as it is commonly shortened to, is a necessary step toward blissful sobriety. Learn more about detox here.[TOK_Q_DELIM]Article": {
            "query": "prop=description, value=Detoxification, or detox, as it is commonly shortened to, is a necessary step toward blissful sobriety. Learn more about detox here., parent_class=Article",
            "response": "TOKPOS"
        },
        "url[TOK_Q_DELIM]https://mhdetox.com/detox/[TOK_Q_DELIM]MedicalWebPage": {
            "query": "prop=url, value=https://mhdetox.com/detox/, parent_class=MedicalWebPage",
            "response": "TOKPOS"
        },
        "datePublished[TOK_Q_DELIM]2021-07-08T22:54:21+00:00[TOK_Q_DELIM]Article": {
            "query": "prop=datePublished, value=2021-07-08T22:54:21+00:00, parent_class=Article",
            "response": "TOKNEG"
        },
        "subjectOf[TOK_Q_DELIM]https://mhdetox.com/detox/#Article_MedicalWebPage_subjectOf_FAQPage[TOK_Q_DELIM]Article": {
            "query": "prop=subjectOf, value=https://mhdetox.com/detox/#Article_MedicalWebPage_subjectOf_FAQPage, parent_class=Article",
            "response": "TOKPOS"
        },
        "headline[TOK_Q_DELIM]Drug and Alcohol Detox[TOK_Q_DELIM]MedicalWebPage": {
            "query": "prop=headline, value=Drug and Alcohol Detox, parent_class=MedicalWebPage",
            "response": "TOKNEG"
        },
        "url[TOK_Q_DELIM]https://mhdetox.com/detox/[TOK_Q_DELIM]Article": {
            "query": "prop=url, value=https://mhdetox.com/detox/, parent_class=Article",
            "response": "TOKPOS"
        },
        "author[TOK_Q_DELIM]https://mhdetox.com/detox/#Article_MedicalWebPage_author_Person[TOK_Q_DELIM]MedicalWebPage": {
            "query": "prop=author, value=https://mhdetox.com/detox/#Article_MedicalWebPage_author_Person, parent_class=MedicalWebPage",
            "response": "TOKNEG"
        },
        "image[TOK_Q_DELIM]https://mhdetox.com/detox/#Article_MedicalWebPage_image_ImageObject[TOK_Q_DELIM]MedicalWebPage": {
            "query": "prop=image, value=https://mhdetox.com/detox/#Article_MedicalWebPage_image_ImageObject, parent_class=MedicalWebPage",
            "response": "TOKPOS"
        },
        "datePublished[TOK_Q_DELIM]2021-07-08T22:54:21+00:00[TOK_Q_DELIM]MedicalWebPage": {
            "query": "prop=datePublished, value=2021-07-08T22:54:21+00:00, parent_class=MedicalWebPage",
            "response": "TOKNEG"
        },
        "publisher[TOK_Q_DELIM]https://mhdetox.com/detox/#Article_MedicalWebPage_publisher_Organization[TOK_Q_DELIM]MedicalWebPage": {
            "query": "prop=publisher, value=https://mhdetox.com/detox/#Article_MedicalWebPage_publisher_Organization, parent_class=MedicalWebPage",
            "response": "TOKNEG"
        },
        "image[TOK_Q_DELIM]https://mhdetox.com/detox/#Article_MedicalWebPage_image_ImageObject[TOK_Q_DELIM]Article": {
            "query": "prop=image, value=https://mhdetox.com/detox/#Article_MedicalWebPage_image_ImageObject, parent_class=Article",
            "response": "TOKNEG"
        },
        "score": 0.6
    }
}