{
    "chunk_0": {
        "status": "success",
        "eventAttendanceMode[TOK_Q_DELIM]https://schema.org/OfflineEventAttendanceMode[TOK_Q_DELIM]Event": {
            "query": "prop=eventAttendanceMode, value=https://schema.org/OfflineEventAttendanceMode, parent_class=Event",
            "response": "TOKPOS"
        },
        "about[TOK_Q_DELIM]Design[TOK_Q_DELIM]Event": {
            "query": "prop=about, value=Design, parent_class=Event",
            "response": "TOKNEG"
        },
        "description[TOK_Q_DELIM]Pearlfisher Head of Realization, Brandi Parker, is to present at the 7th Annual Responsible Business Summit in New York City.[TOK_Q_DELIM]Event": {
            "query": "prop=description, value=Pearlfisher Head of Realization, Brandi Parker, is to present at the 7th Annual Responsible Business Summit in New York City., parent_class=Event",
            "response": "TOKPOS"
        },
        "startDate[TOK_Q_DELIM]1970-01-01T00:00+0100[TOK_Q_DELIM]Event": {
            "query": "prop=startDate, value=1970-01-01T00:00+0100, parent_class=Event",
            "response": "TOKNEG"
        },
        "eventStatus[TOK_Q_DELIM]https://schema.org/EventScheduled[TOK_Q_DELIM]Event": {
            "query": "prop=eventStatus, value=https://schema.org/EventScheduled, parent_class=Event",
            "response": "TOKNEG"
        },
        "about[TOK_Q_DELIM]Digital Marketing[TOK_Q_DELIM]Event": {
            "query": "prop=about, value=Digital Marketing, parent_class=Event",
            "response": "TOKNEG"
        },
        "name[TOK_Q_DELIM]Brandi Parker[TOK_Q_DELIM]Person": {
            "query": "prop=name, value=Brandi Parker, parent_class=Person",
            "response": "TOKPOS"
        },
        "endDate[TOK_Q_DELIM]1970-01-01T00:00+0100[TOK_Q_DELIM]Event": {
            "query": "prop=endDate, value=1970-01-01T00:00+0100, parent_class=Event",
            "response": "TOKNEG"
        },
        "about[TOK_Q_DELIM]Product Design[TOK_Q_DELIM]Event": {
            "query": "prop=about, value=Product Design, parent_class=Event",
            "response": "TOKNEG"
        },
        "name[TOK_Q_DELIM]Brandi Parker Presents at Responsible Business Summit - Pearlfisher[TOK_Q_DELIM]Event": {
            "query": "prop=name, value=Brandi Parker Presents at Responsible Business Summit - Pearlfisher, parent_class=Event",
            "response": "TOKPOS"
        },
        "image[TOK_Q_DELIM]https://cdn.pearlfisher.com/2019/11/SPCAdvance1_thumb.jpg[TOK_Q_DELIM]Event": {
            "query": "prop=image, value=https://cdn.pearlfisher.com/2019/11/SPCAdvance1_thumb.jpg, parent_class=Event",
            "response": "TOKNEG"
        },
        "score": 0.36363636363636365
    }
}