{
    "chunk_0": {
        "status": "success",
        "url[TOK_Q_DELIM]https://webserver.tips/images/cover.jpg[TOK_Q_DELIM]ImageObject": {
            "query": "url: URL of the item.",
            "response": "TOKPOS"
        },
        "url[TOK_Q_DELIM]https://webserver.tips/[TOK_Q_DELIM]WebSite": {
            "query": "url: URL of the item.",
            "response": "TOKPOS"
        },
        "additionalType[TOK_Q_DELIM]Product[TOK_Q_DELIM]Book": {
            "query": "additionalType: An additional type for the item, typically used for adding more specific types from external vocabularies in microdata syntax. This is a relationship between something and a class that the thing is in. Typically the value is a URI-identified RDF class, and in this case corresponds to the\n    use of rdf:type in RDF. Text values can be used sparingly, for cases where useful information can be added without their being an appropriate schema to reference. In the case of text values, the class label should follow the schema.org <a href=\"http://schema.org/docs/styleguide.html\">style guide</a>.",
            "response": "TOKPOS"
        },
        "inLanguage[TOK_Q_DELIM]de[TOK_Q_DELIM]WebSite": {
            "query": "inLanguage: The language of the content or performance or used in an action. Please use one of the language codes from the [IETF BCP 47 standard](http://tools.ietf.org/html/bcp47). See also [[availableLanguage]].",
            "response": "TOKPOS"
        },
        "name[TOK_Q_DELIM]DigitalSailors e.K.[TOK_Q_DELIM]Corporation": {
            "query": "name: The name of the item.",
            "response": "TOKPOS"
        },
        "name[TOK_Q_DELIM]Nginx richtig konfigurieren[TOK_Q_DELIM]Book": {
            "query": "name: The name of the item.",
            "response": "TOKPOS"
        },
        "description[TOK_Q_DELIM]Mit der richtigen Nginx-Konfiguration SEO, Geschwindigkeit, Sicherheit und vieles mehr bei einem Internetauftritt optimieren. Dieses Buch zeigt, wie es geht![TOK_Q_DELIM]WebSite": {
            "query": "description: A description of the item.",
            "response": "TOKPOS"
        },
        "headline[TOK_Q_DELIM]Das Buch \"Nginx richtig konfigurieren\"[TOK_Q_DELIM]WebSite": {
            "query": "headline: Headline of the article.",
            "response": "TOKPOS"
        },
        "url[TOK_Q_DELIM]https://www.digital-sailors.de[TOK_Q_DELIM]Corporation": {
            "query": "url: URL of the item.",
            "response": "TOKPOS"
        },
        "score": 1.0
    }
}