{
    "chunk_0": {
        "status": "success",
        "name[TOK_Q_DELIM]Herzinsuffizienz[TOK_Q_DELIM]MedicalCondition": {
            "query": "name: The name of the item.",
            "response": "TOKPOS"
        },
        "name[TOK_Q_DELIM]Benommenheit[TOK_Q_DELIM]MedicalSymptom": {
            "query": "name: The name of the item.",
            "response": "TOKPOS"
        },
        "name[TOK_Q_DELIM]Retinopathie[TOK_Q_DELIM]MedicalCondition": {
            "query": "name: The name of the item.",
            "response": "TOKPOS"
        },
        "name[TOK_Q_DELIM][TOK_Q_DELIM]Organization": {
            "query": "name: The name of the item.",
            "response": "TOKPOS"
        },
        "name[TOK_Q_DELIM]Dr. Maja Sukalo[TOK_Q_DELIM]Person": {
            "query": "name: The name of the item.",
            "response": "TOKPOS"
        },
        "datePublished[TOK_Q_DELIM]2020-05-20 00:00:00[TOK_Q_DELIM]Article": {
            "query": "datePublished: Date of first broadcast/publication.",
            "response": "TOKPOS"
        },
        "name[TOK_Q_DELIM]Fernarzt[TOK_Q_DELIM]Organization": {
            "query": "name: The name of the item.",
            "response": "TOKPOS"
        },
        "url[TOK_Q_DELIM]bluthochdruck[TOK_Q_DELIM]Article": {
            "query": "url: URL of the item.",
            "response": "TOKNEG"
        },
        "dateModified[TOK_Q_DELIM]2021-07-09[TOK_Q_DELIM]Article": {
            "query": "dateModified: The date on which the CreativeWork was most recently modified or when the item's entry was modified within a DataFeed.",
            "response": "TOKPOS"
        },
        "name[TOK_Q_DELIM]Bluthochdruck (Hypertonie)[TOK_Q_DELIM]Article": {
            "query": "name: The name of the item.",
            "response": "TOKPOS"
        },
        "mainEntityOfPage[TOK_Q_DELIM]https://www.fernarzt.com/krankheiten/bluthochdruck/[TOK_Q_DELIM]Article": {
            "query": "mainEntityOfPage: Indicates a page (or other CreativeWork) for which this thing is the main entity being described. See [background notes](/docs/datamodel.html#mainEntityBackground) for details.",
            "response": "TOKPOS"
        },
        "name[TOK_Q_DELIM]Kopfschmerzen[TOK_Q_DELIM]MedicalSymptom": {
            "query": "name: The name of the item.",
            "response": "TOKPOS"
        },
        "headline[TOK_Q_DELIM]Bluthochdruck (Hypertonie)[TOK_Q_DELIM]Article": {
            "query": "headline: Headline of the article.",
            "response": "TOKPOS"
        },
        "publisher[TOK_Q_DELIM]https://www.fernarzt.com\\/#Organization[TOK_Q_DELIM]Article": {
            "query": "publisher: The publisher of the creative work.",
            "response": "TOKPOS"
        },
        "name[TOK_Q_DELIM]Ohrensausen[TOK_Q_DELIM]MedicalSymptom": {
            "query": "name: The name of the item.",
            "response": "TOKPOS"
        },
        "name[TOK_Q_DELIM]Aortenaneurysma[TOK_Q_DELIM]MedicalCondition": {
            "query": "name: The name of the item.",
            "response": "TOKPOS"
        },
        "name[TOK_Q_DELIM]Herz-Kreislauf-Erkrankungen[TOK_Q_DELIM]MedicalCondition": {
            "query": "name: The name of the item.",
            "response": "TOKPOS"
        },
        "name[TOK_Q_DELIM]Bluthochdruck[TOK_Q_DELIM]MedicalCondition": {
            "query": "name: The name of the item.",
            "response": "TOKPOS"
        },
        "datePublished[TOK_Q_DELIM]2020-05-20[TOK_Q_DELIM]Article": {
            "query": "datePublished: Date of first broadcast/publication.",
            "response": "TOKPOS"
        },
        "name[TOK_Q_DELIM]Demenz[TOK_Q_DELIM]MedicalCondition": {
            "query": "name: The name of the item.",
            "response": "TOKPOS"
        },
        "name[TOK_Q_DELIM]Karotisstenose[TOK_Q_DELIM]MedicalCondition": {
            "query": "name: The name of the item.",
            "response": "TOKPOS"
        },
        "image[TOK_Q_DELIM]file://images.ctfassets.net/9nu7qkjcp5l0/45NZ0nyv8TvUAYaUEgZaKE/fc778fd382827b45920b2b8583aee735/Bluthochdruck.jpg[TOK_Q_DELIM]Article": {
            "query": "image: An image of the item. This can be a [[URL]] or a fully described [[ImageObject]].",
            "response": "TOKPOS"
        },
        "name[TOK_Q_DELIM]Hypertonie[TOK_Q_DELIM]MedicalCondition": {
            "query": "name: The name of the item.",
            "response": "TOKPOS"
        },
        "headline[TOK_Q_DELIM]Bluthochdruck (Hypertonie): Ursachen, Risiken, Diagnose & Behandlung[TOK_Q_DELIM]Article": {
            "query": "headline: Headline of the article.",
            "response": "TOKPOS"
        },
        "name[TOK_Q_DELIM]Schlaganfall[TOK_Q_DELIM]MedicalCondition": {
            "query": "name: The name of the item.",
            "response": "TOKPOS"
        },
        "name[TOK_Q_DELIM]Niereninsuffizienz[TOK_Q_DELIM]MedicalCondition": {
            "query": "name: The name of the item.",
            "response": "TOKPOS"
        },
        "description[TOK_Q_DELIM]Dr. Maja Sukalo ist eine promovierte Naturwissenschaftlerin, die den Studiengang Biologie an der Ernst-Moritz-Arndt-Universität Greifswald mit einem Diplom abschloss und anschließend an der Otto-von-Guericke-Universität Magdeburg am Institut für Humangenetik promovierte. Seit März 2021 ist sie als Content Managerin für Fernarzt tätig. Dr. Maja Sukalo verfasst und editiert medizinische Artikel, auditiert Texte und arbeitet zusammen mit ihrem Team stetig an der Aktualität und Erweiterung der Inhalte.\n[TOK_Q_DELIM]Person": {
            "query": "description: A description of the item.",
            "response": "TOKPOS"
        },
        "jobTitle[TOK_Q_DELIM]Biologin, Content Managerin und Autorin[TOK_Q_DELIM]Person": {
            "query": "jobTitle: The job title of the person (for example, Financial Manager).",
            "response": "TOKPOS"
        },
        "name[TOK_Q_DELIM]Schwindel[TOK_Q_DELIM]MedicalSymptom": {
            "query": "name: The name of the item.",
            "response": "TOKPOS"
        },
        "image[TOK_Q_DELIM]file:///GDD/MarkupAutomator/43abb6a0ee1c114a7923f56ef5e9df0c_raw[TOK_Q_DELIM]Article": {
            "query": "image: An image of the item. This can be a [[URL]] or a fully described [[ImageObject]].",
            "response": "TOKNEG"
        },
        "score": 0.9333333333333333
    }
}