{
    "chunk_0": {
        "status": "success",
        "name[TOK_Q_DELIM]Julia Brim-Edwards for Portland School Board[TOK_Q_DELIM]WebPage": {
            "query": "name: The name of the item.",
            "response": "TOKPOS"
        },
        "url[TOK_Q_DELIM]http://juliabrimedwardsportlandschools.com[TOK_Q_DELIM]WebPage": {
            "query": "url: URL of the item.",
            "response": "TOKPOS"
        },
        "name[TOK_Q_DELIM]Julia Brim-Edwards for Portland School Board[TOK_Q_DELIM]Organization": {
            "query": "name: The name of the item.",
            "response": "TOKPOS"
        },
        "url[TOK_Q_DELIM]http://juliabrimedwardsportlandschools.com[TOK_Q_DELIM]Organization": {
            "query": "url: URL of the item.",
            "response": "TOKPOS"
        },
        "score": 1.0
    }
}