{
    "chunk_0": {
        "status": "success",
        "image[TOK_Q_DELIM]https://decriminalizesex.work/equality-model/#header[TOK_Q_DELIM]Question": {
            "query": "image: An image of the item. This can be a [[URL]] or a fully described [[ImageObject]].",
            "response": "TOKPOS"
        },
        "name[TOK_Q_DELIM]What is the Nordic Model?[TOK_Q_DELIM]Question": {
            "query": "name: The name of the item.",
            "response": "TOKPOS"
        },
        "text[TOK_Q_DELIM]What is the Nordic Model?[TOK_Q_DELIM]Question": {
            "query": "text: The textual content of this CreativeWork.",
            "response": "TOKPOS"
        },
        "text[TOK_Q_DELIM]The Nordic Model of prostitution is based on the theory that the way to “free” sex workers from lives of prostitution is to criminalize clients and third parties. The theory assumes sex workers are victims, but in practice, the law tends to treat them more like criminals.[TOK_Q_DELIM]Answer": {
            "query": "text: The textual content of this CreativeWork.",
            "response": "TOKPOS"
        },
        "about[TOK_Q_DELIM]https://decriminalizesex.work/equality-model/#video[TOK_Q_DELIM]Question": {
            "query": "about: The subject matter of the content.",
            "response": "TOKPOS"
        },
        "keywords[TOK_Q_DELIM]Nordic Model[TOK_Q_DELIM]Question": {
            "query": "keywords: Keywords or tags used to describe some item. Multiple textual entries in a keywords list are typically delimited by commas, or by repeating the property.",
            "response": "TOKPOS"
        },
        "score": 1.0
    }
}