{
    "chunk_0": {
        "status": "success",
        "description[TOK_Q_DELIM][TOK_Q_DELIM]Blog": {
            "query": "description: A description of the item.",
            "response": "TOKPOS"
        },
        "dateModified[TOK_Q_DELIM]2022-07-25T09:15:35.4170000Z[TOK_Q_DELIM]Blog": {
            "query": "dateModified: The date on which the CreativeWork was most recently modified or when the item's entry was modified within a DataFeed.",
            "response": "TOKPOS"
        },
        "dateCreated[TOK_Q_DELIM]2020-11-18T11:11:47.1400000Z[TOK_Q_DELIM]Blog": {
            "query": "dateCreated: The date on which the CreativeWork was created or the item was added to a DataFeed.",
            "response": "TOKPOS"
        },
        "genre[TOK_Q_DELIM][TOK_Q_DELIM]Blog": {
            "query": "genre: Genre of the creative work, broadcast channel or group.",
            "response": "TOKNEG"
        },
        "url[TOK_Q_DELIM]https://www.deif.de/blog/posts/how-you-can-benefit-from-shore-connections/[TOK_Q_DELIM]Blog": {
            "query": "url: URL of the item.",
            "response": "TOKPOS"
        },
        "about[TOK_Q_DELIM][TOK_Q_DELIM]Blog": {
            "query": "about: The subject matter of the content.",
            "response": "TOKPOS"
        },
        "image[TOK_Q_DELIM]https://www.deif.de/media/m3ji4slr/shore-connection.jpg[TOK_Q_DELIM]Blog": {
            "query": "image: An image of the item. This can be a [[URL]] or a fully described [[ImageObject]].",
            "response": "TOKPOS"
        },
        "score": 0.8571428571428571
    }
}