{
    "msgs": {},
    "score": 1.0,
    "n_infos": 51,
    "valid": true
}