{
    "chunk_0": {
        "status": "success",
        "image[TOK_Q_DELIM]https://poradzimy24.pl/wp-content/uploads/2017/09/lychees-2322207_1920-720x540.jpg[TOK_Q_DELIM]HowTo": {
            "query": "image: An image of the item. This can be a [[URL]] or a fully described [[ImageObject]].",
            "response": "TOKPOS"
        },
        "name[TOK_Q_DELIM]Posiane liczi podlewamy 2-3 razy w tygodniu niewielką...[TOK_Q_DELIM]HowToStep": {
            "query": "name: The name of the item.",
            "response": "TOKPOS"
        },
        "name[TOK_Q_DELIM]Świeże nasiona liczi moczymy w ciepłej wodzie przez...[TOK_Q_DELIM]HowToStep": {
            "query": "name: The name of the item.",
            "response": "TOKPOS"
        },
        "description[TOK_Q_DELIM]Jak posadzić liczi w doniczce - uprawa liczi w domu krok po kroku[TOK_Q_DELIM]HowTo": {
            "query": "description: A description of the item.",
            "response": "TOKPOS"
        },
        "text[TOK_Q_DELIM]Nasiona liczi umieszczamy poziomo do ziemi torfowej na głębokość ok. 2 – 2,5 cm.[TOK_Q_DELIM]HowToStep": {
            "query": "text: The textual content of this CreativeWork.",
            "response": "TOKPOS"
        },
        "url[TOK_Q_DELIM]https://poradzimy24.pl/liczi-doniczce-poradzimy-uprawiac-liczi-domu/#mv_create_19_4[TOK_Q_DELIM]HowToStep": {
            "query": "url: URL of the item.",
            "response": "TOKPOS"
        },
        "position[TOK_Q_DELIM]2[TOK_Q_DELIM]HowToStep": {
            "query": "position: The position of an item in a series or sequence of items.",
            "response": "TOKNEG"
        },
        "name[TOK_Q_DELIM]Jak wyhodować liczi w doniczce[TOK_Q_DELIM]HowTo": {
            "query": "name: The name of the item.",
            "response": "TOKPOS"
        },
        "image[TOK_Q_DELIM]https://poradzimy24.pl/wp-content/uploads/2017/09/lychees-2322207_1920-720x720.jpg[TOK_Q_DELIM]HowTo": {
            "query": "image: An image of the item. This can be a [[URL]] or a fully described [[ImageObject]].",
            "response": "TOKPOS"
        },
        "totalTime[TOK_Q_DELIM]PT0S[TOK_Q_DELIM]HowTo": {
            "query": "totalTime: The total time required to perform instructions or a direction (including time to prepare the supplies), in [ISO 8601 duration format](http://en.wikipedia.org/wiki/ISO_8601).",
            "response": "TOKPOS"
        },
        "url[TOK_Q_DELIM]https://poradzimy24.pl/liczi-doniczce-poradzimy-uprawiac-liczi-domu/#mv_create_19_2[TOK_Q_DELIM]HowToStep": {
            "query": "url: URL of the item.",
            "response": "TOKPOS"
        },
        "keywords[TOK_Q_DELIM]liczi, drzewko liczi, liczi w doniczce, jak posadzić liczi, liczi w domu,[TOK_Q_DELIM]HowTo": {
            "query": "keywords: Keywords or tags used to describe some item. Multiple textual entries in a keywords list are typically delimited by commas, or by repeating the property.",
            "response": "TOKPOS"
        },
        "text[TOK_Q_DELIM]Doniczkę z nasionami liczi nakrywamy kapturkiem z folii.[TOK_Q_DELIM]HowToStep": {
            "query": "text: The textual content of this CreativeWork.",
            "response": "TOKPOS"
        },
        "url[TOK_Q_DELIM]https://poradzimy24.pl/liczi-doniczce-poradzimy-uprawiac-liczi-domu/#mv_create_19_5[TOK_Q_DELIM]HowToStep": {
            "query": "url: URL of the item.",
            "response": "TOKPOS"
        },
        "position[TOK_Q_DELIM]4[TOK_Q_DELIM]HowToStep": {
            "query": "position: The position of an item in a series or sequence of items.",
            "response": "TOKPOS"
        },
        "image[TOK_Q_DELIM]https://poradzimy24.pl/wp-content/uploads/2017/09/lychees-2322207_1920-720x405.jpg[TOK_Q_DELIM]HowTo": {
            "query": "image: An image of the item. This can be a [[URL]] or a fully described [[ImageObject]].",
            "response": "TOKPOS"
        },
        "name[TOK_Q_DELIM]Doniczkę z nasionami liczi nakrywamy kapturkiem z folii.[TOK_Q_DELIM]HowToStep": {
            "query": "name: The name of the item.",
            "response": "TOKPOS"
        },
        "text[TOK_Q_DELIM]Doniczkę stawiamy w ciepłym i słonecznym miejscu.[TOK_Q_DELIM]HowToStep": {
            "query": "text: The textual content of this CreativeWork.",
            "response": "TOKNEG"
        },
        "name[TOK_Q_DELIM]Nasiona liczi umieszczamy poziomo do ziemi torfowej na...[TOK_Q_DELIM]HowToStep": {
            "query": "name: The name of the item.",
            "response": "TOKPOS"
        },
        "image[TOK_Q_DELIM]https://poradzimy24.pl/wp-content/uploads/2017/09/lychees-2322207_1920-735x551.jpg[TOK_Q_DELIM]HowTo": {
            "query": "image: An image of the item. This can be a [[URL]] or a fully described [[ImageObject]].",
            "response": "TOKPOS"
        },
        "text[TOK_Q_DELIM]Nasiona liczi wydobywamy ze świeżego owocu zakupionego np. w supermarkecie.[TOK_Q_DELIM]HowToStep": {
            "query": "text: The textual content of this CreativeWork.",
            "response": "TOKPOS"
        },
        "text[TOK_Q_DELIM]Posiane liczi podlewamy 2-3 razy w tygodniu niewielką ilością wody.[TOK_Q_DELIM]HowToStep": {
            "query": "text: The textual content of this CreativeWork.",
            "response": "TOKPOS"
        },
        "position[TOK_Q_DELIM]1[TOK_Q_DELIM]HowToStep": {
            "query": "position: The position of an item in a series or sequence of items.",
            "response": "TOKPOS"
        },
        "about[TOK_Q_DELIM]Pielęgnacja roślin[TOK_Q_DELIM]HowTo": {
            "query": "about: The subject matter of the content.",
            "response": "TOKNEG"
        },
        "url[TOK_Q_DELIM]https://poradzimy24.pl/liczi-doniczce-poradzimy-uprawiac-liczi-domu/#mv_create_19_1[TOK_Q_DELIM]HowToStep": {
            "query": "url: URL of the item.",
            "response": "TOKPOS"
        },
        "position[TOK_Q_DELIM]6[TOK_Q_DELIM]HowToStep": {
            "query": "position: The position of an item in a series or sequence of items.",
            "response": "TOKPOS"
        },
        "datePublished[TOK_Q_DELIM]2020-05-16[TOK_Q_DELIM]HowTo": {
            "query": "datePublished: Date of first broadcast/publication.",
            "response": "TOKPOS"
        },
        "url[TOK_Q_DELIM]https://poradzimy24.pl/liczi-doniczce-poradzimy-uprawiac-liczi-domu/[TOK_Q_DELIM]HowTo": {
            "query": "url: URL of the item.",
            "response": "TOKPOS"
        },
        "url[TOK_Q_DELIM]https://poradzimy24.pl/liczi-doniczce-poradzimy-uprawiac-liczi-domu/#mv_create_19_6[TOK_Q_DELIM]HowToStep": {
            "query": "url: URL of the item.",
            "response": "TOKPOS"
        },
        "name[TOK_Q_DELIM]Doniczkę stawiamy w ciepłym i słonecznym miejscu.[TOK_Q_DELIM]HowToStep": {
            "query": "name: The name of the item.",
            "response": "TOKNEG"
        },
        "url[TOK_Q_DELIM]https://poradzimy24.pl/liczi-doniczce-poradzimy-uprawiac-liczi-domu/#mv_create_19_3[TOK_Q_DELIM]HowToStep": {
            "query": "url: URL of the item.",
            "response": "TOKPOS"
        },
        "text[TOK_Q_DELIM]Świeże nasiona liczi moczymy w ciepłej wodzie przez około 1–2 doby.[TOK_Q_DELIM]HowToStep": {
            "query": "text: The textual content of this CreativeWork.",
            "response": "TOKPOS"
        },
        "position[TOK_Q_DELIM]3[TOK_Q_DELIM]HowToStep": {
            "query": "position: The position of an item in a series or sequence of items.",
            "response": "TOKPOS"
        },
        "position[TOK_Q_DELIM]5[TOK_Q_DELIM]HowToStep": {
            "query": "position: The position of an item in a series or sequence of items.",
            "response": "TOKNEG"
        },
        "name[TOK_Q_DELIM]Nasiona liczi wydobywamy ze świeżego owocu zakupionego np....[TOK_Q_DELIM]HowToStep": {
            "query": "name: The name of the item.",
            "response": "TOKPOS"
        },
        "score": 0.8571428571428571
    }
}