{
    "chunk_0": {
        "status": "success",
        "datePublished[TOK_Q_DELIM]2022[TOK_Q_DELIM]Book": {
            "query": "prop=datePublished, value=2022, parent_class=Book",
            "response": "TOKPOS"
        },
        "price[TOK_Q_DELIM]32.00[TOK_Q_DELIM]Offer": {
            "query": "prop=price, value=32.00, parent_class=Offer",
            "response": "TOKPOS"
        },
        "availability[TOK_Q_DELIM]http://schema.org/InStock[TOK_Q_DELIM]Offer": {
            "query": "prop=availability, value=http://schema.org/InStock, parent_class=Offer",
            "response": "TOKNEG"
        },
        "name[TOK_Q_DELIM]COS DE MESTRES. AUDICIÓ I LLENGUATGE (T1)[TOK_Q_DELIM]Book": {
            "query": "prop=name, value=COS DE MESTRES. AUDICIÓ I LLENGUATGE (T1), parent_class=Book",
            "response": "TOKPOS"
        },
        "image[TOK_Q_DELIM]file:///es/imagenes/9788414/978841425527.JPG[TOK_Q_DELIM]Book": {
            "query": "prop=image, value=file:///es/imagenes/9788414/978841425527.JPG, parent_class=Book",
            "response": "TOKPOS"
        },
        "about[TOK_Q_DELIM]Tema 1. L'evolució de l'educació especial a Europa en les últimes dècades: de la institucionalització i del model clínic a la normalització de serveis i al model pedagògic.Tema 2. L'educació especial en el marc de la LOGSE. El seu desenvolupament normatiu. El concepte d'alumnes amb necessitats educatives especials.Tema 3. El procés d'identificació i de valoració de les necessitats educatives especials dels alumnes i la seva relació amb el currículum. Decisions d'escolarització.Tema 4. El centre ordinari i la resposta a les necessitats especials dels alumnes. El projecte educatiu i el projecte curricular en relació amb aquests alumnes. Les adaptacions curriculars.Tema 5. El centre específic d'educació especial. Característiques del projecte educatiu i del projecte curricular: referents bàsics i criteris per a la seva elaboració.Tema 6. Els recursos materials i personals per a l'atenció de l'alumnat amb necessitats específiques de suport educatiu. Recursos de l'escola. Recursos externs a l'escola. Collaboració entre serveis específics i serveis ordinaris.Tema 7. Conceptes bàsics sobre la comunicació i el llenguatge. Adquisició i desenvolupament de la comunicació i el llenguatge i la seva relació amb el pensament social i afectiu.Tema 8. Bases anatòmiques, fisiològiques i neurològiques del llenguatge. Processos de codificació i descodificació lingüística. Descripció i anàlisi dels components del llenguatge.Tema 9. Característiques del llenguatge dels alumnes d'educació infantil i primària. Alteracions del llenguatge més freqüents en aquestes etapes educatives. Actuacions preventives.Tema 10. Sistemes alternatius i augmentatius de comunicació. El procés d'avaluació i presa de dedicions relacionat amb els sistemes alternatius. El procés d'intervenció.Tema 11. Les necessitats educatives especials dels alumnes amb deficiència auditiva. Aspectes diferencials en el desenvolupament de la comunicació i el llenguatge.Tema 12. Identificació de les necessitats educatives especials dels alumnes amb deficiència auditiva. Sistemes de detecció del dèficit auditiu.Tema 13. La intervenció del mestre d'audició i llenguatge amb els alumnes amb deficiència auditiva. Criteris per a l'elaboració d'adaptacions curriculars. Ajudes tècniques per a la comunicació: tipus i criteris d'utilització. [TOK_Q_DELIM]Book": {
            "query": "prop=about, value=Tema 1. L'evolució de l'educació especial a Europa en les últimes dècades: de la institucionalització i del model clínic a la normalització de serveis i al model pedagògic.Tema 2. L'educació especial en el marc de la LOGSE. El seu desenvolupament normatiu. El concepte d'alumnes amb necessitats educatives especials.Tema 3. El procés d'identificació i de valoració de les necessitats educatives especials dels alumnes i la seva relació amb el currículum. Decisions d'escolarització.Tema 4. El centre ordinari i la resposta a les necessitats especials dels alumnes. El projecte educatiu i el projecte curricular en relació amb aquests alumnes. Les adaptacions curriculars.Tema 5. El centre específic d'educació especial. Característiques del projecte educatiu i del projecte curricular: referents bàsics i criteris per a la seva elaboració.Tema 6. Els recursos materials i personals per a l'atenció de l'alumnat amb necessitats específiques de suport educatiu. Recursos de l'escola. Recursos externs a l'escola. Collaboració entre serveis específics i serveis ordinaris.Tema 7. Conceptes bàsics sobre la comunicació i el llenguatge. Adquisició i desenvolupament de la comunicació i el llenguatge i la seva relació amb el pensament social i afectiu.Tema 8. Bases anatòmiques, fisiològiques i neurològiques del llenguatge. Processos de codificació i descodificació lingüística. Descripció i anàlisi dels components del llenguatge.Tema 9. Característiques del llenguatge dels alumnes d'educació infantil i primària. Alteracions del llenguatge més freqüents en aquestes etapes educatives. Actuacions preventives.Tema 10. Sistemes alternatius i augmentatius de comunicació. El procés d'avaluació i presa de dedicions relacionat amb els sistemes alternatius. El procés d'intervenció.Tema 11. Les necessitats educatives especials dels alumnes amb deficiència auditiva. Aspectes diferencials en el desenvolupament de la comunicació i el llenguatge.Tema 12. Identificació de les necessitats educatives especials dels alumnes amb deficiència auditiva. Sistemes de detecció del dèficit auditiu.Tema 13. La intervenció del mestre d'audició i llenguatge amb els alumnes amb deficiència auditiva. Criteris per a l'elaboració d'adaptacions curriculars. Ajudes tècniques per a la comunicació: tipus i criteris d'utilització. , parent_class=Book",
            "response": "TOKPOS"
        },
        "publisher[TOK_Q_DELIM]7 Editores (MAD)[TOK_Q_DELIM]Book": {
            "query": "prop=publisher, value=7 Editores (MAD), parent_class=Book",
            "response": "TOKPOS"
        },
        "priceCurrency[TOK_Q_DELIM]EUR[TOK_Q_DELIM]Offer": {
            "query": "prop=priceCurrency, value=EUR, parent_class=Offer",
            "response": "TOKPOS"
        },
        "numberOfPages[TOK_Q_DELIM]206[TOK_Q_DELIM]Book": {
            "query": "prop=numberOfPages, value=206, parent_class=Book",
            "response": "TOKPOS"
        },
        "url[TOK_Q_DELIM]https://llibreria.diba.cat/es/libro/cos-de-mestres-audicio-i-llenguatge-t1_66572[TOK_Q_DELIM]Offer": {
            "query": "prop=url, value=https://llibreria.diba.cat/es/libro/cos-de-mestres-audicio-i-llenguatge-t1_66572, parent_class=Offer",
            "response": "TOKPOS"
        },
        "isbn[TOK_Q_DELIM]978-84-142-5527-8[TOK_Q_DELIM]Book": {
            "query": "prop=isbn, value=978-84-142-5527-8, parent_class=Book",
            "response": "TOKPOS"
        },
        "description[TOK_Q_DELIM] L'editorial MAD i Xaloc Oposicions us ofereixen el temari d'Audició i Llenguatge per a l'accés al cos de mestres segons el programa oficial vigent.En aquest volum incloem els tretze primers temes, elaborats tenint en compte la Llei Orgànica 2/2006, de 3 de maig, d'Educació i el Decret 119/2015, del 23 de juny, d'ordenació dels ensenyaments de l'educació primària.Tots els temes han estat redactats amb profunditat i rigor per assegurar una preparació eficaç i completa i, tot atenent als criteris establerts, a més del desenvolupament dels continguts responent fidelment els epígrafs, inclouen índex, introducció, conclusió, glossari, esquema y bibliografia especialitzada. [TOK_Q_DELIM]Book": {
            "query": "prop=description, value= L'editorial MAD i Xaloc Oposicions us ofereixen el temari d'Audició i Llenguatge per a l'accés al cos de mestres segons el programa oficial vigent.En aquest volum incloem els tretze primers temes, elaborats tenint en compte la Llei Orgànica 2/2006, de 3 de maig, d'Educació i el Decret 119/2015, del 23 de juny, d'ordenació dels ensenyaments de l'educació primària.Tots els temes han estat redactats amb profunditat i rigor per assegurar una preparació eficaç i completa i, tot atenent als criteris establerts, a més del desenvolupament dels continguts responent fidelment els epígrafs, inclouen índex, introducció, conclusió, glossari, esquema y bibliografia especialitzada. , parent_class=Book",
            "response": "TOKPOS"
        },
        "score": 0.9166666666666666
    }
}