{
    "msgs": {
        "mpn[TOK_Q_DELIM]3462[TOK_Q_DELIM]WebSite": [
            "(mpn) is not a property of (WebSite)."
        ],
        "category[TOK_Q_DELIM]Injectable Steroids[TOK_Q_DELIM]WebSite": [
            "(category) is not a property of (WebSite)."
        ],
        "sku[TOK_Q_DELIM]3462[TOK_Q_DELIM]WebSite": [
            "(sku) is not a property of (WebSite)."
        ],
        "brand[TOK_Q_DELIM]Alpha-Pharma Healthcare[TOK_Q_DELIM]WebSite": [
            "(brand) is not a property of (WebSite)."
        ],
        "model[TOK_Q_DELIM]Nae00b71172574a1aabffbbf97f4b290e[TOK_Q_DELIM]WebSite": [
            "(model) is not a property of (WebSite)."
        ],
        "audience[TOK_Q_DELIM]N1f04dc158b35462b97a75762a69d57ff[TOK_Q_DELIM]CreativeWork-audience": [
            "Node [ <http://schema.org/audienceType> Literal(\"Bodybuilders, Fitness Trainers, Fitness Models\") ; <http://schema.org/geographicArea> Literal(\"AU\") ; owl:sameAs <self> ; rdf:type owl:Thing, rdfs:Resource ] does not conform to one or more shapes in [ sh:class schema1:PeopleAudience ] , [ sh:class schema1:Researcher ] , [ sh:class schema1:ParentAudience ] , [ sh:class schema1:MedicalAudience ] , [ sh:datatype xsd:string ] , [ sh:class schema1:BusinessAudience ] , [ sh:class schema1:Audience ] , [ sh:class schema1:Patient ] , [ sh:class schema1:EducationalAudience ]"
        ],
        "query-input[TOK_Q_DELIM]required name=search_term_string[TOK_Q_DELIM]SearchAction": [
            "(query-input) is not a property of (SearchAction)."
        ],
        "productID[TOK_Q_DELIM]412[TOK_Q_DELIM]Product-productID": [
            "Node Literal(\"412\", datatype=xsd:integer) does not conform to one or more shapes in [ sh:class schema1:URL ] , [ sh:datatype xsd:string ] , [ sh:class schema1:XPathType ] , [ sh:class schema1:Text ] , [ sh:class schema1:PronounceableText ] , [ sh:class schema1:CssSelectorType ]"
        ]
    },
    "score": 0.6800000127999994,
    "n_infos": 25,
    "valid": false
}