{
    "chunk_0": {
        "status": "success",
        "telephone[TOK_Q_DELIM]856-235-1515[TOK_Q_DELIM]AutoRepair": {
            "query": "telephone: The telephone number.",
            "response": "TOKPOS"
        },
        "openingHours[TOK_Q_DELIM]Mo-Fr 8:00-18:00[TOK_Q_DELIM]AutoRepair": {
            "query": "openingHours: The general opening hours for a business. Opening hours can be specified as a weekly time range, starting with days, then times per day. Multiple days can be listed with commas ',' separating each day. Day or time ranges are specified using a hyphen '-'.\\n\\n* Days are specified using the following two-letter combinations: ```Mo```, ```Tu```, ```We```, ```Th```, ```Fr```, ```Sa```, ```Su```.\\n* Times are specified using 24:00 format. For example, 3pm is specified as ```15:00```, 10am as ```10:00```. \\n* Here is an example: <code>&lt;time itemprop=\"openingHours\" datetime=&quot;Tu,Th 16:00-20:00&quot;&gt;Tuesdays and Thursdays 4-8pm&lt;/time&gt;</code>.\\n* If a business is open 7 days a week, then it can be specified as <code>&lt;time itemprop=&quot;openingHours&quot; datetime=&quot;Mo-Su&quot;&gt;Monday through Sunday, all day&lt;/time&gt;</code>.",
            "response": "TOKPOS"
        },
        "addressLocality[TOK_Q_DELIM]Maple Shade[TOK_Q_DELIM]PostalAddress": {
            "query": "addressLocality: The locality in which the street address is, and which is in the region. For example, Mountain View.",
            "response": "TOKPOS"
        },
        "additionalType[TOK_Q_DELIM]http://www.productontology.org/id/Wheel_alignment[TOK_Q_DELIM]AutoRepair": {
            "query": "additionalType: An additional type for the item, typically used for adding more specific types from external vocabularies in microdata syntax. This is a relationship between something and a class that the thing is in. Typically the value is a URI-identified RDF class, and in this case corresponds to the\n    use of rdf:type in RDF. Text values can be used sparingly, for cases where useful information can be added without their being an appropriate schema to reference. In the case of text values, the class label should follow the schema.org <a href=\"http://schema.org/docs/styleguide.html\">style guide</a>.",
            "response": "TOKPOS"
        },
        "additionalType[TOK_Q_DELIM]http://www.productontology.org/id/Automobile_repair_shop[TOK_Q_DELIM]AutoRepair": {
            "query": "additionalType: An additional type for the item, typically used for adding more specific types from external vocabularies in microdata syntax. This is a relationship between something and a class that the thing is in. Typically the value is a URI-identified RDF class, and in this case corresponds to the\n    use of rdf:type in RDF. Text values can be used sparingly, for cases where useful information can be added without their being an appropriate schema to reference. In the case of text values, the class label should follow the schema.org <a href=\"http://schema.org/docs/styleguide.html\">style guide</a>.",
            "response": "TOKPOS"
        },
        "postalCode[TOK_Q_DELIM]08052[TOK_Q_DELIM]PostalAddress": {
            "query": "postalCode: The postal code. For example, 94043.",
            "response": "TOKPOS"
        },
        "streetAddress[TOK_Q_DELIM]4 Collins Rd[TOK_Q_DELIM]PostalAddress": {
            "query": "streetAddress: The street address. For example, 1600 Amphitheatre Pkwy.",
            "response": "TOKPOS"
        },
        "addressRegion[TOK_Q_DELIM]NJ[TOK_Q_DELIM]PostalAddress": {
            "query": "addressRegion: The region in which the locality is, and which is in the country. For example, California or another appropriate first-level [Administrative division](https://en.wikipedia.org/wiki/List_of_administrative_divisions_by_country).",
            "response": "TOKPOS"
        },
        "logo[TOK_Q_DELIM]https://www.nazauto.com/logo.jpg[TOK_Q_DELIM]AutoRepair": {
            "query": "logo: An associated logo.",
            "response": "TOKPOS"
        },
        "name[TOK_Q_DELIM]Naz Auto Repair & Sales[TOK_Q_DELIM]AutoRepair": {
            "query": "name: The name of the item.",
            "response": "TOKPOS"
        },
        "additionalType[TOK_Q_DELIM]http://www.productontology.org/id/Service_(motor_vehicle)[TOK_Q_DELIM]AutoRepair": {
            "query": "additionalType: An additional type for the item, typically used for adding more specific types from external vocabularies in microdata syntax. This is a relationship between something and a class that the thing is in. Typically the value is a URI-identified RDF class, and in this case corresponds to the\n    use of rdf:type in RDF. Text values can be used sparingly, for cases where useful information can be added without their being an appropriate schema to reference. In the case of text values, the class label should follow the schema.org <a href=\"http://schema.org/docs/styleguide.html\">style guide</a>.",
            "response": "TOKPOS"
        },
        "priceRange[TOK_Q_DELIM]$$[TOK_Q_DELIM]AutoRepair": {
            "query": "priceRange: The price range of the business, for example ```$$$```.",
            "response": "TOKPOS"
        },
        "description[TOK_Q_DELIM]Naz Auto Repair & Sales is a Maple Shade Auto Mechanic 08052 also serving Moorestown, Mt. Laurel & Cherry Hill NJ. Inspection, Tires, Transmission, Oil Changes & more.[TOK_Q_DELIM]AutoRepair": {
            "query": "description: A description of the item.",
            "response": "TOKPOS"
        },
        "additionalType[TOK_Q_DELIM]http://www.productontology.org/id/Auto_mechanic[TOK_Q_DELIM]AutoRepair": {
            "query": "additionalType: An additional type for the item, typically used for adding more specific types from external vocabularies in microdata syntax. This is a relationship between something and a class that the thing is in. Typically the value is a URI-identified RDF class, and in this case corresponds to the\n    use of rdf:type in RDF. Text values can be used sparingly, for cases where useful information can be added without their being an appropriate schema to reference. In the case of text values, the class label should follow the schema.org <a href=\"http://schema.org/docs/styleguide.html\">style guide</a>.",
            "response": "TOKPOS"
        },
        "longitude[TOK_Q_DELIM]-74.969879[TOK_Q_DELIM]GeoCoordinates": {
            "query": "longitude: The longitude of a location. For example ```-122.08585``` ([WGS 84](https://en.wikipedia.org/wiki/World_Geodetic_System)).",
            "response": "TOKPOS"
        },
        "additionalType[TOK_Q_DELIM]http://www.productontology.org/id/Towing[TOK_Q_DELIM]AutoRepair": {
            "query": "additionalType: An additional type for the item, typically used for adding more specific types from external vocabularies in microdata syntax. This is a relationship between something and a class that the thing is in. Typically the value is a URI-identified RDF class, and in this case corresponds to the\n    use of rdf:type in RDF. Text values can be used sparingly, for cases where useful information can be added without their being an appropriate schema to reference. In the case of text values, the class label should follow the schema.org <a href=\"http://schema.org/docs/styleguide.html\">style guide</a>.",
            "response": "TOKPOS"
        },
        "additionalType[TOK_Q_DELIM]http://www.productontology.org/id/Brake[TOK_Q_DELIM]AutoRepair": {
            "query": "additionalType: An additional type for the item, typically used for adding more specific types from external vocabularies in microdata syntax. This is a relationship between something and a class that the thing is in. Typically the value is a URI-identified RDF class, and in this case corresponds to the\n    use of rdf:type in RDF. Text values can be used sparingly, for cases where useful information can be added without their being an appropriate schema to reference. In the case of text values, the class label should follow the schema.org <a href=\"http://schema.org/docs/styleguide.html\">style guide</a>.",
            "response": "TOKPOS"
        },
        "latitude[TOK_Q_DELIM]39.937978[TOK_Q_DELIM]GeoCoordinates": {
            "query": "latitude: The latitude of a location. For example ```37.42242``` ([WGS 84](https://en.wikipedia.org/wiki/World_Geodetic_System)).",
            "response": "TOKPOS"
        },
        "additionalType[TOK_Q_DELIM]http://www.productontology.org/id/Tire[TOK_Q_DELIM]AutoRepair": {
            "query": "additionalType: An additional type for the item, typically used for adding more specific types from external vocabularies in microdata syntax. This is a relationship between something and a class that the thing is in. Typically the value is a URI-identified RDF class, and in this case corresponds to the\n    use of rdf:type in RDF. Text values can be used sparingly, for cases where useful information can be added without their being an appropriate schema to reference. In the case of text values, the class label should follow the schema.org <a href=\"http://schema.org/docs/styleguide.html\">style guide</a>.",
            "response": "TOKPOS"
        },
        "score": 1.0
    }
}