{
    "chunk_0": {
        "status": "success",
        "url[TOK_Q_DELIM]https://pierreyveswehr.com/images/pierre-yves-wehr.jpg[TOK_Q_DELIM]ImageObject": {
            "query": "prop=url, value=https://pierreyveswehr.com/images/pierre-yves-wehr.jpg, parent_class=ImageObject",
            "response": "TOKNEG"
        },
        "gender[TOK_Q_DELIM]male[TOK_Q_DELIM]Person": {
            "query": "prop=gender, value=male, parent_class=Person",
            "response": "TOKNEG"
        },
        "worksFor[TOK_Q_DELIM]dross:air[TOK_Q_DELIM]Person": {
            "query": "prop=worksFor, value=dross:air, parent_class=Person",
            "response": "TOKPOS"
        },
        "owns[TOK_Q_DELIM]Class Rating Multi Engine CR MEP[TOK_Q_DELIM]Person": {
            "query": "prop=owns, value=Class Rating Multi Engine CR MEP, parent_class=Person",
            "response": "TOKPOS"
        },
        "owns[TOK_Q_DELIM]ICAO Level 5 Proficiency in English language[TOK_Q_DELIM]Person": {
            "query": "prop=owns, value=ICAO Level 5 Proficiency in English language, parent_class=Person",
            "response": "TOKNEG"
        },
        "knows[TOK_Q_DELIM]operational procedures[TOK_Q_DELIM]Person": {
            "query": "prop=knows, value=operational procedures, parent_class=Person",
            "response": "TOKNEG"
        },
        "memberOf[TOK_Q_DELIM]DAeC[TOK_Q_DELIM]Person": {
            "query": "prop=memberOf, value=DAeC, parent_class=Person",
            "response": "TOKNEG"
        },
        "knows[TOK_Q_DELIM]office365[TOK_Q_DELIM]Person": {
            "query": "prop=knows, value=office365, parent_class=Person",
            "response": "TOKNEG"
        },
        "knows[TOK_Q_DELIM]fluent Englsih[TOK_Q_DELIM]Person": {
            "query": "prop=knows, value=fluent Englsih, parent_class=Person",
            "response": "TOKNEG"
        },
        "knows[TOK_Q_DELIM]principles of flight[TOK_Q_DELIM]Person": {
            "query": "prop=knows, value=principles of flight, parent_class=Person",
            "response": "TOKNEG"
        },
        "jobTitle[TOK_Q_DELIM]Commercial Pilot with Frozen ATPL & B.Sc. Aviation Management[TOK_Q_DELIM]Person": {
            "query": "prop=jobTitle, value=Commercial Pilot with Frozen ATPL & B.Sc. Aviation Management, parent_class=Person",
            "response": "TOKPOS"
        },
        "alternateName[TOK_Q_DELIM]Pierre Yves Wehr: Commercial Pilot with Frozen ATPL & B.Sc. Aviation Management[TOK_Q_DELIM]Person": {
            "query": "prop=alternateName, value=Pierre Yves Wehr: Commercial Pilot with Frozen ATPL & B.Sc. Aviation Management, parent_class=Person",
            "response": "TOKPOS"
        },
        "additionalType[TOK_Q_DELIM]https://www.linkedin.com/in/pierreyveswehr[TOK_Q_DELIM]Person": {
            "query": "prop=additionalType, value=https://www.linkedin.com/in/pierreyveswehr, parent_class=Person",
            "response": "TOKPOS"
        },
        "knows[TOK_Q_DELIM]airframes & systems[TOK_Q_DELIM]Person": {
            "query": "prop=knows, value=airframes & systems, parent_class=Person",
            "response": "TOKNEG"
        },
        "url[TOK_Q_DELIM]https://pierreyveswehr.com/images/pierre-yves-wehr.webp[TOK_Q_DELIM]ImageObject": {
            "query": "prop=url, value=https://pierreyveswehr.com/images/pierre-yves-wehr.webp, parent_class=ImageObject",
            "response": "TOKNEG"
        },
        "affiliation[TOK_Q_DELIM]LFV Mainz[TOK_Q_DELIM]Person": {
            "query": "prop=affiliation, value=LFV Mainz, parent_class=Person",
            "response": "TOKNEG"
        },
        "owns[TOK_Q_DELIM]Instrument Rating IR SEP[TOK_Q_DELIM]Person": {
            "query": "prop=owns, value=Instrument Rating IR SEP, parent_class=Person",
            "response": "TOKPOS"
        },
        "url[TOK_Q_DELIM]https://pierreyveswehr.com/[TOK_Q_DELIM]Person": {
            "query": "prop=url, value=https://pierreyveswehr.com/, parent_class=Person",
            "response": "TOKNEG"
        },
        "worksFor[TOK_Q_DELIM]AFS Federhenn GmbH[TOK_Q_DELIM]Person": {
            "query": "prop=worksFor, value=AFS Federhenn GmbH, parent_class=Person",
            "response": "TOKPOS"
        },
        "name[TOK_Q_DELIM]Pierre Yves Wehr[TOK_Q_DELIM]Person": {
            "query": "prop=name, value=Pierre Yves Wehr, parent_class=Person",
            "response": "TOKPOS"
        },
        "knows[TOK_Q_DELIM]radio navigation[TOK_Q_DELIM]Person": {
            "query": "prop=knows, value=radio navigation, parent_class=Person",
            "response": "TOKNEG"
        },
        "memberOf[TOK_Q_DELIM]LFV Mainz[TOK_Q_DELIM]Person": {
            "query": "prop=memberOf, value=LFV Mainz, parent_class=Person",
            "response": "TOKNEG"
        },
        "encodingFormat[TOK_Q_DELIM]image/jpeg[TOK_Q_DELIM]ImageObject": {
            "query": "prop=encodingFormat, value=image/jpeg, parent_class=ImageObject",
            "response": "TOKPOS"
        },
        "additionalType[TOK_Q_DELIM]https://dross.net/air/[TOK_Q_DELIM]Person": {
            "query": "prop=additionalType, value=https://dross.net/air/, parent_class=Person",
            "response": "TOKNEG"
        },
        "affiliation[TOK_Q_DELIM]DAeC[TOK_Q_DELIM]Person": {
            "query": "prop=affiliation, value=DAeC, parent_class=Person",
            "response": "TOKNEG"
        },
        "knows[TOK_Q_DELIM]human performance[TOK_Q_DELIM]Person": {
            "query": "prop=knows, value=human performance, parent_class=Person",
            "response": "TOKPOS"
        },
        "knows[TOK_Q_DELIM]performance[TOK_Q_DELIM]Person": {
            "query": "prop=knows, value=performance, parent_class=Person",
            "response": "TOKPOS"
        },
        "owns[TOK_Q_DELIM]Commercial Pilot License CPL[TOK_Q_DELIM]Person": {
            "query": "prop=owns, value=Commercial Pilot License CPL, parent_class=Person",
            "response": "TOKPOS"
        },
        "knows[TOK_Q_DELIM]airlaw[TOK_Q_DELIM]Person": {
            "query": "prop=knows, value=airlaw, parent_class=Person",
            "response": "TOKNEG"
        },
        "sameAs[TOK_Q_DELIM]https://www.linkedin.com/in/pierreyveswehr[TOK_Q_DELIM]Person": {
            "query": "prop=sameAs, value=https://www.linkedin.com/in/pierreyveswehr, parent_class=Person",
            "response": "TOKPOS"
        },
        "knows[TOK_Q_DELIM]mass & balance[TOK_Q_DELIM]Person": {
            "query": "prop=knows, value=mass & balance, parent_class=Person",
            "response": "TOKNEG"
        },
        "knows[TOK_Q_DELIM]flight planning[TOK_Q_DELIM]Person": {
            "query": "prop=knows, value=flight planning, parent_class=Person",
            "response": "TOKNEG"
        },
        "sameAs[TOK_Q_DELIM]https://www.facebook.com/drossair[TOK_Q_DELIM]Person": {
            "query": "prop=sameAs, value=https://www.facebook.com/drossair, parent_class=Person",
            "response": "TOKNEG"
        },
        "knows[TOK_Q_DELIM]instrumentation[TOK_Q_DELIM]Person": {
            "query": "prop=knows, value=instrumentation, parent_class=Person",
            "response": "TOKPOS"
        },
        "owns[TOK_Q_DELIM]Private Pilot License PPL(A)[TOK_Q_DELIM]Person": {
            "query": "prop=owns, value=Private Pilot License PPL(A), parent_class=Person",
            "response": "TOKPOS"
        },
        "additionalType[TOK_Q_DELIM]https://www.instagram.com/pilot_pierreyves[TOK_Q_DELIM]Person": {
            "query": "prop=additionalType, value=https://www.instagram.com/pilot_pierreyves, parent_class=Person",
            "response": "TOKNEG"
        },
        "knows[TOK_Q_DELIM]logistics[TOK_Q_DELIM]Person": {
            "query": "prop=knows, value=logistics, parent_class=Person",
            "response": "TOKNEG"
        },
        "owns[TOK_Q_DELIM]Radiotelephony license AZF & BZF[TOK_Q_DELIM]Person": {
            "query": "prop=owns, value=Radiotelephony license AZF & BZF, parent_class=Person",
            "response": "TOKPOS"
        },
        "owns[TOK_Q_DELIM]Instrument Rating IR MEP[TOK_Q_DELIM]Person": {
            "query": "prop=owns, value=Instrument Rating IR MEP, parent_class=Person",
            "response": "TOKPOS"
        },
        "owns[TOK_Q_DELIM]EASA Flight Crew Medical Certificate Class 1[TOK_Q_DELIM]Person": {
            "query": "prop=owns, value=EASA Flight Crew Medical Certificate Class 1, parent_class=Person",
            "response": "TOKNEG"
        },
        "knows[TOK_Q_DELIM]quality management[TOK_Q_DELIM]Person": {
            "query": "prop=knows, value=quality management, parent_class=Person",
            "response": "TOKNEG"
        },
        "knows[TOK_Q_DELIM]sales[TOK_Q_DELIM]Person": {
            "query": "prop=knows, value=sales, parent_class=Person",
            "response": "TOKNEG"
        },
        "description[TOK_Q_DELIM]Pierre Yves Wehr: Commercial Pilot with Frozen ATPL & B.Sc. Aviation Management[TOK_Q_DELIM]Person": {
            "query": "prop=description, value=Pierre Yves Wehr: Commercial Pilot with Frozen ATPL & B.Sc. Aviation Management, parent_class=Person",
            "response": "TOKPOS"
        },
        "knows[TOK_Q_DELIM]meteorology[TOK_Q_DELIM]Person": {
            "query": "prop=knows, value=meteorology, parent_class=Person",
            "response": "TOKNEG"
        },
        "knows[TOK_Q_DELIM]general navigation[TOK_Q_DELIM]Person": {
            "query": "prop=knows, value=general navigation, parent_class=Person",
            "response": "TOKPOS"
        },
        "sameAs[TOK_Q_DELIM]https://www.instagram.com/pilot_pierreyves[TOK_Q_DELIM]Person": {
            "query": "prop=sameAs, value=https://www.instagram.com/pilot_pierreyves, parent_class=Person",
            "response": "TOKNEG"
        },
        "knows[TOK_Q_DELIM]process management[TOK_Q_DELIM]Person": {
            "query": "prop=knows, value=process management, parent_class=Person",
            "response": "TOKPOS"
        },
        "knows[TOK_Q_DELIM]communications[TOK_Q_DELIM]Person": {
            "query": "prop=knows, value=communications, parent_class=Person",
            "response": "TOKNEG"
        },
        "score": 0.42,
        "width[TOK_Q_DELIM]259[TOK_Q_DELIM]ImageObject": {
            "query": "prop=width, value=259, parent_class=ImageObject",
            "response": "TOKPOS"
        },
        "height[TOK_Q_DELIM]390[TOK_Q_DELIM]ImageObject": {
            "query": "prop=height, value=390, parent_class=ImageObject",
            "response": "TOKNEG"
        }
    }
}