{
    "chunk_0": {
        "status": "success",
        "name[TOK_Q_DELIM]Bobby Schultz[TOK_Q_DELIM]Person": {
            "query": "prop=name, value=Bobby Schultz, parent_class=Person",
            "response": "TOKNEG"
        },
        "telephone[TOK_Q_DELIM]+1-252-499-0102[TOK_Q_DELIM]ProfessionalService": {
            "query": "prop=telephone, value=+1-252-499-0102, parent_class=ProfessionalService",
            "response": "TOKPOS"
        },
        "image[TOK_Q_DELIM]https://www.channelmarkermedia.com/wp-content/uploads/2016/11/beaufortyachtbasin.jpg[TOK_Q_DELIM]ProfessionalService": {
            "query": "prop=image, value=https://www.channelmarkermedia.com/wp-content/uploads/2016/11/beaufortyachtbasin.jpg, parent_class=ProfessionalService",
            "response": "TOKPOS"
        },
        "longitude[TOK_Q_DELIM]-76.743182[TOK_Q_DELIM]GeoCoordinates": {
            "query": "prop=longitude, value=-76.743182, parent_class=GeoCoordinates",
            "response": "TOKNEG"
        },
        "description[TOK_Q_DELIM]Website Development, Design, Search Marketing, Digital Strategy, and Web Hosting for Morehead City, New Bern, Beaufort, Greenville, Eastern NC, and Beyond.[TOK_Q_DELIM]ProfessionalService": {
            "query": "prop=description, value=Website Development, Design, Search Marketing, Digital Strategy, and Web Hosting for Morehead City, New Bern, Beaufort, Greenville, Eastern NC, and Beyond., parent_class=ProfessionalService",
            "response": "TOKPOS"
        },
        "additionalType[TOK_Q_DELIM]http://www.productontology.org/id/Web_developer[TOK_Q_DELIM]ProfessionalService": {
            "query": "prop=additionalType, value=http://www.productontology.org/id/Web_developer, parent_class=ProfessionalService",
            "response": "TOKPOS"
        },
        "postalCode[TOK_Q_DELIM]28557[TOK_Q_DELIM]PostalAddress": {
            "query": "prop=postalCode, value=28557, parent_class=PostalAddress",
            "response": "TOKPOS"
        },
        "addressRegion[TOK_Q_DELIM]NC[TOK_Q_DELIM]PostalAddress": {
            "query": "prop=addressRegion, value=NC, parent_class=PostalAddress",
            "response": "TOKPOS"
        },
        "contactType[TOK_Q_DELIM]customer support[TOK_Q_DELIM]ContactPoint": {
            "query": "prop=contactType, value=customer support, parent_class=ContactPoint",
            "response": "TOKPOS"
        },
        "sameAs[TOK_Q_DELIM]https://plus.google.com/105438068474646780234[TOK_Q_DELIM]ProfessionalService": {
            "query": "prop=sameAs, value=https://plus.google.com/105438068474646780234, parent_class=ProfessionalService",
            "response": "TOKNEG"
        },
        "name[TOK_Q_DELIM]Channel Marker Media[TOK_Q_DELIM]ProfessionalService": {
            "query": "prop=name, value=Channel Marker Media, parent_class=ProfessionalService",
            "response": "TOKPOS"
        },
        "email[TOK_Q_DELIM]bobby@channelmarkermedia.com[TOK_Q_DELIM]Person": {
            "query": "prop=email, value=bobby@channelmarkermedia.com, parent_class=Person",
            "response": "TOKPOS"
        },
        "logo[TOK_Q_DELIM]https://www.channelmarkermedia.com/wp-content/uploads/2016/10/logo_text_200w.png[TOK_Q_DELIM]ProfessionalService": {
            "query": "prop=logo, value=https://www.channelmarkermedia.com/wp-content/uploads/2016/10/logo_text_200w.png, parent_class=ProfessionalService",
            "response": "TOKPOS"
        },
        "latitude[TOK_Q_DELIM]34.724867[TOK_Q_DELIM]GeoCoordinates": {
            "query": "prop=latitude, value=34.724867, parent_class=GeoCoordinates",
            "response": "TOKPOS"
        },
        "url[TOK_Q_DELIM]https://www.channelmarkermedia.com/contact[TOK_Q_DELIM]ContactPoint": {
            "query": "prop=url, value=https://www.channelmarkermedia.com/contact, parent_class=ContactPoint",
            "response": "TOKPOS"
        },
        "url[TOK_Q_DELIM]https://www.channelmarkermedia.com[TOK_Q_DELIM]ProfessionalService": {
            "query": "prop=url, value=https://www.channelmarkermedia.com, parent_class=ProfessionalService",
            "response": "TOKPOS"
        },
        "email[TOK_Q_DELIM]support@channelmarkermedia.com[TOK_Q_DELIM]ContactPoint": {
            "query": "prop=email, value=support@channelmarkermedia.com, parent_class=ContactPoint",
            "response": "TOKNEG"
        },
        "priceRange[TOK_Q_DELIM]$$$[TOK_Q_DELIM]ProfessionalService": {
            "query": "prop=priceRange, value=$$$, parent_class=ProfessionalService",
            "response": "TOKPOS"
        },
        "telephone[TOK_Q_DELIM]+1-252-499-0102[TOK_Q_DELIM]ContactPoint": {
            "query": "prop=telephone, value=+1-252-499-0102, parent_class=ContactPoint",
            "response": "TOKPOS"
        },
        "foundingDate[TOK_Q_DELIM]2014[TOK_Q_DELIM]ProfessionalService": {
            "query": "prop=foundingDate, value=2014, parent_class=ProfessionalService",
            "response": "TOKNEG"
        },
        "addressLocality[TOK_Q_DELIM]Morehead City[TOK_Q_DELIM]PostalAddress": {
            "query": "prop=addressLocality, value=Morehead City, parent_class=PostalAddress",
            "response": "TOKPOS"
        },
        "score": 0.7619047619047619
    }
}