{
    "chunk_0": {
        "status": "success",
        "sameAs[TOK_Q_DELIM]https://www.gapo.vn/shophoanhy[TOK_Q_DELIM]Store": {
            "query": "sameAs: URL of a reference Web page that unambiguously indicates the item's identity. E.g. the URL of the item's Wikipedia page, Wikidata entry, or official website.",
            "response": "TOKPOS"
        },
        "openingHours[TOK_Q_DELIM]Mo-Fr 08:00-21:00[TOK_Q_DELIM]Store": {
            "query": "openingHours: The general opening hours for a business. Opening hours can be specified as a weekly time range, starting with days, then times per day. Multiple days can be listed with commas ',' separating each day. Day or time ranges are specified using a hyphen '-'.\\n\\n* Days are specified using the following two-letter combinations: ```Mo```, ```Tu```, ```We```, ```Th```, ```Fr```, ```Sa```, ```Su```.\\n* Times are specified using 24:00 format. For example, 3pm is specified as ```15:00```, 10am as ```10:00```. \\n* Here is an example: <code>&lt;time itemprop=\"openingHours\" datetime=&quot;Tu,Th 16:00-20:00&quot;&gt;Tuesdays and Thursdays 4-8pm&lt;/time&gt;</code>.\\n* If a business is open 7 days a week, then it can be specified as <code>&lt;time itemprop=&quot;openingHours&quot; datetime=&quot;Mo-Su&quot;&gt;Monday through Sunday, all day&lt;/time&gt;</code>.",
            "response": "TOKPOS"
        },
        "sameAs[TOK_Q_DELIM]https://trello.com/shophoanhy[TOK_Q_DELIM]Store": {
            "query": "sameAs: URL of a reference Web page that unambiguously indicates the item's identity. E.g. the URL of the item's Wikipedia page, Wikidata entry, or official website.",
            "response": "TOKPOS"
        },
        "sameAs[TOK_Q_DELIM]https://about.me/shophoanhy[TOK_Q_DELIM]Store": {
            "query": "sameAs: URL of a reference Web page that unambiguously indicates the item's identity. E.g. the URL of the item's Wikipedia page, Wikidata entry, or official website.",
            "response": "TOKPOS"
        },
        "hasMap[TOK_Q_DELIM]https://www.google.com/maps/place/Shop+Hoan+H%E1%BB%B7+-+C%E1%BB%ADa+h%C3%A0ng+Ph%E1%BA%ADt+Gi%C3%A1o+-+%E1%BA%A4n+Ph%E1%BA%A9m+Ph%E1%BA%ADt+Gi%C3%A1o/@10.8366211,106.6182702,15z/data=!4m5!3m4!1s0x0:0xb5ef03c24052b3f!8m2!3d10.8367124!4d106.6181925[TOK_Q_DELIM]Store": {
            "query": "hasMap: A URL to a map of the place.",
            "response": "TOKPOS"
        },
        "url[TOK_Q_DELIM]https://www.wikidata.org/wiki/Q1854[TOK_Q_DELIM]City": {
            "query": "url: URL of the item.",
            "response": "TOKPOS"
        },
        "description[TOK_Q_DELIM]Shop Hoan Hỷ là cửa hàng, siêu thị chuyên cung cấp các loại văn hóa phẩm, vật phẩm, ấn phẩm Phật Giáo, vật phẩm Phong thủy, đồ thờ cúng cao cấp và chất lượng cao hàng đầu ở TPHCM[TOK_Q_DELIM]Store": {
            "query": "description: A description of the item.",
            "response": "TOKPOS"
        },
        "streetAddress[TOK_Q_DELIM]87/2 Trường Chinh, Khu phố 1, phường Tân Thới Nhất, Quận 12, TPHCM[TOK_Q_DELIM]PostalAddress": {
            "query": "streetAddress: The street address. For example, 1600 Amphitheatre Pkwy.",
            "response": "TOKPOS"
        },
        "sameAs[TOK_Q_DELIM]https://gitlab.com/shophoanhy[TOK_Q_DELIM]Store": {
            "query": "sameAs: URL of a reference Web page that unambiguously indicates the item's identity. E.g. the URL of the item's Wikipedia page, Wikidata entry, or official website.",
            "response": "TOKPOS"
        },
        "name[TOK_Q_DELIM]Shop Hoan Hỷ - Cửa hàng Phật Giáo[TOK_Q_DELIM]Store": {
            "query": "name: The name of the item.",
            "response": "TOKPOS"
        },
        "score": 1.0
    }
}