{
    "chunk_0": {
        "status": "success",
        "telephone[TOK_Q_DELIM]664 906 9481[TOK_Q_DELIM]HealthAndBeautyBusiness": {
            "query": "prop=telephone, value=664 906 9481, parent_class=HealthAndBeautyBusiness",
            "response": "TOKNEG"
        },
        "dayOfWeek[TOK_Q_DELIM]Thursday[TOK_Q_DELIM]OpeningHoursSpecification": {
            "query": "prop=dayOfWeek, value=Thursday, parent_class=OpeningHoursSpecification",
            "response": "TOKPOS"
        },
        "priceRange[TOK_Q_DELIM]$$[TOK_Q_DELIM]HealthAndBeautyBusiness": {
            "query": "prop=priceRange, value=$$, parent_class=HealthAndBeautyBusiness",
            "response": "TOKPOS"
        },
        "additionalType[TOK_Q_DELIM]http://www.productontology.org/id/Massage[TOK_Q_DELIM]HealthAndBeautyBusiness": {
            "query": "prop=additionalType, value=http://www.productontology.org/id/Massage, parent_class=HealthAndBeautyBusiness",
            "response": "TOKPOS"
        },
        "image[TOK_Q_DELIM]http://masajeybienestar.mx/wp-content/uploads/2019/07/masajeybienestar.jpg[TOK_Q_DELIM]HealthAndBeautyBusiness": {
            "query": "prop=image, value=http://masajeybienestar.mx/wp-content/uploads/2019/07/masajeybienestar.jpg, parent_class=HealthAndBeautyBusiness",
            "response": "TOKNEG"
        },
        "name[TOK_Q_DELIM]Masaje y Bienestar Spa Tijuana[TOK_Q_DELIM]HealthAndBeautyBusiness": {
            "query": "prop=name, value=Masaje y Bienestar Spa Tijuana, parent_class=HealthAndBeautyBusiness",
            "response": "TOKPOS"
        },
        "latitude[TOK_Q_DELIM]32.519097[TOK_Q_DELIM]GeoCoordinates": {
            "query": "prop=latitude, value=32.519097, parent_class=GeoCoordinates",
            "response": "TOKPOS"
        },
        "logo[TOK_Q_DELIM]https://www.masajeybienestar.mx/wp-content/uploads/2019/02/masaje-y-bienestar-logo-chico.png[TOK_Q_DELIM]HealthAndBeautyBusiness": {
            "query": "prop=logo, value=https://www.masajeybienestar.mx/wp-content/uploads/2019/02/masaje-y-bienestar-logo-chico.png, parent_class=HealthAndBeautyBusiness",
            "response": "TOKPOS"
        },
        "dayOfWeek[TOK_Q_DELIM]Sunday[TOK_Q_DELIM]OpeningHoursSpecification": {
            "query": "prop=dayOfWeek, value=Sunday, parent_class=OpeningHoursSpecification",
            "response": "TOKPOS"
        },
        "dayOfWeek[TOK_Q_DELIM]Monday[TOK_Q_DELIM]OpeningHoursSpecification": {
            "query": "prop=dayOfWeek, value=Monday, parent_class=OpeningHoursSpecification",
            "response": "TOKPOS"
        },
        "paymentAccepted[TOK_Q_DELIM]Cash, Credit Card[TOK_Q_DELIM]HealthAndBeautyBusiness": {
            "query": "prop=paymentAccepted, value=Cash, Credit Card, parent_class=HealthAndBeautyBusiness",
            "response": "TOKNEG"
        },
        "ratingValue[TOK_Q_DELIM]5[TOK_Q_DELIM]AggregateRating": {
            "query": "prop=ratingValue, value=5, parent_class=AggregateRating",
            "response": "TOKPOS"
        },
        "postalCode[TOK_Q_DELIM]22010[TOK_Q_DELIM]PostalAddress": {
            "query": "prop=postalCode, value=22010, parent_class=PostalAddress",
            "response": "TOKNEG"
        },
        "reviewCount[TOK_Q_DELIM]35[TOK_Q_DELIM]AggregateRating": {
            "query": "prop=reviewCount, value=35, parent_class=AggregateRating",
            "response": "TOKNEG"
        },
        "sameAs[TOK_Q_DELIM]https://www.facebook.com/MasajeyBienestarmx-375885189871822/[TOK_Q_DELIM]HealthAndBeautyBusiness": {
            "query": "prop=sameAs, value=https://www.facebook.com/MasajeyBienestarmx-375885189871822/, parent_class=HealthAndBeautyBusiness",
            "response": "TOKNEG"
        },
        "addressCountry[TOK_Q_DELIM]MX[TOK_Q_DELIM]PostalAddress": {
            "query": "prop=addressCountry, value=MX, parent_class=PostalAddress",
            "response": "TOKNEG"
        },
        "dayOfWeek[TOK_Q_DELIM]Saturday[TOK_Q_DELIM]OpeningHoursSpecification": {
            "query": "prop=dayOfWeek, value=Saturday, parent_class=OpeningHoursSpecification",
            "response": "TOKPOS"
        },
        "streetAddress[TOK_Q_DELIM] Blvrd Gral Rodolfo Sánchez Taboada 4499-19, Zona Urbana Rio Tijuana[TOK_Q_DELIM]PostalAddress": {
            "query": "prop=streetAddress, value= Blvrd Gral Rodolfo Sánchez Taboada 4499-19, Zona Urbana Rio Tijuana, parent_class=PostalAddress",
            "response": "TOKNEG"
        },
        "currenciesAccepted[TOK_Q_DELIM]USD, MXN[TOK_Q_DELIM]HealthAndBeautyBusiness": {
            "query": "prop=currenciesAccepted, value=USD, MXN, parent_class=HealthAndBeautyBusiness",
            "response": "TOKNEG"
        },
        "sameAs[TOK_Q_DELIM]https://www.instagram.com/masajeybienestarspa/[TOK_Q_DELIM]HealthAndBeautyBusiness": {
            "query": "prop=sameAs, value=https://www.instagram.com/masajeybienestarspa/, parent_class=HealthAndBeautyBusiness",
            "response": "TOKNEG"
        },
        "url[TOK_Q_DELIM]https://masajeybienestar.mx/[TOK_Q_DELIM]HealthAndBeautyBusiness": {
            "query": "prop=url, value=https://masajeybienestar.mx/, parent_class=HealthAndBeautyBusiness",
            "response": "TOKPOS"
        },
        "opens[TOK_Q_DELIM]10:00[TOK_Q_DELIM]OpeningHoursSpecification": {
            "query": "prop=opens, value=10:00, parent_class=OpeningHoursSpecification",
            "response": "TOKPOS"
        },
        "dayOfWeek[TOK_Q_DELIM]Friday[TOK_Q_DELIM]OpeningHoursSpecification": {
            "query": "prop=dayOfWeek, value=Friday, parent_class=OpeningHoursSpecification",
            "response": "TOKPOS"
        },
        "hasMap[TOK_Q_DELIM]https://goo.gl/maps/txE7t19c7ZwAt17N8[TOK_Q_DELIM]HealthAndBeautyBusiness": {
            "query": "prop=hasMap, value=https://goo.gl/maps/txE7t19c7ZwAt17N8, parent_class=HealthAndBeautyBusiness",
            "response": "TOKNEG"
        },
        "addressLocality[TOK_Q_DELIM]Tijuana[TOK_Q_DELIM]PostalAddress": {
            "query": "prop=addressLocality, value=Tijuana, parent_class=PostalAddress",
            "response": "TOKNEG"
        },
        "longitude[TOK_Q_DELIM]-117.013397[TOK_Q_DELIM]GeoCoordinates": {
            "query": "prop=longitude, value=-117.013397, parent_class=GeoCoordinates",
            "response": "TOKNEG"
        },
        "dayOfWeek[TOK_Q_DELIM]Tuesday[TOK_Q_DELIM]OpeningHoursSpecification": {
            "query": "prop=dayOfWeek, value=Tuesday, parent_class=OpeningHoursSpecification",
            "response": "TOKPOS"
        },
        "dayOfWeek[TOK_Q_DELIM]Wednesday[TOK_Q_DELIM]OpeningHoursSpecification": {
            "query": "prop=dayOfWeek, value=Wednesday, parent_class=OpeningHoursSpecification",
            "response": "TOKPOS"
        },
        "closes[TOK_Q_DELIM]22:00[TOK_Q_DELIM]OpeningHoursSpecification": {
            "query": "prop=closes, value=22:00, parent_class=OpeningHoursSpecification",
            "response": "TOKPOS"
        },
        "addressRegion[TOK_Q_DELIM]B.C.[TOK_Q_DELIM]PostalAddress": {
            "query": "prop=addressRegion, value=B.C., parent_class=PostalAddress",
            "response": "TOKNEG"
        },
        "score": 0.5333333333333333
    }
}