{
    "chunk_0": {
        "status": "success",
        "telephone[TOK_Q_DELIM](254) 449-7090[TOK_Q_DELIM]LocalBusiness": {
            "query": "prop=telephone, value=(254) 449-7090, parent_class=LocalBusiness",
            "response": "TOKNEG"
        },
        "author[TOK_Q_DELIM]Wallie Monroe[TOK_Q_DELIM]Review": {
            "query": "prop=author, value=Wallie Monroe, parent_class=Review",
            "response": "TOKNEG"
        },
        "description[TOK_Q_DELIM]Mold Removal, inspection, and Remediation.[TOK_Q_DELIM]GeoCoordinates": {
            "query": "prop=description, value=Mold Removal, inspection, and Remediation., parent_class=GeoCoordinates",
            "response": "TOKNEG"
        },
        "author[TOK_Q_DELIM]Abe Jackson[TOK_Q_DELIM]Review": {
            "query": "prop=author, value=Abe Jackson, parent_class=Review",
            "response": "TOKNEG"
        },
        "additionalType[TOK_Q_DELIM]https://en.wikipedia.org/wiki/Indoor_mold[TOK_Q_DELIM]LocalBusiness": {
            "query": "prop=additionalType, value=https://en.wikipedia.org/wiki/Indoor_mold, parent_class=LocalBusiness",
            "response": "TOKNEG"
        },
        "description[TOK_Q_DELIM]if you are looking for an honest answer to your questions n concerns regarding mold issues,I would recommend this company. Chy was very accommodating n fair in his billing. He thoroughly checked for mold not only once but twice. He saw that i was nervous about the situation n did not take advantage of that. Excellent company[TOK_Q_DELIM]Review": {
            "query": "prop=description, value=if you are looking for an honest answer to your questions n concerns regarding mold issues,I would recommend this company. Chy was very accommodating n fair in his billing. He thoroughly checked for mold not only once but twice. He saw that i was nervous about the situation n did not take advantage of that. Excellent company, parent_class=Review",
            "response": "TOKPOS"
        },
        "priceRange[TOK_Q_DELIM]$300[TOK_Q_DELIM]LocalBusiness": {
            "query": "prop=priceRange, value=$300, parent_class=LocalBusiness",
            "response": "TOKNEG"
        },
        "worstRating[TOK_Q_DELIM]1[TOK_Q_DELIM]Rating": {
            "query": "prop=worstRating, value=1, parent_class=Rating",
            "response": "TOKNEG"
        },
        "description[TOK_Q_DELIM]Catstrong people are quite intuitive and well versed in thinking on their feet. Communicating all of what they derived was also crystal clear. I have recommended them to numerous friends all with the same result.[TOK_Q_DELIM]Review": {
            "query": "prop=description, value=Catstrong people are quite intuitive and well versed in thinking on their feet. Communicating all of what they derived was also crystal clear. I have recommended them to numerous friends all with the same result., parent_class=Review",
            "response": "TOKPOS"
        },
        "author[TOK_Q_DELIM]Lucy Drastker[TOK_Q_DELIM]Review": {
            "query": "prop=author, value=Lucy Drastker, parent_class=Review",
            "response": "TOKNEG"
        },
        "description[TOK_Q_DELIM]The ashes in my apartment was unbelievable. I was reluctant to resolve the issues because I was unclear of fees and if my insurance company would cover the damage. Luckily the first company I called was Catstrong. The firm worked with my insurance company to cover the cost of air duct cleaning. Not only did Catstrong resolve my dust concern, but helped to eliminate any future health risks. Thanks Catstrong!!\r\n[TOK_Q_DELIM]Review": {
            "query": "prop=description, value=The ashes in my apartment was unbelievable. I was reluctant to resolve the issues because I was unclear of fees and if my insurance company would cover the damage. Luckily the first company I called was Catstrong. The firm worked with my insurance company to cover the cost of air duct cleaning. Not only did Catstrong resolve my dust concern, but helped to eliminate any future health risks. Thanks Catstrong!!\r\n, parent_class=Review",
            "response": "TOKPOS"
        },
        "hasMap[TOK_Q_DELIM]https://www.google.com/maps?cid=16357022548512548756[TOK_Q_DELIM]LocalBusiness": {
            "query": "prop=hasMap, value=https://www.google.com/maps?cid=16357022548512548756, parent_class=LocalBusiness",
            "response": "TOKNEG"
        },
        "address[TOK_Q_DELIM]1610 South 31ST Office 102 room 315 Temple, TX 76504[TOK_Q_DELIM]GeoCoordinates": {
            "query": "prop=address, value=1610 South 31ST Office 102 room 315 Temple, TX 76504, parent_class=GeoCoordinates",
            "response": "TOKNEG"
        },
        "ratingValue[TOK_Q_DELIM]5.00[TOK_Q_DELIM]Rating": {
            "query": "prop=ratingValue, value=5.00, parent_class=Rating",
            "response": "TOKNEG"
        },
        "datePublished[TOK_Q_DELIM]2018-05-23 00:00:00[TOK_Q_DELIM]Review": {
            "query": "prop=datePublished, value=2018-05-23 00:00:00, parent_class=Review",
            "response": "TOKNEG"
        },
        "name[TOK_Q_DELIM]Catstrong Mold Temple[TOK_Q_DELIM]LocalBusiness": {
            "query": "prop=name, value=Catstrong Mold Temple, parent_class=LocalBusiness",
            "response": "TOKPOS"
        },
        "additionalType[TOK_Q_DELIM]https://en.wikipedia.org/wiki/Water_damage[TOK_Q_DELIM]LocalBusiness": {
            "query": "prop=additionalType, value=https://en.wikipedia.org/wiki/Water_damage, parent_class=LocalBusiness",
            "response": "TOKNEG"
        },
        "datePublished[TOK_Q_DELIM]2018-03-26 00:00:00[TOK_Q_DELIM]Review": {
            "query": "prop=datePublished, value=2018-03-26 00:00:00, parent_class=Review",
            "response": "TOKNEG"
        },
        "datePublished[TOK_Q_DELIM]2017-12-13 00:00:00[TOK_Q_DELIM]Review": {
            "query": "prop=datePublished, value=2017-12-13 00:00:00, parent_class=Review",
            "response": "TOKNEG"
        },
        "description[TOK_Q_DELIM]Catstrong was very professional, and David was great to work with. We needed mold removed immediately from a storage closet, and Apex responded quickly to our call and finished the work in less than a week. I can't recommend David and Apex Mold Specialists enough![TOK_Q_DELIM]Review": {
            "query": "prop=description, value=Catstrong was very professional, and David was great to work with. We needed mold removed immediately from a storage closet, and Apex responded quickly to our call and finished the work in less than a week. I can't recommend David and Apex Mold Specialists enough!, parent_class=Review",
            "response": "TOKPOS"
        },
        "legalName[TOK_Q_DELIM]Catstrong Mold Temple[TOK_Q_DELIM]LocalBusiness": {
            "query": "prop=legalName, value=Catstrong Mold Temple, parent_class=LocalBusiness",
            "response": "TOKNEG"
        },
        "image[TOK_Q_DELIM]http://www.novyhradek.net/wp-content/uploads/2017/10/cropped-Lago-Vista-Texas-Water-Removal-and-Extraction.jpg[TOK_Q_DELIM]AggregateRating": {
            "query": "prop=image, value=http://www.novyhradek.net/wp-content/uploads/2017/10/cropped-Lago-Vista-Texas-Water-Removal-and-Extraction.jpg, parent_class=AggregateRating",
            "response": "TOKNEG"
        },
        "ratingValue[TOK_Q_DELIM]5[TOK_Q_DELIM]Rating": {
            "query": "prop=ratingValue, value=5, parent_class=Rating",
            "response": "TOKNEG"
        },
        "author[TOK_Q_DELIM]Nettie Tristen[TOK_Q_DELIM]Review": {
            "query": "prop=author, value=Nettie Tristen, parent_class=Review",
            "response": "TOKNEG"
        },
        "description[TOK_Q_DELIM]Service Rating[TOK_Q_DELIM]AggregateRating": {
            "query": "prop=description, value=Service Rating, parent_class=AggregateRating",
            "response": "TOKNEG"
        },
        "description[TOK_Q_DELIM]I bought a new fixer upper with my wife this summer and once we moved in we noticed that the house had a mold problem that needed to be fixed. I found Catstrong and they fixed my problem in no time. Great professional job. They finished the job really fast and had a great price![TOK_Q_DELIM]Review": {
            "query": "prop=description, value=I bought a new fixer upper with my wife this summer and once we moved in we noticed that the house had a mold problem that needed to be fixed. I found Catstrong and they fixed my problem in no time. Great professional job. They finished the job really fast and had a great price!, parent_class=Review",
            "response": "TOKPOS"
        },
        "author[TOK_Q_DELIM]Cameron Sheeran[TOK_Q_DELIM]Review": {
            "query": "prop=author, value=Cameron Sheeran, parent_class=Review",
            "response": "TOKNEG"
        },
        "image[TOK_Q_DELIM]http://moldinspectiontemple.com/wp-content/uploads/2015/04/Lago-Vista-Texas-Water-Removal-and-Extraction.jpg[TOK_Q_DELIM]LocalBusiness": {
            "query": "prop=image, value=http://moldinspectiontemple.com/wp-content/uploads/2015/04/Lago-Vista-Texas-Water-Removal-and-Extraction.jpg, parent_class=LocalBusiness",
            "response": "TOKNEG"
        },
        "author[TOK_Q_DELIM]Austin Hillman[TOK_Q_DELIM]Review": {
            "query": "prop=author, value=Austin Hillman, parent_class=Review",
            "response": "TOKNEG"
        },
        "longitude[TOK_Q_DELIM]-97.6448219[TOK_Q_DELIM]GeoCoordinates": {
            "query": "prop=longitude, value=-97.6448219, parent_class=GeoCoordinates",
            "response": "TOKNEG"
        },
        "author[TOK_Q_DELIM]Lisa Tanner[TOK_Q_DELIM]Review": {
            "query": "prop=author, value=Lisa Tanner, parent_class=Review",
            "response": "TOKNEG"
        },
        "email[TOK_Q_DELIM]admin@moldinspectiontemple.com[TOK_Q_DELIM]LocalBusiness": {
            "query": "prop=email, value=admin@moldinspectiontemple.com, parent_class=LocalBusiness",
            "response": "TOKNEG"
        },
        "worstRating[TOK_Q_DELIM]1[TOK_Q_DELIM]AggregateRating": {
            "query": "prop=worstRating, value=1, parent_class=AggregateRating",
            "response": "TOKNEG"
        },
        "author[TOK_Q_DELIM]Synthia Melbourne[TOK_Q_DELIM]Review": {
            "query": "prop=author, value=Synthia Melbourne, parent_class=Review",
            "response": "TOKNEG"
        },
        "address[TOK_Q_DELIM]1610 South 31ST Office 102 room 315 Temple, TX 76504[TOK_Q_DELIM]LocalBusiness": {
            "query": "prop=address, value=1610 South 31ST Office 102 room 315 Temple, TX 76504, parent_class=LocalBusiness",
            "response": "TOKPOS"
        },
        "author[TOK_Q_DELIM]Jamie Amelia[TOK_Q_DELIM]Review": {
            "query": "prop=author, value=Jamie Amelia, parent_class=Review",
            "response": "TOKNEG"
        },
        "description[TOK_Q_DELIM]Three days ago at my girlfriend's condo, I noticed mold on the ceiling around the chandelier and urgently called Catstrong. Their team showed up within an hour's notice and explained the process of mold removal. The company worked with us from start to finish. We could not be more pleased with Catstrong's support through this whole experience.[TOK_Q_DELIM]Review": {
            "query": "prop=description, value=Three days ago at my girlfriend's condo, I noticed mold on the ceiling around the chandelier and urgently called Catstrong. Their team showed up within an hour's notice and explained the process of mold removal. The company worked with us from start to finish. We could not be more pleased with Catstrong's support through this whole experience., parent_class=Review",
            "response": "TOKPOS"
        },
        "datePublished[TOK_Q_DELIM]2017-09-28 00:00:00[TOK_Q_DELIM]Review": {
            "query": "prop=datePublished, value=2017-09-28 00:00:00, parent_class=Review",
            "response": "TOKNEG"
        },
        "description[TOK_Q_DELIM]Catstrong guided my mom during a mold situation and alleviated any stress all throughout the process. We know who to call again if there are ever other issues. Many thanks Eric and the team![TOK_Q_DELIM]Review": {
            "query": "prop=description, value=Catstrong guided my mom during a mold situation and alleviated any stress all throughout the process. We know who to call again if there are ever other issues. Many thanks Eric and the team!, parent_class=Review",
            "response": "TOKNEG"
        },
        "additionalType[TOK_Q_DELIM]https://en.wikipedia.org/wiki/Mold[TOK_Q_DELIM]LocalBusiness": {
            "query": "prop=additionalType, value=https://en.wikipedia.org/wiki/Mold, parent_class=LocalBusiness",
            "response": "TOKNEG"
        },
        "bestRating[TOK_Q_DELIM]5[TOK_Q_DELIM]AggregateRating": {
            "query": "prop=bestRating, value=5, parent_class=AggregateRating",
            "response": "TOKNEG"
        },
        "datePublished[TOK_Q_DELIM]2017-11-15 00:00:00[TOK_Q_DELIM]Review": {
            "query": "prop=datePublished, value=2017-11-15 00:00:00, parent_class=Review",
            "response": "TOKNEG"
        },
        "ratingValue[TOK_Q_DELIM]5.00[TOK_Q_DELIM]AggregateRating": {
            "query": "prop=ratingValue, value=5.00, parent_class=AggregateRating",
            "response": "TOKNEG"
        },
        "author[TOK_Q_DELIM]Jim Hoffman[TOK_Q_DELIM]Review": {
            "query": "prop=author, value=Jim Hoffman, parent_class=Review",
            "response": "TOKNEG"
        },
        "datePublished[TOK_Q_DELIM]2018-04-09 00:00:00[TOK_Q_DELIM]Review": {
            "query": "prop=datePublished, value=2018-04-09 00:00:00, parent_class=Review",
            "response": "TOKNEG"
        },
        "url[TOK_Q_DELIM]http://www.novyhradek.net/[TOK_Q_DELIM]AggregateRating": {
            "query": "prop=url, value=http://www.novyhradek.net/, parent_class=AggregateRating",
            "response": "TOKNEG"
        },
        "bestRating[TOK_Q_DELIM]5[TOK_Q_DELIM]Rating": {
            "query": "prop=bestRating, value=5, parent_class=Rating",
            "response": "TOKNEG"
        },
        "description[TOK_Q_DELIM]A few months ago my best friend bought a 20 year old condo. Upon moving in we noticed mold in various rooms. Catstrong helped us to remove the mold as well as work with the insurance company even though we were still unpacking! Catstrong is the most caring organization I've ever worked with and truly wants to help people in times of confusion.[TOK_Q_DELIM]Review": {
            "query": "prop=description, value=A few months ago my best friend bought a 20 year old condo. Upon moving in we noticed mold in various rooms. Catstrong helped us to remove the mold as well as work with the insurance company even though we were still unpacking! Catstrong is the most caring organization I've ever worked with and truly wants to help people in times of confusion., parent_class=Review",
            "response": "TOKPOS"
        },
        "datePublished[TOK_Q_DELIM]2017-08-31 00:00:00[TOK_Q_DELIM]Review": {
            "query": "prop=datePublished, value=2017-08-31 00:00:00, parent_class=Review",
            "response": "TOKNEG"
        },
        "description[TOK_Q_DELIM]I would recommend them to my family and friends. I appreciate the work and their Customer service[TOK_Q_DELIM]Review": {
            "query": "prop=description, value=I would recommend them to my family and friends. I appreciate the work and their Customer service, parent_class=Review",
            "response": "TOKPOS"
        },
        "latitude[TOK_Q_DELIM]31.0846805[TOK_Q_DELIM]GeoCoordinates": {
            "query": "prop=latitude, value=31.0846805, parent_class=GeoCoordinates",
            "response": "TOKNEG"
        },
        "description[TOK_Q_DELIM]At the time of the remodeling of my club the subcontractors noticed mold! I was advised by my associate to contact Catstrong. It's a fantastic thing I did! With the confined time I have within my week, Catstrong worked with me to be there at any time I needed them and made certain that mold would not be a foreseeable future issue.[TOK_Q_DELIM]Review": {
            "query": "prop=description, value=At the time of the remodeling of my club the subcontractors noticed mold! I was advised by my associate to contact Catstrong. It's a fantastic thing I did! With the confined time I have within my week, Catstrong worked with me to be there at any time I needed them and made certain that mold would not be a foreseeable future issue., parent_class=Review",
            "response": "TOKPOS"
        },
        "reviewCount[TOK_Q_DELIM]10[TOK_Q_DELIM]AggregateRating": {
            "query": "prop=reviewCount, value=10, parent_class=AggregateRating",
            "response": "TOKNEG"
        },
        "name[TOK_Q_DELIM]Service Ratings[TOK_Q_DELIM]AggregateRating": {
            "query": "prop=name, value=Service Ratings, parent_class=AggregateRating",
            "response": "TOKNEG"
        },
        "url[TOK_Q_DELIM]http://moldinsepctiontemple.com[TOK_Q_DELIM]LocalBusiness": {
            "query": "prop=url, value=http://moldinsepctiontemple.com, parent_class=LocalBusiness",
            "response": "TOKNEG"
        },
        "openingHours[TOK_Q_DELIM] Mo, Tu, We, Th, Fr, Sa, Su 00:00-23:59[TOK_Q_DELIM]LocalBusiness": {
            "query": "prop=openingHours, value= Mo, Tu, We, Th, Fr, Sa, Su 00:00-23:59, parent_class=LocalBusiness",
            "response": "TOKPOS"
        },
        "datePublished[TOK_Q_DELIM]2018-02-05 00:00:00[TOK_Q_DELIM]Review": {
            "query": "prop=datePublished, value=2018-02-05 00:00:00, parent_class=Review",
            "response": "TOKNEG"
        },
        "datePublished[TOK_Q_DELIM]2017-07-11 00:00:00[TOK_Q_DELIM]Review": {
            "query": "prop=datePublished, value=2017-07-11 00:00:00, parent_class=Review",
            "response": "TOKNEG"
        },
        "paymentAccepted[TOK_Q_DELIM]Cash, Credit Cards[TOK_Q_DELIM]LocalBusiness": {
            "query": "prop=paymentAccepted, value=Cash, Credit Cards, parent_class=LocalBusiness",
            "response": "TOKNEG"
        },
        "areaServed[TOK_Q_DELIM]Temple, Texas[TOK_Q_DELIM]LocalBusiness": {
            "query": "prop=areaServed, value=Temple, Texas, parent_class=LocalBusiness",
            "response": "TOKNEG"
        },
        "foundingDate[TOK_Q_DELIM]2014[TOK_Q_DELIM]LocalBusiness": {
            "query": "prop=foundingDate, value=2014, parent_class=LocalBusiness",
            "response": "TOKNEG"
        },
        "score": 0.19672131147540983
    }
}