{
    "chunk_0": {
        "status": "success",
        "openingHours[TOK_Q_DELIM]Mo-Fr 8:00am - 5:00pm[TOK_Q_DELIM]LocalBusiness": {
            "query": "openingHours: The general opening hours for a business. Opening hours can be specified as a weekly time range, starting with days, then times per day. Multiple days can be listed with commas ',' separating each day. Day or time ranges are specified using a hyphen '-'.\\n\\n* Days are specified using the following two-letter combinations: ```Mo```, ```Tu```, ```We```, ```Th```, ```Fr```, ```Sa```, ```Su```.\\n* Times are specified using 24:00 format. For example, 3pm is specified as ```15:00```, 10am as ```10:00```. \\n* Here is an example: <code>&lt;time itemprop=\"openingHours\" datetime=&quot;Tu,Th 16:00-20:00&quot;&gt;Tuesdays and Thursdays 4-8pm&lt;/time&gt;</code>.\\n* If a business is open 7 days a week, then it can be specified as <code>&lt;time itemprop=&quot;openingHours&quot; datetime=&quot;Mo-Su&quot;&gt;Monday through Sunday, all day&lt;/time&gt;</code>.",
            "response": "TOKPOS"
        },
        "longitude[TOK_Q_DELIM]-93.8681295[TOK_Q_DELIM]GeoCoordinates": {
            "query": "longitude: The longitude of a location. For example ```-122.08585``` ([WGS 84](https://en.wikipedia.org/wiki/World_Geodetic_System)).",
            "response": "TOKPOS"
        },
        "hasMap[TOK_Q_DELIM]https://goo.gl/maps/rfHa7MW6FHu[TOK_Q_DELIM]LocalBusiness": {
            "query": "hasMap: A URL to a map of the place.",
            "response": "TOKPOS"
        },
        "name[TOK_Q_DELIM]Best Copier Rentals in Minneapolis MN[TOK_Q_DELIM]Review": {
            "query": "name: The name of the item.",
            "response": "TOKPOS"
        },
        "url[TOK_Q_DELIM]https://www.reliablecopierservice.com//copier-rentals-minneapolis-mn/[TOK_Q_DELIM]Review": {
            "query": "url: URL of the item.",
            "response": "TOKPOS"
        },
        "logo[TOK_Q_DELIM]https://reliablecopierservice.com/wp-content/uploads/2017/11/reliable-copier-service-logo-1.png[TOK_Q_DELIM]LocalBusiness": {
            "query": "logo: An associated logo.",
            "response": "TOKPOS"
        },
        "url[TOK_Q_DELIM]https://reliablecopierservice.com[TOK_Q_DELIM]Review": {
            "query": "url: URL of the item.",
            "response": "TOKPOS"
        },
        "url[TOK_Q_DELIM]https://reliablecopierservice.com/copier-rentals-minneapolis-mn/[TOK_Q_DELIM]Review": {
            "query": "url: URL of the item.",
            "response": "TOKPOS"
        },
        "description[TOK_Q_DELIM]Minneapolis MN Copier Rentals. Why Rent Your Office Equipment? With our worry free rental programs “one price” covers everything except paper!*[TOK_Q_DELIM]Review": {
            "query": "description: A description of the item.",
            "response": "TOKPOS"
        },
        "name[TOK_Q_DELIM]Copier Rentals Minneapolis, St. Paul, MN[TOK_Q_DELIM]Review": {
            "query": "name: The name of the item.",
            "response": "TOKPOS"
        },
        "name[TOK_Q_DELIM]Terms of Use[TOK_Q_DELIM]Thing": {
            "query": "name: The name of the item.",
            "response": "TOKPOS"
        },
        "url[TOK_Q_DELIM]https://reliablecopierservice.com/terms-of-use/[TOK_Q_DELIM]Review": {
            "query": "url: URL of the item.",
            "response": "TOKPOS"
        },
        "sameAs[TOK_Q_DELIM]file:///GDD/MarkupAutomator/662f2cd2d31a6c1e99acaab52b6a8815_raw[TOK_Q_DELIM]LocalBusiness": {
            "query": "sameAs: URL of a reference Web page that unambiguously indicates the item's identity. E.g. the URL of the item's Wikipedia page, Wikidata entry, or official website.",
            "response": "TOKNEG"
        },
        "reviewBody[TOK_Q_DELIM]Your service tech sucks, came to fix my copier, paid him and the machine still down[TOK_Q_DELIM]Review": {
            "query": "reviewBody: The actual body of the review.",
            "response": "TOKPOS"
        },
        "image[TOK_Q_DELIM]file:///GDD/MarkupAutomator/662f2cd2d31a6c1e99acaab52b6a8815_raw[TOK_Q_DELIM]LocalBusiness": {
            "query": "image: An image of the item. This can be a [[URL]] or a fully described [[ImageObject]].",
            "response": "TOKNEG"
        },
        "description[TOK_Q_DELIM]Minneapolis - St Paul MN Copier leasing and sales company. Also providing printer repair services.[TOK_Q_DELIM]LocalBusiness": {
            "query": "description: A description of the item.",
            "response": "TOKPOS"
        },
        "name[TOK_Q_DELIM]Reliable Copier Service[TOK_Q_DELIM]Review": {
            "query": "name: The name of the item.",
            "response": "TOKPOS"
        },
        "name[TOK_Q_DELIM]Terms of Use[TOK_Q_DELIM]Review": {
            "query": "name: The name of the item.",
            "response": "TOKPOS"
        },
        "additionalType[TOK_Q_DELIM]https://www.reliablecopierservice.com//id/Copier_service[TOK_Q_DELIM]LocalBusiness": {
            "query": "additionalType: An additional type for the item, typically used for adding more specific types from external vocabularies in microdata syntax. This is a relationship between something and a class that the thing is in. Typically the value is a URI-identified RDF class, and in this case corresponds to the\n    use of rdf:type in RDF. Text values can be used sparingly, for cases where useful information can be added without their being an appropriate schema to reference. In the case of text values, the class label should follow the schema.org <a href=\"http://schema.org/docs/styleguide.html\">style guide</a>.",
            "response": "TOKPOS"
        },
        "name[TOK_Q_DELIM]Copier Rentals Minneapolis, St. Paul, MN[TOK_Q_DELIM]Thing": {
            "query": "name: The name of the item.",
            "response": "TOKPOS"
        },
        "name[TOK_Q_DELIM]Reliable Copier Service[TOK_Q_DELIM]Thing": {
            "query": "name: The name of the item.",
            "response": "TOKPOS"
        },
        "latitude[TOK_Q_DELIM]44.8540088[TOK_Q_DELIM]GeoCoordinates": {
            "query": "latitude: The latitude of a location. For example ```37.42242``` ([WGS 84](https://en.wikipedia.org/wiki/World_Geodetic_System)).",
            "response": "TOKPOS"
        },
        "name[TOK_Q_DELIM]Best Copier Rentals in Minneapolis MN[TOK_Q_DELIM]Thing": {
            "query": "name: The name of the item.",
            "response": "TOKPOS"
        },
        "score": 0.9130434782608695
    }
}