{
    "chunk_0": {
        "status": "success",
        "mainEntityOfPage[TOK_Q_DELIM]http://jerseybikiniteam.com/buy/cernos-caps-test-undecanoate-180-caps40mg_for_sale/[TOK_Q_DELIM]Product": {
            "query": "mainEntityOfPage: Indicates a page (or other CreativeWork) for which this thing is the main entity being described. See [background notes](/docs/datamodel.html#mainEntityBackground) for details.",
            "response": "TOKPOS"
        },
        "sku[TOK_Q_DELIM]3327[TOK_Q_DELIM]Product": {
            "query": "sku: The Stock Keeping Unit (SKU), i.e. a merchant-specific identifier for a product or service, or the product to which the offer refers.",
            "response": "TOKPOS"
        },
        "mpn[TOK_Q_DELIM]3327[TOK_Q_DELIM]Product": {
            "query": "mpn: The Manufacturer Part Number (MPN) of the product, or the product to which the offer refers.",
            "response": "TOKPOS"
        },
        "description[TOK_Q_DELIM]Brand: Sun Pharmaceutical ind. ltd., Substance: , Package: 180 caps(40mg)[TOK_Q_DELIM]Product": {
            "query": "description: A description of the item.",
            "response": "TOKNEG"
        },
        "price[TOK_Q_DELIM]3591[TOK_Q_DELIM]Offer": {
            "query": "price: The offer price of a product, or of a price component when attached to PriceSpecification and its subtypes.\\n\\nUsage guidelines:\\n\\n* Use the [[priceCurrency]] property (with standard formats: [ISO 4217 currency format](http://en.wikipedia.org/wiki/ISO_4217), e.g. \"USD\"; [Ticker symbol](https://en.wikipedia.org/wiki/List_of_cryptocurrencies) for cryptocurrencies, e.g. \"BTC\"; well known names for [Local Exchange Trading Systems](https://en.wikipedia.org/wiki/Local_exchange_trading_system) (LETS) and other currency types, e.g. \"Ithaca HOUR\") instead of including [ambiguous symbols](http://en.wikipedia.org/wiki/Dollar_sign#Currencies_that_use_the_dollar_or_peso_sign) such as '$' in the value.\\n* Use '.' (Unicode 'FULL STOP' (U+002E)) rather than ',' to indicate a decimal point. Avoid using these symbols as a readability separator.\\n* Note that both [RDFa](http://www.w3.org/TR/xhtml-rdfa-primer/#using-the-content-attribute) and Microdata syntax allow the use of a \"content=\" attribute for publishing simple machine-readable values alongside more human-friendly formatting.\\n* Use values from 0123456789 (Unicode 'DIGIT ZERO' (U+0030) to 'DIGIT NINE' (U+0039)) rather than superficially similar Unicode symbols.",
            "response": "TOKPOS"
        },
        "brand[TOK_Q_DELIM]Sun Pharmaceutical ind. ltd.[TOK_Q_DELIM]Product": {
            "query": "brand: The brand(s) associated with a product or service, or the brand(s) maintained by an organization or business person.",
            "response": "TOKPOS"
        },
        "availability[TOK_Q_DELIM]http://schema.org/InStock[TOK_Q_DELIM]Offer": {
            "query": "availability: The availability of this item&#x2014;for example In stock, Out of stock, Pre-order, etc.",
            "response": "TOKPOS"
        },
        "url[TOK_Q_DELIM]http://jerseybikiniteam.com/buy/cernos-caps-test-undecanoate-180-caps40mg_for_sale/[TOK_Q_DELIM]Offer": {
            "query": "url: URL of the item.",
            "response": "TOKPOS"
        },
        "priceCurrency[TOK_Q_DELIM]ZAR[TOK_Q_DELIM]Offer": {
            "query": "priceCurrency: The currency of the price, or a price component when attached to [[PriceSpecification]] and its subtypes.\\n\\nUse standard formats: [ISO 4217 currency format](http://en.wikipedia.org/wiki/ISO_4217), e.g. \"USD\"; [Ticker symbol](https://en.wikipedia.org/wiki/List_of_cryptocurrencies) for cryptocurrencies, e.g. \"BTC\"; well known names for [Local Exchange Trading Systems](https://en.wikipedia.org/wiki/Local_exchange_trading_system) (LETS) and other currency types, e.g. \"Ithaca HOUR\".",
            "response": "TOKPOS"
        },
        "url[TOK_Q_DELIM]http://jerseybikiniteam.com/buy/cernos-caps-test-undecanoate-180-caps40mg_for_sale/[TOK_Q_DELIM]Product": {
            "query": "url: URL of the item.",
            "response": "TOKPOS"
        },
        "sameAs[TOK_Q_DELIM]http://jerseybikiniteam.com/?p=372[TOK_Q_DELIM]Product": {
            "query": "sameAs: URL of a reference Web page that unambiguously indicates the item's identity. E.g. the URL of the item's Wikipedia page, Wikidata entry, or official website.",
            "response": "TOKNEG"
        },
        "category[TOK_Q_DELIM]Oral Steroids[TOK_Q_DELIM]Product": {
            "query": "category: A category for the item. Greater signs or slashes can be used to informally indicate a category hierarchy.",
            "response": "TOKNEG"
        },
        "image[TOK_Q_DELIM]http://jerseybikiniteam.com/wp-content/uploads/2019/05/cernos-caps-test-undecanoate-450x300.png[TOK_Q_DELIM]Product": {
            "query": "image: An image of the item. This can be a [[URL]] or a fully described [[ImageObject]].",
            "response": "TOKPOS"
        },
        "name[TOK_Q_DELIM]Cernos Caps (Test Undecanoate) &ndash; 180 caps(40mg)[TOK_Q_DELIM]Product": {
            "query": "name: The name of the item.",
            "response": "TOKPOS"
        },
        "score": 0.7857142857142857
    }
}