{
    "chunk_0": {
        "status": "success",
        "knowsAbout[TOK_Q_DELIM]cataract surgery[TOK_Q_DELIM]MedicalBusiness": {
            "query": "prop=knowsAbout, value=cataract surgery, parent_class=MedicalBusiness",
            "response": "TOKPOS"
        },
        "dayOfWeek[TOK_Q_DELIM]Saturday[TOK_Q_DELIM]OpeningHoursSpecification": {
            "query": "prop=dayOfWeek, value=Saturday, parent_class=OpeningHoursSpecification",
            "response": "TOKPOS"
        },
        "image[TOK_Q_DELIM]https://www.gersteineye.com/wp-content/uploads/New-Slide-4.jpg[TOK_Q_DELIM]MedicalBusiness": {
            "query": "prop=image, value=https://www.gersteineye.com/wp-content/uploads/New-Slide-4.jpg, parent_class=MedicalBusiness",
            "response": "TOKPOS"
        },
        "closes[TOK_Q_DELIM]12:00[TOK_Q_DELIM]OpeningHoursSpecification": {
            "query": "prop=closes, value=12:00, parent_class=OpeningHoursSpecification",
            "response": "TOKPOS"
        },
        "knowsAbout[TOK_Q_DELIM]eyeglasses[TOK_Q_DELIM]MedicalBusiness": {
            "query": "prop=knowsAbout, value=eyeglasses, parent_class=MedicalBusiness",
            "response": "TOKPOS"
        },
        "hasMap[TOK_Q_DELIM]https://goo.gl/maps/8anr2PhaDFw[TOK_Q_DELIM]MedicalBusiness": {
            "query": "prop=hasMap, value=https://goo.gl/maps/8anr2PhaDFw, parent_class=MedicalBusiness",
            "response": "TOKNEG"
        },
        "dayOfWeek[TOK_Q_DELIM]Friday[TOK_Q_DELIM]OpeningHoursSpecification": {
            "query": "prop=dayOfWeek, value=Friday, parent_class=OpeningHoursSpecification",
            "response": "TOKPOS"
        },
        "url[TOK_Q_DELIM]https://www.gersteineye.com/[TOK_Q_DELIM]MedicalBusiness": {
            "query": "prop=url, value=https://www.gersteineye.com/, parent_class=MedicalBusiness",
            "response": "TOKPOS"
        },
        "sameAs[TOK_Q_DELIM]https://www.youtube.com/user/GersteinEyeInstitute[TOK_Q_DELIM]MedicalBusiness": {
            "query": "prop=sameAs, value=https://www.youtube.com/user/GersteinEyeInstitute, parent_class=MedicalBusiness",
            "response": "TOKPOS"
        },
        "latitude[TOK_Q_DELIM]41.990565[TOK_Q_DELIM]GeoCoordinates": {
            "query": "prop=latitude, value=41.990565, parent_class=GeoCoordinates",
            "response": "TOKPOS"
        },
        "longitude[TOK_Q_DELIM]-87.705908[TOK_Q_DELIM]GeoCoordinates": {
            "query": "prop=longitude, value=-87.705908, parent_class=GeoCoordinates",
            "response": "TOKPOS"
        },
        "knowsAbout[TOK_Q_DELIM]frames[TOK_Q_DELIM]MedicalBusiness": {
            "query": "prop=knowsAbout, value=frames, parent_class=MedicalBusiness",
            "response": "TOKPOS"
        },
        "name[TOK_Q_DELIM]Gerstein Eye Institute[TOK_Q_DELIM]MedicalBusiness": {
            "query": "prop=name, value=Gerstein Eye Institute, parent_class=MedicalBusiness",
            "response": "TOKNEG"
        },
        "telephone[TOK_Q_DELIM](773) 973-3223[TOK_Q_DELIM]MedicalBusiness": {
            "query": "prop=telephone, value=(773) 973-3223, parent_class=MedicalBusiness",
            "response": "TOKPOS"
        },
        "knowsAbout[TOK_Q_DELIM]contact lenses[TOK_Q_DELIM]MedicalBusiness": {
            "query": "prop=knowsAbout, value=contact lenses, parent_class=MedicalBusiness",
            "response": "TOKNEG"
        },
        "closes[TOK_Q_DELIM]16:00[TOK_Q_DELIM]OpeningHoursSpecification": {
            "query": "prop=closes, value=16:00, parent_class=OpeningHoursSpecification",
            "response": "TOKPOS"
        },
        "dayOfWeek[TOK_Q_DELIM]Thursday[TOK_Q_DELIM]OpeningHoursSpecification": {
            "query": "prop=dayOfWeek, value=Thursday, parent_class=OpeningHoursSpecification",
            "response": "TOKPOS"
        },
        "additionalType[TOK_Q_DELIM]http://productontology.org/id/Ophthalmology[TOK_Q_DELIM]MedicalBusiness": {
            "query": "prop=additionalType, value=http://productontology.org/id/Ophthalmology, parent_class=MedicalBusiness",
            "response": "TOKPOS"
        },
        "addressLocality[TOK_Q_DELIM]Chicago[TOK_Q_DELIM]PostalAddress": {
            "query": "prop=addressLocality, value=Chicago, parent_class=PostalAddress",
            "response": "TOKPOS"
        },
        "dayOfWeek[TOK_Q_DELIM]Monday[TOK_Q_DELIM]OpeningHoursSpecification": {
            "query": "prop=dayOfWeek, value=Monday, parent_class=OpeningHoursSpecification",
            "response": "TOKPOS"
        },
        "postalCode[TOK_Q_DELIM]60659[TOK_Q_DELIM]PostalAddress": {
            "query": "prop=postalCode, value=60659, parent_class=PostalAddress",
            "response": "TOKPOS"
        },
        "addressCountry[TOK_Q_DELIM]US[TOK_Q_DELIM]PostalAddress": {
            "query": "prop=addressCountry, value=US, parent_class=PostalAddress",
            "response": "TOKPOS"
        },
        "logo[TOK_Q_DELIM]https://www.gersteineye.com/wp-content/uploads/2018/07/logo.png[TOK_Q_DELIM]MedicalBusiness": {
            "query": "prop=logo, value=https://www.gersteineye.com/wp-content/uploads/2018/07/logo.png, parent_class=MedicalBusiness",
            "response": "TOKPOS"
        },
        "sameAs[TOK_Q_DELIM]https://twitter.com/GersteinEyeIL[TOK_Q_DELIM]MedicalBusiness": {
            "query": "prop=sameAs, value=https://twitter.com/GersteinEyeIL, parent_class=MedicalBusiness",
            "response": "TOKNEG"
        },
        "priceRange[TOK_Q_DELIM]$$[TOK_Q_DELIM]MedicalBusiness": {
            "query": "prop=priceRange, value=$$, parent_class=MedicalBusiness",
            "response": "TOKPOS"
        },
        "dayOfWeek[TOK_Q_DELIM]Tuesday[TOK_Q_DELIM]OpeningHoursSpecification": {
            "query": "prop=dayOfWeek, value=Tuesday, parent_class=OpeningHoursSpecification",
            "response": "TOKPOS"
        },
        "name[TOK_Q_DELIM]Chicago, Evanston, Skokie, Morton Grove, Niles, Park Ridge, Lincolnwood, Norridge[TOK_Q_DELIM]City": {
            "query": "prop=name, value=Chicago, Evanston, Skokie, Morton Grove, Niles, Park Ridge, Lincolnwood, Norridge, parent_class=City",
            "response": "TOKPOS"
        },
        "opens[TOK_Q_DELIM]08:00[TOK_Q_DELIM]OpeningHoursSpecification": {
            "query": "prop=opens, value=08:00, parent_class=OpeningHoursSpecification",
            "response": "TOKPOS"
        },
        "streetAddress[TOK_Q_DELIM]3042 W Peterson Ave[TOK_Q_DELIM]PostalAddress": {
            "query": "prop=streetAddress, value=3042 W Peterson Ave, parent_class=PostalAddress",
            "response": "TOKPOS"
        },
        "knowsAbout[TOK_Q_DELIM]eye care[TOK_Q_DELIM]MedicalBusiness": {
            "query": "prop=knowsAbout, value=eye care, parent_class=MedicalBusiness",
            "response": "TOKPOS"
        },
        "knowsAbout[TOK_Q_DELIM]ICL surgery[TOK_Q_DELIM]MedicalBusiness": {
            "query": "prop=knowsAbout, value=ICL surgery, parent_class=MedicalBusiness",
            "response": "TOKNEG"
        },
        "knowsAbout[TOK_Q_DELIM]Intraocular lenses[TOK_Q_DELIM]MedicalBusiness": {
            "query": "prop=knowsAbout, value=Intraocular lenses, parent_class=MedicalBusiness",
            "response": "TOKPOS"
        },
        "closes[TOK_Q_DELIM]15:00[TOK_Q_DELIM]OpeningHoursSpecification": {
            "query": "prop=closes, value=15:00, parent_class=OpeningHoursSpecification",
            "response": "TOKPOS"
        },
        "description[TOK_Q_DELIM]Gerstein Eye Institute offers comprehensive eye diagnostics, treatments, and care in Chicago, IL. Schedule a consultation with our ophthalmologists today.[TOK_Q_DELIM]MedicalBusiness": {
            "query": "prop=description, value=Gerstein Eye Institute offers comprehensive eye diagnostics, treatments, and care in Chicago, IL. Schedule a consultation with our ophthalmologists today., parent_class=MedicalBusiness",
            "response": "TOKPOS"
        },
        "sameAs[TOK_Q_DELIM]https://www.facebook.com/gersteineyeinstitute/[TOK_Q_DELIM]MedicalBusiness": {
            "query": "prop=sameAs, value=https://www.facebook.com/gersteineyeinstitute/, parent_class=MedicalBusiness",
            "response": "TOKNEG"
        },
        "addressRegion[TOK_Q_DELIM]IL[TOK_Q_DELIM]PostalAddress": {
            "query": "prop=addressRegion, value=IL, parent_class=PostalAddress",
            "response": "TOKNEG"
        },
        "knowsAbout[TOK_Q_DELIM]lasik surgery[TOK_Q_DELIM]MedicalBusiness": {
            "query": "prop=knowsAbout, value=lasik surgery, parent_class=MedicalBusiness",
            "response": "TOKPOS"
        },
        "score": 0.8108108108108109
    }
}