{
    "chunk_0": {
        "status": "success",
        "knowsAbout[TOK_Q_DELIM]miami pool builders[TOK_Q_DELIM]LocalBusiness": {
            "query": "prop=knowsAbout, value=miami pool builders, parent_class=LocalBusiness",
            "response": "TOKPOS"
        },
        "knowsAbout[TOK_Q_DELIM]backyard pool ideas[TOK_Q_DELIM]LocalBusiness": {
            "query": "prop=knowsAbout, value=backyard pool ideas, parent_class=LocalBusiness",
            "response": "TOKPOS"
        },
        "knowsAbout[TOK_Q_DELIM]pool leak[TOK_Q_DELIM]LocalBusiness": {
            "query": "prop=knowsAbout, value=pool leak, parent_class=LocalBusiness",
            "response": "TOKPOS"
        },
        "knowsAbout[TOK_Q_DELIM]pool company[TOK_Q_DELIM]LocalBusiness": {
            "query": "prop=knowsAbout, value=pool company, parent_class=LocalBusiness",
            "response": "TOKPOS"
        },
        "knowsAbout[TOK_Q_DELIM]pool ideas”[TOK_Q_DELIM]LocalBusiness": {
            "query": "prop=knowsAbout, value=pool ideas”, parent_class=LocalBusiness",
            "response": "TOKNEG"
        },
        "sameAs[TOK_Q_DELIM]https://www.pinterest.com/worldwidepools[TOK_Q_DELIM]LocalBusiness": {
            "query": "prop=sameAs, value=https://www.pinterest.com/worldwidepools, parent_class=LocalBusiness",
            "response": "TOKNEG"
        },
        "knowsAbout[TOK_Q_DELIM]resurfacing pool deck[TOK_Q_DELIM]LocalBusiness": {
            "query": "prop=knowsAbout, value=resurfacing pool deck, parent_class=LocalBusiness",
            "response": "TOKPOS"
        },
        "sameAs[TOK_Q_DELIM]https://www.instagram.com/worldwidepools[TOK_Q_DELIM]LocalBusiness": {
            "query": "prop=sameAs, value=https://www.instagram.com/worldwidepools, parent_class=LocalBusiness",
            "response": "TOKNEG"
        },
        "knowsAbout[TOK_Q_DELIM]swimming pool contractors[TOK_Q_DELIM]LocalBusiness": {
            "query": "prop=knowsAbout, value=swimming pool contractors, parent_class=LocalBusiness",
            "response": "TOKPOS"
        },
        "knowsAbout[TOK_Q_DELIM]pool design[TOK_Q_DELIM]LocalBusiness": {
            "query": "prop=knowsAbout, value=pool design, parent_class=LocalBusiness",
            "response": "TOKPOS"
        },
        "knowsAbout[TOK_Q_DELIM]pool installers[TOK_Q_DELIM]LocalBusiness": {
            "query": "prop=knowsAbout, value=pool installers, parent_class=LocalBusiness",
            "response": "TOKPOS"
        },
        "knowsAbout[TOK_Q_DELIM]pool builder miami[TOK_Q_DELIM]LocalBusiness": {
            "query": "prop=knowsAbout, value=pool builder miami, parent_class=LocalBusiness",
            "response": "TOKPOS"
        },
        "location[TOK_Q_DELIM]Miami[TOK_Q_DELIM]LocalBusiness": {
            "query": "prop=location, value=Miami, parent_class=LocalBusiness",
            "response": "TOKPOS"
        },
        "description[TOK_Q_DELIM]Miami's #1 Pool Contractor Specializing in Residential and Commercial Pools\nVoted Best Pool Contractors in Miami . Our Swimming Pool Company in Miami Worldwide Pools and sister pool company Custom Pools are the most experienced Pool Companies in Miami with more than half a century of craftsmanship skills, customer service experience, happy customers, and over 10,000 residential pools and commercial pools built by us.[TOK_Q_DELIM]LocalBusiness": {
            "query": "prop=description, value=Miami's #1 Pool Contractor Specializing in Residential and Commercial Pools\nVoted Best Pool Contractors in Miami . Our Swimming Pool Company in Miami Worldwide Pools and sister pool company Custom Pools are the most experienced Pool Companies in Miami with more than half a century of craftsmanship skills, customer service experience, happy customers, and over 10,000 residential pools and commercial pools built by us., parent_class=LocalBusiness",
            "response": "TOKPOS"
        },
        "sameAs[TOK_Q_DELIM]https://www.yelp.com/biz/worldwide-pools-miami-2[TOK_Q_DELIM]LocalBusiness": {
            "query": "prop=sameAs, value=https://www.yelp.com/biz/worldwide-pools-miami-2, parent_class=LocalBusiness",
            "response": "TOKNEG"
        },
        "knowsAbout[TOK_Q_DELIM]new pool construction miami[TOK_Q_DELIM]LocalBusiness": {
            "query": "prop=knowsAbout, value=new pool construction miami, parent_class=LocalBusiness",
            "response": "TOKPOS"
        },
        "knowsAbout[TOK_Q_DELIM]pool builders[TOK_Q_DELIM]LocalBusiness": {
            "query": "prop=knowsAbout, value=pool builders, parent_class=LocalBusiness",
            "response": "TOKPOS"
        },
        "knowsAbout[TOK_Q_DELIM]pool resurfacing miami[TOK_Q_DELIM]LocalBusiness": {
            "query": "prop=knowsAbout, value=pool resurfacing miami, parent_class=LocalBusiness",
            "response": "TOKNEG"
        },
        "knowsAbout[TOK_Q_DELIM]pool companies in miami[TOK_Q_DELIM]LocalBusiness": {
            "query": "prop=knowsAbout, value=pool companies in miami, parent_class=LocalBusiness",
            "response": "TOKNEG"
        },
        "openingHours[TOK_Q_DELIM]Su Closed[TOK_Q_DELIM]LocalBusiness": {
            "query": "prop=openingHours, value=Su Closed, parent_class=LocalBusiness",
            "response": "TOKNEG"
        },
        "sameAs[TOK_Q_DELIM]https://www.youtube.com/user/WorldwidePools[TOK_Q_DELIM]LocalBusiness": {
            "query": "prop=sameAs, value=https://www.youtube.com/user/WorldwidePools, parent_class=LocalBusiness",
            "response": "TOKNEG"
        },
        "knowsAbout[TOK_Q_DELIM]miami pool companies[TOK_Q_DELIM]LocalBusiness": {
            "query": "prop=knowsAbout, value=miami pool companies, parent_class=LocalBusiness",
            "response": "TOKPOS"
        },
        "knowsAbout[TOK_Q_DELIM]pool builders in miami[TOK_Q_DELIM]LocalBusiness": {
            "query": "prop=knowsAbout, value=pool builders in miami, parent_class=LocalBusiness",
            "response": "TOKNEG"
        },
        "knowsAbout[TOK_Q_DELIM]pool renovations[TOK_Q_DELIM]LocalBusiness": {
            "query": "prop=knowsAbout, value=pool renovations, parent_class=LocalBusiness",
            "response": "TOKPOS"
        },
        "knowsAbout[TOK_Q_DELIM]pool design miami[TOK_Q_DELIM]LocalBusiness": {
            "query": "prop=knowsAbout, value=pool design miami, parent_class=LocalBusiness",
            "response": "TOKPOS"
        },
        "paymentAccepted[TOK_Q_DELIM]credit card[TOK_Q_DELIM]LocalBusiness": {
            "query": "prop=paymentAccepted, value=credit card, parent_class=LocalBusiness",
            "response": "TOKPOS"
        },
        "knowsAbout[TOK_Q_DELIM]build a pool[TOK_Q_DELIM]LocalBusiness": {
            "query": "prop=knowsAbout, value=build a pool, parent_class=LocalBusiness",
            "response": "TOKPOS"
        },
        "url[TOK_Q_DELIM]https://worldwidepools.com[TOK_Q_DELIM]LocalBusiness": {
            "query": "prop=url, value=https://worldwidepools.com, parent_class=LocalBusiness",
            "response": "TOKPOS"
        },
        "mainEntityOfPage[TOK_Q_DELIM]http://www.worldwidepools.com/[TOK_Q_DELIM]LocalBusiness": {
            "query": "prop=mainEntityOfPage, value=http://www.worldwidepools.com/, parent_class=LocalBusiness",
            "response": "TOKPOS"
        },
        "knowsAbout[TOK_Q_DELIM]pool remodel[TOK_Q_DELIM]LocalBusiness": {
            "query": "prop=knowsAbout, value=pool remodel, parent_class=LocalBusiness",
            "response": "TOKPOS"
        },
        "knowsAbout[TOK_Q_DELIM]pools company[TOK_Q_DELIM]LocalBusiness": {
            "query": "prop=knowsAbout, value=pools company, parent_class=LocalBusiness",
            "response": "TOKPOS"
        },
        "knowsAbout[TOK_Q_DELIM]pool installation cost[TOK_Q_DELIM]LocalBusiness": {
            "query": "prop=knowsAbout, value=pool installation cost, parent_class=LocalBusiness",
            "response": "TOKPOS"
        },
        "knowsAbout[TOK_Q_DELIM]inground pools[TOK_Q_DELIM]LocalBusiness": {
            "query": "prop=knowsAbout, value=inground pools, parent_class=LocalBusiness",
            "response": "TOKPOS"
        },
        "knowsAbout[TOK_Q_DELIM]companies that build pools[TOK_Q_DELIM]LocalBusiness": {
            "query": "prop=knowsAbout, value=companies that build pools, parent_class=LocalBusiness",
            "response": "TOKPOS"
        },
        "slogan[TOK_Q_DELIM]The Most Trusted Pool Contractors in Miami [TOK_Q_DELIM]LocalBusiness": {
            "query": "prop=slogan, value=The Most Trusted Pool Contractors in Miami , parent_class=LocalBusiness",
            "response": "TOKNEG"
        },
        "knowsAbout[TOK_Q_DELIM]swimming pool construction[TOK_Q_DELIM]LocalBusiness": {
            "query": "prop=knowsAbout, value=swimming pool construction, parent_class=LocalBusiness",
            "response": "TOKPOS"
        },
        "knowsAbout[TOK_Q_DELIM]pool decks[TOK_Q_DELIM]LocalBusiness": {
            "query": "prop=knowsAbout, value=pool decks, parent_class=LocalBusiness",
            "response": "TOKPOS"
        },
        "knowsAbout[TOK_Q_DELIM]pool remodeling miami[TOK_Q_DELIM]LocalBusiness": {
            "query": "prop=knowsAbout, value=pool remodeling miami, parent_class=LocalBusiness",
            "response": "TOKNEG"
        },
        "knowsAbout[TOK_Q_DELIM]pool builders miami[TOK_Q_DELIM]LocalBusiness": {
            "query": "prop=knowsAbout, value=pool builders miami, parent_class=LocalBusiness",
            "response": "TOKPOS"
        },
        "knowsAbout[TOK_Q_DELIM]pools construction miami[TOK_Q_DELIM]LocalBusiness": {
            "query": "prop=knowsAbout, value=pools construction miami, parent_class=LocalBusiness",
            "response": "TOKPOS"
        },
        "disambiguatingDescription[TOK_Q_DELIM]The most important thing when building a pool in your backyard or for your business is to choose the right swimming pool contractor. We have been voted #1 by the APSP as one of The Best Pool Construction Company in Miami since 1964 offering modern dream pools, and a variety of pool services including pool installation, pool remodeling, and pool resurfacing among others.\nSo if your looking for pool contractors near me, you've come to the right Pool Company in Miami.\nWith over 10.000+ Residential Pools under our belt is the reason we have the pool experience over most Miami Pool Contractors\nWhy Hire Worldwide Pools as Your Pool Contractor in Miami\nWorldwide Pools & Custom Pools are a reputable Pool Company in Miami with a long history of building stunning residential and commercial pools. We have more than 56 years in business and built over 10,000 pools for great customers behind us, and we plan on creating many more across Miami Dade County.  \nSo far, we have worked on some of the most complex Pool Designs in Miami, and we know that we can do more.\nOur Pool Design Miami Team are skilled in their craft and each of our team members contributes a wealth of expertise, and we only employ the very best.\nWe offer a variety of pool services, depending on your needs.  Some customers don't have a swimming pool, and they need a pool built from scratch.  Some customers have one, but they are either not satisfied with it, their swimming pool contractor abandoned them before their pool was done, or it's old, and it needs a complete pool remodeling. \nNo matter what, if you need a Pool Design, Pool Construction, Pool Resurfacing, or a complete Pool Remodeling we can help.\nLearn more about Worldwide Pools.\nWe perform each of these jobs with passion and care because we want you to fall back in love with your pool or backyard.\nIn rare cases, an entire pool will have to be demolished and built from scratch.  This usually has to happen if the pool hasn’t been maintained for years or is just not the right pool design or functional for your family. In other cases, it might just need a pool remodeling or a complete pool renovation to appear more modern and up to date with the newest pool design trends. \nSometimes, you will need pool resurfacing as pool plaster finishes are one of the first elements of a pool to get damaged and needs to be replastered. We will get you a new pool plaster Finish that will improve your entire pool experience and help you and your family enjoy your swimming pool more. We work with Diamond Brite Pool Plaster and Florida Stucco Pool Plaster Finish.\nThere are also many other jobs we can perform on your pool, depending on your pool needs and what the pool itself might need. We are pool professional and one of the most reliable of all Pool Companies in Miami. With us, you can rest assured that you will get exactly what you want with 100 % customer satisfaction. \nOur Pool Contractor Team in Miami Will Inspire Your Imagination\nOur pool construction team is determined and passionate about quality—delivering top-notch designs to our clients at an affordable price. We have received numerous industry awards, and our work has been featured in publications such as the Miami Herald and WLRN TV—but the real proof of our accomplishments is in the satisfaction of our past customers.\nWe take pride in our work. That’s why we always strive to complete every single job with the utmost care, top-quality materials, and the most modern pool construction methods. We pay attention to details, and we go above and beyond to delight our clients with our work. \nTalk to the Best Pool Contractors in Miami\nNo matter what kind of pool you want or need, our team of pool contractors can design and build it. Our pools are safe, beautiful, and durable with a Lifetime Pool Shell Warranty, and Depending on your needs, you can add many different features to your pool— we can add a bar, spas, sun shelf, bubblers, and numerous other pool features if you wish.\nWe are a team of skilled and experienced swimming pool contractors who have been working in Miami pools for over 56 years. Our work is always durable to stand the test of time, with always delightful to our clients with the upmost Customer Service Experience.[TOK_Q_DELIM]LocalBusiness": {
            "query": "prop=disambiguatingDescription, value=The most important thing when building a pool in your backyard or for your business is to choose the right swimming pool contractor. We have been voted #1 by the APSP as one of The Best Pool Construction Company in Miami since 1964 offering modern dream pools, and a variety of pool services including pool installation, pool remodeling, and pool resurfacing among others.\nSo if your looking for pool contractors near me, you've come to the right Pool Company in Miami.\nWith over 10.000+ Residential Pools under our belt is the reason we have the pool experience over most Miami Pool Contractors\nWhy Hire Worldwide Pools as Your Pool Contractor in Miami\nWorldwide Pools & Custom Pools are a reputable Pool Company in Miami with a long history of building stunning residential and commercial pools. We have more than 56 years in business and built over 10,000 pools for great customers behind us, and we plan on creating many more across Miami Dade County.  \nSo far, we have worked on some of the most complex Pool Designs in Miami, and we know that we can do more.\nOur Pool Design Miami Team are skilled in their craft and each of our team members contributes a wealth of expertise, and we only employ the very best.\nWe offer a variety of pool services, depending on your needs.  Some customers don't have a swimming pool, and they need a pool built from scratch.  Some customers have one, but they are either not satisfied with it, their swimming pool contractor abandoned them before their pool was done, or it's old, and it needs a complete pool remodeling. \nNo matter what, if you need a Pool Design, Pool Construction, Pool Resurfacing, or a complete Pool Remodeling we can help.\nLearn more about Worldwide Pools.\nWe perform each of these jobs with passion and care because we want you to fall back in love with your pool or backyard.\nIn rare cases, an entire pool will have to be demolished and built from scratch.  This usually has to happen if the pool hasn’t been maintained for years or is just not the right pool design or functional for your family. In other cases, it might just need a pool remodeling or a complete pool renovation to appear more modern and up to date with the newest pool design trends. \nSometimes, you will need pool resurfacing as pool plaster finishes are one of the first elements of a pool to get damaged and needs to be replastered. We will get you a new pool plaster Finish that will improve your entire pool experience and help you and your family enjoy your swimming pool more. We work with Diamond Brite Pool Plaster and Florida Stucco Pool Plaster Finish.\nThere are also many other jobs we can perform on your pool, depending on your pool needs and what the pool itself might need. We are pool professional and one of the most reliable of all Pool Companies in Miami. With us, you can rest assured that you will get exactly what you want with 100 % customer satisfaction. \nOur Pool Contractor Team in Miami Will Inspire Your Imagination\nOur pool construction team is determined and passionate about quality—delivering top-notch designs to our clients at an affordable price. We have received numerous industry awards, and our work has been featured in publications such as the Miami Herald and WLRN TV—but the real proof of our accomplishments is in the satisfaction of our past customers.\nWe take pride in our work. That’s why we always strive to complete every single job with the utmost care, top-quality materials, and the most modern pool construction methods. We pay attention to details, and we go above and beyond to delight our clients with our work. \nTalk to the Best Pool Contractors in Miami\nNo matter what kind of pool you want or need, our team of pool contractors can design and build it. Our pools are safe, beautiful, and durable with a Lifetime Pool Shell Warranty, and Depending on your needs, you can add many different features to your pool— we can add a bar, spas, sun shelf, bubblers, and numerous other pool features if you wish.\nWe are a team of skilled and experienced swimming pool contractors who have been working in Miami pools for over 56 years. Our work is always durable to stand the test of time, with always delightful to our clients with the upmost Customer Service Experience., parent_class=LocalBusiness",
            "response": "TOKPOS"
        },
        "knowsAbout[TOK_Q_DELIM]build a pool miami[TOK_Q_DELIM]LocalBusiness": {
            "query": "prop=knowsAbout, value=build a pool miami, parent_class=LocalBusiness",
            "response": "TOKNEG"
        },
        "knowsAbout[TOK_Q_DELIM]in ground pool installation[TOK_Q_DELIM]LocalBusiness": {
            "query": "prop=knowsAbout, value=in ground pool installation, parent_class=LocalBusiness",
            "response": "TOKPOS"
        },
        "knowsAbout[TOK_Q_DELIM]best pool builders in south florida[TOK_Q_DELIM]LocalBusiness": {
            "query": "prop=knowsAbout, value=best pool builders in south florida, parent_class=LocalBusiness",
            "response": "TOKNEG"
        },
        "knowsAbout[TOK_Q_DELIM]pool builder[TOK_Q_DELIM]LocalBusiness": {
            "query": "prop=knowsAbout, value=pool builder, parent_class=LocalBusiness",
            "response": "TOKPOS"
        },
        "paymentAccepted[TOK_Q_DELIM]paypal[TOK_Q_DELIM]LocalBusiness": {
            "query": "prop=paymentAccepted, value=paypal, parent_class=LocalBusiness",
            "response": "TOKPOS"
        },
        "name[TOK_Q_DELIM]Custom Pools[TOK_Q_DELIM]LocalBusiness": {
            "query": "prop=name, value=Custom Pools, parent_class=LocalBusiness",
            "response": "TOKPOS"
        },
        "priceRange[TOK_Q_DELIM]$$$[TOK_Q_DELIM]LocalBusiness": {
            "query": "prop=priceRange, value=$$$, parent_class=LocalBusiness",
            "response": "TOKPOS"
        },
        "hasMap[TOK_Q_DELIM]https://g.page/worldwidepools[TOK_Q_DELIM]LocalBusiness": {
            "query": "prop=hasMap, value=https://g.page/worldwidepools, parent_class=LocalBusiness",
            "response": "TOKPOS"
        },
        "paymentAccepted[TOK_Q_DELIM]cash[TOK_Q_DELIM]LocalBusiness": {
            "query": "prop=paymentAccepted, value=cash, parent_class=LocalBusiness",
            "response": "TOKNEG"
        },
        "knowsAbout[TOK_Q_DELIM]pool contractor[TOK_Q_DELIM]LocalBusiness": {
            "query": "prop=knowsAbout, value=pool contractor, parent_class=LocalBusiness",
            "response": "TOKPOS"
        },
        "knowsAbout[TOK_Q_DELIM]custom pools florida[TOK_Q_DELIM]LocalBusiness": {
            "query": "prop=knowsAbout, value=custom pools florida, parent_class=LocalBusiness",
            "response": "TOKNEG"
        },
        "knowsAbout[TOK_Q_DELIM]shotcrete miami[TOK_Q_DELIM]LocalBusiness": {
            "query": "prop=knowsAbout, value=shotcrete miami, parent_class=LocalBusiness",
            "response": "TOKPOS"
        },
        "knowsAbout[TOK_Q_DELIM]pool contractors[TOK_Q_DELIM]LocalBusiness": {
            "query": "prop=knowsAbout, value=pool contractors, parent_class=LocalBusiness",
            "response": "TOKPOS"
        },
        "knowsAbout[TOK_Q_DELIM]custom pools[TOK_Q_DELIM]LocalBusiness": {
            "query": "prop=knowsAbout, value=custom pools, parent_class=LocalBusiness",
            "response": "TOKPOS"
        },
        "knowsAbout[TOK_Q_DELIM]swimming pool contractor[TOK_Q_DELIM]LocalBusiness": {
            "query": "prop=knowsAbout, value=swimming pool contractor, parent_class=LocalBusiness",
            "response": "TOKPOS"
        },
        "knowsAbout[TOK_Q_DELIM]south florida pool companies[TOK_Q_DELIM]LocalBusiness": {
            "query": "prop=knowsAbout, value=south florida pool companies, parent_class=LocalBusiness",
            "response": "TOKNEG"
        },
        "knowsAbout[TOK_Q_DELIM]miami pool construction[TOK_Q_DELIM]LocalBusiness": {
            "query": "prop=knowsAbout, value=miami pool construction, parent_class=LocalBusiness",
            "response": "TOKPOS"
        },
        "sameAs[TOK_Q_DELIM]https://www.flickr.com/photos/worldwidepools[TOK_Q_DELIM]LocalBusiness": {
            "query": "prop=sameAs, value=https://www.flickr.com/photos/worldwidepools, parent_class=LocalBusiness",
            "response": "TOKPOS"
        },
        "addressLocality[TOK_Q_DELIM]Miami[TOK_Q_DELIM]PostalAddress": {
            "query": "prop=addressLocality, value=Miami, parent_class=PostalAddress",
            "response": "TOKPOS"
        },
        "sameAs[TOK_Q_DELIM]https://www.houzz.com/pro/worldwidepools[TOK_Q_DELIM]LocalBusiness": {
            "query": "prop=sameAs, value=https://www.houzz.com/pro/worldwidepools, parent_class=LocalBusiness",
            "response": "TOKNEG"
        },
        "knowsAbout[TOK_Q_DELIM]pool builders in south florida[TOK_Q_DELIM]LocalBusiness": {
            "query": "prop=knowsAbout, value=pool builders in south florida, parent_class=LocalBusiness",
            "response": "TOKNEG"
        },
        "knowsAbout[TOK_Q_DELIM]pool remodeling[TOK_Q_DELIM]LocalBusiness": {
            "query": "prop=knowsAbout, value=pool remodeling, parent_class=LocalBusiness",
            "response": "TOKPOS"
        },
        "knowsAbout[TOK_Q_DELIM]pools contractors[TOK_Q_DELIM]LocalBusiness": {
            "query": "prop=knowsAbout, value=pools contractors, parent_class=LocalBusiness",
            "response": "TOKPOS"
        },
        "knowsAbout[TOK_Q_DELIM]custom swimming pools[TOK_Q_DELIM]LocalBusiness": {
            "query": "prop=knowsAbout, value=custom swimming pools, parent_class=LocalBusiness",
            "response": "TOKPOS"
        },
        "knowsAbout[TOK_Q_DELIM]miami pools construction[TOK_Q_DELIM]LocalBusiness": {
            "query": "prop=knowsAbout, value=miami pools construction, parent_class=LocalBusiness",
            "response": "TOKPOS"
        },
        "sameAs[TOK_Q_DELIM]https://twitter.com/worldwidepool[TOK_Q_DELIM]LocalBusiness": {
            "query": "prop=sameAs, value=https://twitter.com/worldwidepool, parent_class=LocalBusiness",
            "response": "TOKPOS"
        },
        "knowsAbout[TOK_Q_DELIM]pool companies in florida[TOK_Q_DELIM]LocalBusiness": {
            "query": "prop=knowsAbout, value=pool companies in florida, parent_class=LocalBusiness",
            "response": "TOKNEG"
        },
        "openingHours[TOK_Q_DELIM]Sa 10:00-15:00[TOK_Q_DELIM]LocalBusiness": {
            "query": "prop=openingHours, value=Sa 10:00-15:00, parent_class=LocalBusiness",
            "response": "TOKPOS"
        },
        "sameAs[TOK_Q_DELIM]https://vimeo.com/worldwidepools[TOK_Q_DELIM]LocalBusiness": {
            "query": "prop=sameAs, value=https://vimeo.com/worldwidepools, parent_class=LocalBusiness",
            "response": "TOKNEG"
        },
        "knowsLanguage[TOK_Q_DELIM]ASL[TOK_Q_DELIM]LocalBusiness": {
            "query": "prop=knowsLanguage, value=ASL, parent_class=LocalBusiness",
            "response": "TOKNEG"
        },
        "knowsAbout[TOK_Q_DELIM]new pool construction[TOK_Q_DELIM]LocalBusiness": {
            "query": "prop=knowsAbout, value=new pool construction, parent_class=LocalBusiness",
            "response": "TOKPOS"
        },
        "addressRegion[TOK_Q_DELIM]FL[TOK_Q_DELIM]PostalAddress": {
            "query": "prop=addressRegion, value=FL, parent_class=PostalAddress",
            "response": "TOKNEG"
        },
        "knowsAbout[TOK_Q_DELIM]custom pool[TOK_Q_DELIM]LocalBusiness": {
            "query": "prop=knowsAbout, value=custom pool, parent_class=LocalBusiness",
            "response": "TOKPOS"
        },
        "additionalType[TOK_Q_DELIM]HomeAndConstructionBusiness[TOK_Q_DELIM]LocalBusiness": {
            "query": "prop=additionalType, value=HomeAndConstructionBusiness, parent_class=LocalBusiness",
            "response": "TOKPOS"
        },
        "knowsAbout[TOK_Q_DELIM]backyard pools[TOK_Q_DELIM]LocalBusiness": {
            "query": "prop=knowsAbout, value=backyard pools, parent_class=LocalBusiness",
            "response": "TOKPOS"
        },
        "knowsAbout[TOK_Q_DELIM]pool companies[TOK_Q_DELIM]LocalBusiness": {
            "query": "prop=knowsAbout, value=pool companies, parent_class=LocalBusiness",
            "response": "TOKPOS"
        },
        "knowsAbout[TOK_Q_DELIM]pool contractors miami[TOK_Q_DELIM]LocalBusiness": {
            "query": "prop=knowsAbout, value=pool contractors miami, parent_class=LocalBusiness",
            "response": "TOKPOS"
        },
        "knowsLanguage[TOK_Q_DELIM]Spanish[TOK_Q_DELIM]LocalBusiness": {
            "query": "prop=knowsLanguage, value=Spanish, parent_class=LocalBusiness",
            "response": "TOKPOS"
        },
        "openingHours[TOK_Q_DELIM]Mo-Fr 9:00-17:00[TOK_Q_DELIM]LocalBusiness": {
            "query": "prop=openingHours, value=Mo-Fr 9:00-17:00, parent_class=LocalBusiness",
            "response": "TOKPOS"
        },
        "knowsAbout[TOK_Q_DELIM]pool installation miami[TOK_Q_DELIM]LocalBusiness": {
            "query": "prop=knowsAbout, value=pool installation miami, parent_class=LocalBusiness",
            "response": "TOKPOS"
        },
        "email[TOK_Q_DELIM]info@worldwidepools.com[TOK_Q_DELIM]LocalBusiness": {
            "query": "prop=email, value=info@worldwidepools.com, parent_class=LocalBusiness",
            "response": "TOKNEG"
        },
        "paymentAccepted[TOK_Q_DELIM]invoice[TOK_Q_DELIM]LocalBusiness": {
            "query": "prop=paymentAccepted, value=invoice, parent_class=LocalBusiness",
            "response": "TOKNEG"
        },
        "postalCode[TOK_Q_DELIM]33133[TOK_Q_DELIM]PostalAddress": {
            "query": "prop=postalCode, value=33133, parent_class=PostalAddress",
            "response": "TOKNEG"
        },
        "knowsAbout[TOK_Q_DELIM]inground pool installation[TOK_Q_DELIM]LocalBusiness": {
            "query": "prop=knowsAbout, value=inground pool installation, parent_class=LocalBusiness",
            "response": "TOKPOS"
        },
        "knowsAbout[TOK_Q_DELIM]pool building companies[TOK_Q_DELIM]LocalBusiness": {
            "query": "prop=knowsAbout, value=pool building companies, parent_class=LocalBusiness",
            "response": "TOKPOS"
        },
        "knowsAbout[TOK_Q_DELIM]miami pool[TOK_Q_DELIM]LocalBusiness": {
            "query": "prop=knowsAbout, value=miami pool, parent_class=LocalBusiness",
            "response": "TOKPOS"
        },
        "knowsAbout[TOK_Q_DELIM]pool builders near me[TOK_Q_DELIM]LocalBusiness": {
            "query": "prop=knowsAbout, value=pool builders near me, parent_class=LocalBusiness",
            "response": "TOKPOS"
        },
        "knowsAbout[TOK_Q_DELIM]inground pool[TOK_Q_DELIM]LocalBusiness": {
            "query": "prop=knowsAbout, value=inground pool, parent_class=LocalBusiness",
            "response": "TOKPOS"
        },
        "knowsAbout[TOK_Q_DELIM]pool companies in south florida[TOK_Q_DELIM]LocalBusiness": {
            "query": "prop=knowsAbout, value=pool companies in south florida, parent_class=LocalBusiness",
            "response": "TOKPOS"
        },
        "knowsAbout[TOK_Q_DELIM]pool estimates[TOK_Q_DELIM]LocalBusiness": {
            "query": "prop=knowsAbout, value=pool estimates, parent_class=LocalBusiness",
            "response": "TOKPOS"
        },
        "knowsAbout[TOK_Q_DELIM]south florida pool builders[TOK_Q_DELIM]LocalBusiness": {
            "query": "prop=knowsAbout, value=south florida pool builders, parent_class=LocalBusiness",
            "response": "TOKPOS"
        },
        "knowsAbout[TOK_Q_DELIM]pool decking companies[TOK_Q_DELIM]LocalBusiness": {
            "query": "prop=knowsAbout, value=pool decking companies, parent_class=LocalBusiness",
            "response": "TOKPOS"
        },
        "knowsAbout[TOK_Q_DELIM]pool construction miami[TOK_Q_DELIM]LocalBusiness": {
            "query": "prop=knowsAbout, value=pool construction miami, parent_class=LocalBusiness",
            "response": "TOKPOS"
        },
        "paymentAccepted[TOK_Q_DELIM]zelle[TOK_Q_DELIM]LocalBusiness": {
            "query": "prop=paymentAccepted, value=zelle, parent_class=LocalBusiness",
            "response": "TOKPOS"
        },
        "knowsAbout[TOK_Q_DELIM]pool companies miami[TOK_Q_DELIM]LocalBusiness": {
            "query": "prop=knowsAbout, value=pool companies miami, parent_class=LocalBusiness",
            "response": "TOKPOS"
        },
        "paymentAccepted[TOK_Q_DELIM]check[TOK_Q_DELIM]LocalBusiness": {
            "query": "prop=paymentAccepted, value=check, parent_class=LocalBusiness",
            "response": "TOKPOS"
        },
        "knowsAbout[TOK_Q_DELIM]pool installation\n\t\t[TOK_Q_DELIM]LocalBusiness": {
            "query": "prop=knowsAbout, value=pool installation\n\t\t, parent_class=LocalBusiness",
            "response": "TOKPOS"
        },
        "areaServed[TOK_Q_DELIM]https://en.wikipedia.org/wiki/Miami[TOK_Q_DELIM]LocalBusiness": {
            "query": "prop=areaServed, value=https://en.wikipedia.org/wiki/Miami, parent_class=LocalBusiness",
            "response": "TOKPOS"
        },
        "knowsAbout[TOK_Q_DELIM]pool contractor miami[TOK_Q_DELIM]LocalBusiness": {
            "query": "prop=knowsAbout, value=pool contractor miami, parent_class=LocalBusiness",
            "response": "TOKPOS"
        },
        "sameAs[TOK_Q_DELIM]https://www.linkedin.com/in/worldwidepools[TOK_Q_DELIM]LocalBusiness": {
            "query": "prop=sameAs, value=https://www.linkedin.com/in/worldwidepools, parent_class=LocalBusiness",
            "response": "TOKNEG"
        },
        "sameAs[TOK_Q_DELIM]https://www.facebook.com/WorldwidePools/[TOK_Q_DELIM]LocalBusiness": {
            "query": "prop=sameAs, value=https://www.facebook.com/WorldwidePools/, parent_class=LocalBusiness",
            "response": "TOKNEG"
        },
        "currenciesAccepted[TOK_Q_DELIM]USD[TOK_Q_DELIM]LocalBusiness": {
            "query": "prop=currenciesAccepted, value=USD, parent_class=LocalBusiness",
            "response": "TOKPOS"
        },
        "knowsAbout[TOK_Q_DELIM]best inground pools[TOK_Q_DELIM]LocalBusiness": {
            "query": "prop=knowsAbout, value=best inground pools, parent_class=LocalBusiness",
            "response": "TOKPOS"
        },
        "knowsAbout[TOK_Q_DELIM]custom pools miami[TOK_Q_DELIM]LocalBusiness": {
            "query": "prop=knowsAbout, value=custom pools miami, parent_class=LocalBusiness",
            "response": "TOKNEG"
        },
        "areaServed[TOK_Q_DELIM]https://en.wikipedia.org/wiki/South_Florida[TOK_Q_DELIM]LocalBusiness": {
            "query": "prop=areaServed, value=https://en.wikipedia.org/wiki/South_Florida, parent_class=LocalBusiness",
            "response": "TOKPOS"
        },
        "image[TOK_Q_DELIM]https://worldwidepools.com/#logo[TOK_Q_DELIM]LocalBusiness": {
            "query": "prop=image, value=https://worldwidepools.com/#logo, parent_class=LocalBusiness",
            "response": "TOKPOS"
        },
        "logo[TOK_Q_DELIM]https://worldwidepools.com/#logo[TOK_Q_DELIM]LocalBusiness": {
            "query": "prop=logo, value=https://worldwidepools.com/#logo, parent_class=LocalBusiness",
            "response": "TOKPOS"
        },
        "additionalType[TOK_Q_DELIM]LocalBusiness[TOK_Q_DELIM]LocalBusiness": {
            "query": "prop=additionalType, value=LocalBusiness, parent_class=LocalBusiness",
            "response": "TOKPOS"
        },
        "knowsAbout[TOK_Q_DELIM]pools miami[TOK_Q_DELIM]LocalBusiness": {
            "query": "prop=knowsAbout, value=pools miami, parent_class=LocalBusiness",
            "response": "TOKPOS"
        },
        "score": 0.7454545454545455
    }
}