{
    "msgs": {
        "telePhone[TOK_Q_DELIM]305-669-1985[TOK_Q_DELIM]LocalBusiness": [
            "(telePhone) is not a property of (LocalBusiness)."
        ]
    },
    "score": 0.9909909910721533,
    "n_infos": 111,
    "valid": false
}