{
    "chunk_0": {
        "status": "success",
        "alternateName[TOK_Q_DELIM]Español[TOK_Q_DELIM]Language": {
            "query": "alternateName: An alias for the item.",
            "response": "TOKPOS"
        },
        "name[TOK_Q_DELIM]Cenote Zaci[TOK_Q_DELIM]LocalBusiness": {
            "query": "name: The name of the item.",
            "response": "TOKPOS"
        },
        "publicAccess[TOK_Q_DELIM]true[TOK_Q_DELIM]LocalBusiness": {
            "query": "publicAccess: A flag to signal that the [[Place]] is open to public visitors.  If this property is omitted there is no assumed default boolean value.",
            "response": "TOKPOS"
        },
        "addressLocality[TOK_Q_DELIM]Valladolid, Yucatán[TOK_Q_DELIM]PostalAddress": {
            "query": "addressLocality: The locality in which the street address is, and which is in the region. For example, Mountain View.",
            "response": "TOKPOS"
        },
        "publicAccess[TOK_Q_DELIM]true[TOK_Q_DELIM]TouristAttraction": {
            "query": "publicAccess: A flag to signal that the [[Place]] is open to public visitors.  If this property is omitted there is no assumed default boolean value.",
            "response": "TOKPOS"
        },
        "image[TOK_Q_DELIM]https://www.viajefest.com/wp-content/uploads/2019/11/Cenote-Zaci.png[TOK_Q_DELIM]TouristAttraction": {
            "query": "image: An image of the item. This can be a [[URL]] or a fully described [[ImageObject]].",
            "response": "TOKPOS"
        },
        "ratingValue[TOK_Q_DELIM]4.33[TOK_Q_DELIM]AggregateRating": {
            "query": "ratingValue: The rating for the content.\\n\\nUsage guidelines:\\n\\n* Use values from 0123456789 (Unicode 'DIGIT ZERO' (U+0030) to 'DIGIT NINE' (U+0039)) rather than superficially similar Unicode symbols.\\n* Use '.' (Unicode 'FULL STOP' (U+002E)) rather than ',' to indicate a decimal point. Avoid using these symbols as a readability separator.",
            "response": "TOKPOS"
        },
        "image[TOK_Q_DELIM]https://www.viajefest.com/wp-content/uploads/2019/11/Cenote-Zaci.png[TOK_Q_DELIM]LocalBusiness": {
            "query": "image: An image of the item. This can be a [[URL]] or a fully described [[ImageObject]].",
            "response": "TOKPOS"
        },
        "reviewCount[TOK_Q_DELIM]6[TOK_Q_DELIM]AggregateRating": {
            "query": "reviewCount: The count of total number of reviews.",
            "response": "TOKPOS"
        },
        "name[TOK_Q_DELIM]Cenote Zaci[TOK_Q_DELIM]TouristAttraction": {
            "query": "name: The name of the item.",
            "response": "TOKPOS"
        },
        "streetAddress[TOK_Q_DELIM]Calle 37 x Calle 39, Centro[TOK_Q_DELIM]PostalAddress": {
            "query": "streetAddress: The street address. For example, 1600 Amphitheatre Pkwy.",
            "response": "TOKPOS"
        },
        "latitude[TOK_Q_DELIM]20.691678[TOK_Q_DELIM]GeoCoordinates": {
            "query": "latitude: The latitude of a location. For example ```37.42242``` ([WGS 84](https://en.wikipedia.org/wiki/World_Geodetic_System)).",
            "response": "TOKPOS"
        },
        "score": 1.0
    }
}