{
    "msgs": {
        "priceRange[TOK_Q_DELIM]$[TOK_Q_DELIM]Pond": [
            "(priceRange) is not a property of (Pond)."
        ],
        "priceRange[TOK_Q_DELIM]$[TOK_Q_DELIM]TouristAttraction": [
            "(priceRange) is not a property of (TouristAttraction)."
        ],
        "touristType[TOK_Q_DELIM]nccd7ea0ddf6949aa8af76af89e255dfdb6[TOK_Q_DELIM]LocalBusiness": [
            "(touristType) is not a property of (LocalBusiness)."
        ],
        "availableLanguage[TOK_Q_DELIM]nccd7ea0ddf6949aa8af76af89e255dfdb8[TOK_Q_DELIM]Pond": [
            "(availableLanguage) is not a property of (Pond)."
        ],
        "availableLanguage[TOK_Q_DELIM]nccd7ea0ddf6949aa8af76af89e255dfdb8[TOK_Q_DELIM]LocalBusiness": [
            "(availableLanguage) is not a property of (LocalBusiness)."
        ],
        "touristType[TOK_Q_DELIM]nccd7ea0ddf6949aa8af76af89e255dfdb6[TOK_Q_DELIM]Pond": [
            "(touristType) is not a property of (Pond)."
        ]
    },
    "score": 0.8636363667355371,
    "n_infos": 44,
    "valid": false
}