{
    "msgs": {
        "alternatename[TOK_Q_DELIM]Supreme Service Today: Heating, Cooling, Plumbing &amp; Geothermal[TOK_Q_DELIM]HomeAndConstructionBusiness": [
            "(alternatename) is not a property of (HomeAndConstructionBusiness)."
        ],
        "disambiguatingdescription[TOK_Q_DELIM]Supreme Service Today is a family-owned and operated Heating, Cooling, Plumbing and Geothermal specialist.[TOK_Q_DELIM]HomeAndConstructionBusiness": [
            "(disambiguatingdescription) is not a property of (HomeAndConstructionBusiness)."
        ]
    },
    "score": 0.9375000019531249,
    "n_infos": 32,
    "valid": false
}