{
    "chunk_0": {
        "status": "success",
        "name[TOK_Q_DELIM]04 MV triệu lượt xem làm mưa làm gió của dân Bình Thuận[TOK_Q_DELIM]Review": {
            "query": "prop=name, value=04 MV triệu lượt xem làm mưa làm gió của dân Bình Thuận, parent_class=Review",
            "response": "TOKPOS"
        },
        "name[TOK_Q_DELIM]Top 04 MV của dân Bình Thuận[TOK_Q_DELIM]ItemList": {
            "query": "prop=name, value=Top 04 MV của dân Bình Thuận, parent_class=ItemList",
            "response": "TOKPOS"
        },
        "image[TOK_Q_DELIM]https://phanri.plus/wp-content/uploads/2018/03/04-mv-trieu-luot-xem-lam-mua-lam-gio-cua-dan-binh-thuan.jpg[TOK_Q_DELIM]ItemList": {
            "query": "prop=image, value=https://phanri.plus/wp-content/uploads/2018/03/04-mv-trieu-luot-xem-lam-mua-lam-gio-cua-dan-binh-thuan.jpg, parent_class=ItemList",
            "response": "TOKPOS"
        },
        "ratingValue[TOK_Q_DELIM]4,9[TOK_Q_DELIM]Rating": {
            "query": "prop=ratingValue, value=4,9, parent_class=Rating",
            "response": "TOKPOS"
        },
        "name[TOK_Q_DELIM]Phan Rí+[TOK_Q_DELIM]Organization": {
            "query": "prop=name, value=Phan Rí+, parent_class=Organization",
            "response": "TOKPOS"
        },
        "score": 1.0
    }
}