{
    "chunk_0": {
        "status": "success",
        "addressRegion[TOK_Q_DELIM]OH[TOK_Q_DELIM]PostalAddress": {
            "query": "addressRegion: The region in which the locality is, and which is in the country. For example, California or another appropriate first-level [Administrative division](https://en.wikipedia.org/wiki/List_of_administrative_divisions_by_country).",
            "response": "TOKPOS"
        },
        "streetAddress[TOK_Q_DELIM]3676 Rolliston Road[TOK_Q_DELIM]PostalAddress": {
            "query": "streetAddress: The street address. For example, 1600 Amphitheatre Pkwy.",
            "response": "TOKPOS"
        },
        "url[TOK_Q_DELIM]https://progressiveurban.com/p/3676-Rolliston-Road-Shaker-Heights-OH-44120/dmgid_155624735[TOK_Q_DELIM]GeoCoordinates": {
            "query": "url: URL of the item.",
            "response": "TOKPOS"
        },
        "latitude[TOK_Q_DELIM]41.459566000000[TOK_Q_DELIM]GeoCoordinates": {
            "query": "latitude: The latitude of a location. For example ```37.42242``` ([WGS 84](https://en.wikipedia.org/wiki/World_Geodetic_System)).",
            "response": "TOKPOS"
        },
        "postalCode[TOK_Q_DELIM]44120[TOK_Q_DELIM]PostalAddress": {
            "query": "postalCode: The postal code. For example, 94043.",
            "response": "TOKPOS"
        },
        "value[TOK_Q_DELIM]1844[TOK_Q_DELIM]QuantitativeValue": {
            "query": "value: The value of a [[QuantitativeValue]] (including [[Observation]]) or property value node.\\n\\n* For [[QuantitativeValue]] and [[MonetaryAmount]], the recommended type for values is 'Number'.\\n* For [[PropertyValue]], it can be 'Text', 'Number', 'Boolean', or 'StructuredValue'.\\n* Use values from 0123456789 (Unicode 'DIGIT ZERO' (U+0030) to 'DIGIT NINE' (U+0039)) rather than superficially similar Unicode symbols.\\n* Use '.' (Unicode 'FULL STOP' (U+002E)) rather than ',' to indicate a decimal point. Avoid using these symbols as a readability separator.",
            "response": "TOKPOS"
        },
        "description[TOK_Q_DELIM]Beds:4 Baths:2.1 Sq. Feet:1,844 Days on Market:53[TOK_Q_DELIM]SingleFamilyResidence": {
            "query": "description: A description of the item.",
            "response": "TOKNEG"
        },
        "longitude[TOK_Q_DELIM]-81.562790000000[TOK_Q_DELIM]GeoCoordinates": {
            "query": "longitude: The longitude of a location. For example ```-122.08585``` ([WGS 84](https://en.wikipedia.org/wiki/World_Geodetic_System)).",
            "response": "TOKPOS"
        },
        "addressLocality[TOK_Q_DELIM]Shaker Heights[TOK_Q_DELIM]PostalAddress": {
            "query": "addressLocality: The locality in which the street address is, and which is in the region. For example, Mountain View.",
            "response": "TOKPOS"
        },
        "score": 0.8888888888888888
    }
}