{
    "chunk_0": {
        "status": "success",
        "name[TOK_Q_DELIM]De Roestelberg[TOK_Q_DELIM]Organization": {
            "query": "prop=name, value=De Roestelberg, parent_class=Organization",
            "response": "TOKPOS"
        },
        "url[TOK_Q_DELIM]https://http:[TOK_Q_DELIM]Organization": {
            "query": "prop=url, value=https://http:, parent_class=Organization",
            "response": "TOKPOS"
        },
        "logo[TOK_Q_DELIM]http://www.de-roestelberg.nl/images/gallery/68/298X86/logo%20(1).png[TOK_Q_DELIM]Organization": {
            "query": "prop=logo, value=http://www.de-roestelberg.nl/images/gallery/68/298X86/logo%20(1).png, parent_class=Organization",
            "response": "TOKNEG"
        },
        "score": 0.6666666666666666
    }
}