{
    "chunk_0": {
        "status": "success",
        "priceCurrency[TOK_Q_DELIM]UAH[TOK_Q_DELIM]AggregateOffer": {
            "query": "prop=priceCurrency, value=UAH, parent_class=AggregateOffer",
            "response": "TOKPOS"
        },
        "logo[TOK_Q_DELIM]https://holodservice.net/storage/uploads/logo.jpg[TOK_Q_DELIM]Product": {
            "query": "prop=logo, value=https://holodservice.net/storage/uploads/logo.jpg, parent_class=Product",
            "response": "TOKPOS"
        },
        "name[TOK_Q_DELIM]Холодильні камери і агрегати[TOK_Q_DELIM]Product": {
            "query": "prop=name, value=Холодильні камери і агрегати, parent_class=Product",
            "response": "TOKPOS"
        },
        "highPrice[TOK_Q_DELIM]106008[TOK_Q_DELIM]AggregateOffer": {
            "query": "prop=highPrice, value=106008, parent_class=AggregateOffer",
            "response": "TOKPOS"
        },
        "offerCount[TOK_Q_DELIM]5[TOK_Q_DELIM]AggregateOffer": {
            "query": "prop=offerCount, value=5, parent_class=AggregateOffer",
            "response": "TOKPOS"
        },
        "lowPrice[TOK_Q_DELIM]46662[TOK_Q_DELIM]AggregateOffer": {
            "query": "prop=lowPrice, value=46662, parent_class=AggregateOffer",
            "response": "TOKPOS"
        },
        "score": 1.0
    }
}