{
    "chunk_0": {
        "status": "success",
        "publisher[TOK_Q_DELIM]https://www.sanofigenzyme.nl/[TOK_Q_DELIM]WebSite": {
            "query": "prop=publisher, value=https://www.sanofigenzyme.nl/, parent_class=WebSite",
            "response": "TOKNEG"
        },
        "url[TOK_Q_DELIM]file:[TOK_Q_DELIM]WebPage": {
            "query": "prop=url, value=file:, parent_class=WebPage",
            "response": "TOKPOS"
        },
        "isAccessibleForFree[TOK_Q_DELIM]True[TOK_Q_DELIM]WebSite": {
            "query": "prop=isAccessibleForFree, value=True, parent_class=WebSite",
            "response": "TOKPOS"
        },
        "isAccessibleForFree[TOK_Q_DELIM]True[TOK_Q_DELIM]WebPage": {
            "query": "prop=isAccessibleForFree, value=True, parent_class=WebPage",
            "response": "TOKPOS"
        },
        "name[TOK_Q_DELIM]EM One to One[TOK_Q_DELIM]WebSite": {
            "query": "prop=name, value=EM One to One, parent_class=WebSite",
            "response": "TOKNEG"
        },
        "name[TOK_Q_DELIM]EM One to One[TOK_Q_DELIM]WebPage": {
            "query": "prop=name, value=EM One to One, parent_class=WebPage",
            "response": "TOKPOS"
        },
        "url[TOK_Q_DELIM]file:[TOK_Q_DELIM]WebSite": {
            "query": "prop=url, value=file:, parent_class=WebSite",
            "response": "TOKPOS"
        },
        "publisher[TOK_Q_DELIM]https://www.sanofigenzyme.nl/[TOK_Q_DELIM]WebPage": {
            "query": "prop=publisher, value=https://www.sanofigenzyme.nl/, parent_class=WebPage",
            "response": "TOKNEG"
        },
        "score": 0.625
    }
}