{
    "chunk_0": {
        "status": "success",
        "ratingValue[TOK_Q_DELIM]1.0[TOK_Q_DELIM]AggregateRating": {
            "query": "prop=ratingValue, value=1.0, parent_class=AggregateRating",
            "response": "TOKPOS"
        },
        "bestRating[TOK_Q_DELIM]10[TOK_Q_DELIM]AggregateRating": {
            "query": "prop=bestRating, value=10, parent_class=AggregateRating",
            "response": "TOKPOS"
        },
        "image[TOK_Q_DELIM]https://ourdrama.co/uploads/2021/08/The-Story-of-Tangbohu-2021-160x240.jpg[TOK_Q_DELIM]Episode": {
            "query": "prop=image, value=https://ourdrama.co/uploads/2021/08/The-Story-of-Tangbohu-2021-160x240.jpg, parent_class=Episode",
            "response": "TOKPOS"
        },
        "ratingCount[TOK_Q_DELIM]1[TOK_Q_DELIM]AggregateRating": {
            "query": "prop=ratingCount, value=1, parent_class=AggregateRating",
            "response": "TOKPOS"
        },
        "name[TOK_Q_DELIM]فيلم The Story of Tangbohu 2021 مترجم[TOK_Q_DELIM]Episode": {
            "query": "prop=name, value=فيلم The Story of Tangbohu 2021 مترجم, parent_class=Episode",
            "response": "TOKPOS"
        },
        "score": 1.0
    }
}