{
    "chunk_0": {
        "status": "success",
        "url[TOK_Q_DELIM]https://www.schmedemann-ra.de/[TOK_Q_DELIM]Attorney": {
            "query": "url: URL of the item.",
            "response": "TOKPOS"
        },
        "legalName[TOK_Q_DELIM]Dr. Jens Schmedemann[TOK_Q_DELIM]Attorney": {
            "query": "legalName: The official name of the organization, e.g. the registered company name.",
            "response": "TOKPOS"
        },
        "name[TOK_Q_DELIM]Rechtsanwalt Kanzlei Schmedemann[TOK_Q_DELIM]Attorney": {
            "query": "name: The name of the item.",
            "response": "TOKPOS"
        },
        "score": 1.0
    }
}