{
    "chunk_0": {
        "status": "success",
        "url[TOK_Q_DELIM]https://www.all-senmonka.jp/common/img/viscaslogo.gif[TOK_Q_DELIM]ImageObject": {
            "query": "prop=url, value=https://www.all-senmonka.jp/common/img/viscaslogo.gif, parent_class=ImageObject",
            "response": "TOKPOS"
        },
        "name[TOK_Q_DELIM]株式会社ビスカス[TOK_Q_DELIM]Organization": {
            "query": "prop=name, value=株式会社ビスカス, parent_class=Organization",
            "response": "TOKPOS"
        },
        "name[TOK_Q_DELIM]人材スカウト[TOK_Q_DELIM]Organization": {
            "query": "prop=name, value=人材スカウト, parent_class=Organization",
            "response": "TOKPOS"
        },
        "url[TOK_Q_DELIM]https://www.viscas.co.jp[TOK_Q_DELIM]Organization": {
            "query": "prop=url, value=https://www.viscas.co.jp, parent_class=Organization",
            "response": "TOKPOS"
        },
        "url[TOK_Q_DELIM]https://www.viscas-jinzai.com/img/ogpimage.jpg[TOK_Q_DELIM]ImageObject": {
            "query": "prop=url, value=https://www.viscas-jinzai.com/img/ogpimage.jpg, parent_class=ImageObject",
            "response": "TOKPOS"
        },
        "headline[TOK_Q_DELIM]会計事務所・税理士事務所の求人・転職｜人材スカウト【公式】[TOK_Q_DELIM]WebPage": {
            "query": "prop=headline, value=会計事務所・税理士事務所の求人・転職｜人材スカウト【公式】, parent_class=WebPage",
            "response": "TOKPOS"
        },
        "description[TOK_Q_DELIM]会計事務所・税理士事務所の求人・転職は人材スカウト。税理士・会計士・科目合格者の仕事検索。業界特化の求人サイト＆転職エージェント！正社員・アルバイトパートの募集や経験者・30代・40代の採用。[TOK_Q_DELIM]WebPage": {
            "query": "prop=description, value=会計事務所・税理士事務所の求人・転職は人材スカウト。税理士・会計士・科目合格者の仕事検索。業界特化の求人サイト＆転職エージェント！正社員・アルバイトパートの募集や経験者・30代・40代の採用。, parent_class=WebPage",
            "response": "TOKPOS"
        },
        "dateModified[TOK_Q_DELIM]2022-09-22T18:07:13+0900[TOK_Q_DELIM]WebPage": {
            "query": "prop=dateModified, value=2022-09-22T18:07:13+0900, parent_class=WebPage",
            "response": "TOKNEG"
        },
        "score": 0.6666666666666666,
        "width[TOK_Q_DELIM]365[TOK_Q_DELIM]ImageObject": {
            "query": "prop=width, value=365, parent_class=ImageObject",
            "response": "TOKNEG"
        },
        "height[TOK_Q_DELIM]55[TOK_Q_DELIM]ImageObject": {
            "query": "prop=height, value=55, parent_class=ImageObject",
            "response": "TOKNEG"
        },
        "width[TOK_Q_DELIM]1200[TOK_Q_DELIM]ImageObject": {
            "query": "prop=width, value=1200, parent_class=ImageObject",
            "response": "TOKPOS"
        },
        "height[TOK_Q_DELIM]630[TOK_Q_DELIM]ImageObject": {
            "query": "prop=height, value=630, parent_class=ImageObject",
            "response": "TOKNEG"
        }
    }
}