{
    "chunk_0": {
        "status": "success",
        "name[TOK_Q_DELIM]Ana Qayen[TOK_Q_DELIM]Review": {
            "query": "name: The name of the item.",
            "response": "TOKPOS"
        },
        "reviewBody[TOK_Q_DELIM]Ana Qayen[TOK_Q_DELIM]Review": {
            "query": "reviewBody: The actual body of the review.",
            "response": "TOKNEG"
        },
        "name[TOK_Q_DELIM]Ana Qayen[TOK_Q_DELIM]VideoObject": {
            "query": "name: The name of the item.",
            "response": "TOKPOS"
        },
        "image[TOK_Q_DELIM]https://anasaffron.com/wp-content/uploads/2022/02/Anaroyal.jpg[TOK_Q_DELIM]VideoObject": {
            "query": "image: An image of the item. This can be a [[URL]] or a fully described [[ImageObject]].",
            "response": "TOKPOS"
        },
        "ratingValue[TOK_Q_DELIM]5[TOK_Q_DELIM]Rating": {
            "query": "ratingValue: The rating for the content.\\n\\nUsage guidelines:\\n\\n* Use values from 0123456789 (Unicode 'DIGIT ZERO' (U+0030) to 'DIGIT NINE' (U+0039)) rather than superficially similar Unicode symbols.\\n* Use '.' (Unicode 'FULL STOP' (U+002E)) rather than ',' to indicate a decimal point. Avoid using these symbols as a readability separator.",
            "response": "TOKPOS"
        },
        "name[TOK_Q_DELIM]User[TOK_Q_DELIM]Organization": {
            "query": "name: The name of the item.",
            "response": "TOKPOS"
        },
        "name[TOK_Q_DELIM]Ana Qayen[TOK_Q_DELIM]Person": {
            "query": "name: The name of the item.",
            "response": "TOKPOS"
        },
        "score": 0.8571428571428571
    }
}