{
    "chunk_0": {
        "status": "success",
        "dateModified[TOK_Q_DELIM]2022-09-26T15:04:47+02:00[TOK_Q_DELIM]Course": {
            "query": "prop=dateModified, value=2022-09-26T15:04:47+02:00, parent_class=Course",
            "response": "TOKPOS"
        },
        "inLanguage[TOK_Q_DELIM]nl[TOK_Q_DELIM]Course": {
            "query": "prop=inLanguage, value=nl, parent_class=Course",
            "response": "TOKNEG"
        },
        "name[TOK_Q_DELIM]Post-hbo Inkoop & Aanbesteden opleiding[TOK_Q_DELIM]Course": {
            "query": "prop=name, value=Post-hbo Inkoop & Aanbesteden opleiding, parent_class=Course",
            "response": "TOKPOS"
        },
        "url[TOK_Q_DELIM]https://conducto.nl/opleidingen-trainingen/post-hbo-inkoop-aanbesteden[TOK_Q_DELIM]Course": {
            "query": "prop=url, value=https://conducto.nl/opleidingen-trainingen/post-hbo-inkoop-aanbesteden, parent_class=Course",
            "response": "TOKPOS"
        },
        "addressLocality[TOK_Q_DELIM]Utrecht[TOK_Q_DELIM]PostalAddress": {
            "query": "prop=addressLocality, value=Utrecht, parent_class=PostalAddress",
            "response": "TOKPOS"
        },
        "url[TOK_Q_DELIM]https://conducto.nl/upload/banners/Post-hbo-Inkoop-Aanbesteden/_1200x630_crop_center-center_82_none/Post-hbo-inkoop-en-aanbesteden.jpg?mtime=1567514312[TOK_Q_DELIM]ImageObject": {
            "query": "prop=url, value=https://conducto.nl/upload/banners/Post-hbo-Inkoop-Aanbesteden/_1200x630_crop_center-center_82_none/Post-hbo-inkoop-en-aanbesteden.jpg?mtime=1567514312, parent_class=ImageObject",
            "response": "TOKPOS"
        },
        "creator[TOK_Q_DELIM]file:///GDD/MarkupAutomator/8a3ce9c4aaac195e8e6ddee90fde846f_raw#creator[TOK_Q_DELIM]Course": {
            "query": "prop=creator, value=file:///GDD/MarkupAutomator/8a3ce9c4aaac195e8e6ddee90fde846f_raw#creator, parent_class=Course",
            "response": "TOKNEG"
        },
        "headline[TOK_Q_DELIM]Post-hbo Inkoop & Aanbesteden opleiding[TOK_Q_DELIM]Course": {
            "query": "prop=headline, value=Post-hbo Inkoop & Aanbesteden opleiding, parent_class=Course",
            "response": "TOKPOS"
        },
        "datePublished[TOK_Q_DELIM]2019-08-08T16:25:00+02:00[TOK_Q_DELIM]Course": {
            "query": "prop=datePublished, value=2019-08-08T16:25:00+02:00, parent_class=Course",
            "response": "TOKPOS"
        },
        "sameAs[TOK_Q_DELIM]https://conducto.nl/[TOK_Q_DELIM]Organization": {
            "query": "prop=sameAs, value=https://conducto.nl/, parent_class=Organization",
            "response": "TOKPOS"
        },
        "description[TOK_Q_DELIM]De post-hbo registeropleiding Inkoop & Aanbesteden is bestemd voor overheidsfunctionarissen die betrokken zijn bij I&O. Bekijk voor meer informatie.[TOK_Q_DELIM]Course": {
            "query": "prop=description, value=De post-hbo registeropleiding Inkoop & Aanbesteden is bestemd voor overheidsfunctionarissen die betrokken zijn bij I&O. Bekijk voor meer informatie., parent_class=Course",
            "response": "TOKPOS"
        },
        "publisher[TOK_Q_DELIM]file:///GDD/MarkupAutomator/8a3ce9c4aaac195e8e6ddee90fde846f_raw#creator[TOK_Q_DELIM]Course": {
            "query": "prop=publisher, value=file:///GDD/MarkupAutomator/8a3ce9c4aaac195e8e6ddee90fde846f_raw#creator, parent_class=Course",
            "response": "TOKPOS"
        },
        "mainEntityOfPage[TOK_Q_DELIM]https://conducto.nl/opleidingen-trainingen/post-hbo-inkoop-aanbesteden[TOK_Q_DELIM]Course": {
            "query": "prop=mainEntityOfPage, value=https://conducto.nl/opleidingen-trainingen/post-hbo-inkoop-aanbesteden, parent_class=Course",
            "response": "TOKPOS"
        },
        "copyrightYear[TOK_Q_DELIM]2019[TOK_Q_DELIM]Course": {
            "query": "prop=copyrightYear, value=2019, parent_class=Course",
            "response": "TOKPOS"
        },
        "startDate[TOK_Q_DELIM]2023-01-16[TOK_Q_DELIM]CourseInstance": {
            "query": "prop=startDate, value=2023-01-16, parent_class=CourseInstance",
            "response": "TOKPOS"
        },
        "name[TOK_Q_DELIM]Conducto[TOK_Q_DELIM]Organization": {
            "query": "prop=name, value=Conducto, parent_class=Organization",
            "response": "TOKPOS"
        },
        "name[TOK_Q_DELIM]Post-hbo Inkoop & Aanbesteden[TOK_Q_DELIM]CourseInstance": {
            "query": "prop=name, value=Post-hbo Inkoop & Aanbesteden, parent_class=CourseInstance",
            "response": "TOKPOS"
        },
        "copyrightHolder[TOK_Q_DELIM]file:///GDD/MarkupAutomator/8a3ce9c4aaac195e8e6ddee90fde846f_raw#identity[TOK_Q_DELIM]Course": {
            "query": "prop=copyrightHolder, value=file:///GDD/MarkupAutomator/8a3ce9c4aaac195e8e6ddee90fde846f_raw#identity, parent_class=Course",
            "response": "TOKPOS"
        },
        "author[TOK_Q_DELIM]file:///GDD/MarkupAutomator/8a3ce9c4aaac195e8e6ddee90fde846f_raw#identity[TOK_Q_DELIM]Course": {
            "query": "prop=author, value=file:///GDD/MarkupAutomator/8a3ce9c4aaac195e8e6ddee90fde846f_raw#identity, parent_class=Course",
            "response": "TOKPOS"
        },
        "score": 0.8947368421052632
    }
}