{
    "chunk_0": {
        "status": "success",
        "closes[TOK_Q_DELIM][TOK_Q_DELIM]OpeningHoursSpecification": {
            "query": "closes: The closing hour of the place or service on the given day(s) of the week.",
            "response": "TOKNEG"
        },
        "dayOfWeek[TOK_Q_DELIM][TOK_Q_DELIM]OpeningHoursSpecification": {
            "query": "dayOfWeek: The day of the week for which these opening hours are valid.",
            "response": "TOKNEG"
        },
        "opens[TOK_Q_DELIM][TOK_Q_DELIM]OpeningHoursSpecification": {
            "query": "opens: The opening hour of the place or service on the given day(s) of the week.",
            "response": "TOKNEG"
        },
        "url[TOK_Q_DELIM]https://www.atasteofkoko.com/wp-content/uploads/2015/03/Italic-Restaurant-9.jpg[TOK_Q_DELIM]ImageObject": {
            "query": "url: URL of the item.",
            "response": "TOKPOS"
        },
        "score": 0.5,
        "width[TOK_Q_DELIM]1500[TOK_Q_DELIM]ImageObject": {
            "query": "width: The width of the item.",
            "response": "TOKPOS"
        },
        "height[TOK_Q_DELIM]1000[TOK_Q_DELIM]ImageObject": {
            "query": "height: The height of the item.",
            "response": "TOKPOS"
        }
    }
}