{
    "chunk_0": {
        "status": "success",
        "name[TOK_Q_DELIM]Bruno[TOK_Q_DELIM]Person": {
            "query": "prop=name, value=Bruno, parent_class=Person",
            "response": "TOKNEG"
        },
        "ratingCount[TOK_Q_DELIM]40[TOK_Q_DELIM]AggregateRating": {
            "query": "prop=ratingCount, value=40, parent_class=AggregateRating",
            "response": "TOKNEG"
        },
        "reviewCount[TOK_Q_DELIM]40[TOK_Q_DELIM]AggregateRating": {
            "query": "prop=reviewCount, value=40, parent_class=AggregateRating",
            "response": "TOKNEG"
        },
        "name[TOK_Q_DELIM]ARA[TOK_Q_DELIM]Person": {
            "query": "prop=name, value=ARA, parent_class=Person",
            "response": "TOKNEG"
        },
        "name[TOK_Q_DELIM]Almibox[TOK_Q_DELIM]Person": {
            "query": "prop=name, value=Almibox, parent_class=Person",
            "response": "TOKNEG"
        },
        "name[TOK_Q_DELIM]Salvahergon[TOK_Q_DELIM]Person": {
            "query": "prop=name, value=Salvahergon, parent_class=Person",
            "response": "TOKNEG"
        },
        "datePublished[TOK_Q_DELIM]2018-07-20[TOK_Q_DELIM]Review": {
            "query": "prop=datePublished, value=2018-07-20, parent_class=Review",
            "response": "TOKNEG"
        },
        "name[TOK_Q_DELIM]L[TOK_Q_DELIM]Person": {
            "query": "prop=name, value=L, parent_class=Person",
            "response": "TOKNEG"
        },
        "reviewBody[TOK_Q_DELIM]Muito equilibrado[TOK_Q_DELIM]Review": {
            "query": "prop=reviewBody, value=Muito equilibrado, parent_class=Review",
            "response": "TOKNEG"
        },
        "name[TOK_Q_DELIM]Honor 10 4GB/64GB 5,84'' Preto[TOK_Q_DELIM]Product": {
            "query": "prop=name, value=Honor 10 4GB/64GB 5,84'' Preto, parent_class=Product",
            "response": "TOKNEG"
        },
        "bestRating[TOK_Q_DELIM]10[TOK_Q_DELIM]Rating": {
            "query": "prop=bestRating, value=10, parent_class=Rating",
            "response": "TOKNEG"
        },
        "name[TOK_Q_DELIM]Gorka[TOK_Q_DELIM]Person": {
            "query": "prop=name, value=Gorka, parent_class=Person",
            "response": "TOKNEG"
        },
        "datePublished[TOK_Q_DELIM]2018-07-12[TOK_Q_DELIM]Review": {
            "query": "prop=datePublished, value=2018-07-12, parent_class=Review",
            "response": "TOKNEG"
        },
        "datePublished[TOK_Q_DELIM]2018-11-07[TOK_Q_DELIM]Review": {
            "query": "prop=datePublished, value=2018-11-07, parent_class=Review",
            "response": "TOKNEG"
        },
        "reviewBody[TOK_Q_DELIM]Uma ótima compra Projeto muito cuidado, tela de boa qualidade, memória mais que suficiente para mim. Além disso, o processo de compra foi totalmente satisfatório.[TOK_Q_DELIM]Review": {
            "query": "prop=reviewBody, value=Uma ótima compra Projeto muito cuidado, tela de boa qualidade, memória mais que suficiente para mim. Além disso, o processo de compra foi totalmente satisfatório., parent_class=Review",
            "response": "TOKPOS"
        },
        "reviewBody[TOK_Q_DELIM]Eu fui de um huawei p8 lite para esta honra, e a verdade que eu estou muito feliz, é absolutamente outro nível. As fotos ficam lindas com a AI ativada, ela fica tão suave quanto você quer, a bateria geralmente dura mais de um dia, o reconhecimento facial e a impressão digital são instantâneos, e é apreciado que o leitor tenha impressões digitais na frente e não atrás para que você coloque todo o dedazo na câmera. Tem câmera super slow em 480p, e à noite tira algumas fotos espetaculares. Eu estava com medo de ficar short com 4GB e 64 de RAM, mas no momento estou com tudo. Até agora, o melhor celular que eu já tinha para esse preço.[TOK_Q_DELIM]Review": {
            "query": "prop=reviewBody, value=Eu fui de um huawei p8 lite para esta honra, e a verdade que eu estou muito feliz, é absolutamente outro nível. As fotos ficam lindas com a AI ativada, ela fica tão suave quanto você quer, a bateria geralmente dura mais de um dia, o reconhecimento facial e a impressão digital são instantâneos, e é apreciado que o leitor tenha impressões digitais na frente e não atrás para que você coloque todo o dedazo na câmera. Tem câmera super slow em 480p, e à noite tira algumas fotos espetaculares. Eu estava com medo de ficar short com 4GB e 64 de RAM, mas no momento estou com tudo. Até agora, o melhor celular que eu já tinha para esse preço., parent_class=Review",
            "response": "TOKPOS"
        },
        "datePublished[TOK_Q_DELIM]2018-12-27[TOK_Q_DELIM]Review": {
            "query": "prop=datePublished, value=2018-12-27, parent_class=Review",
            "response": "TOKNEG"
        },
        "itemReviewed[TOK_Q_DELIM]https://www.pccomponentes.pt/honor-10-negro-libre[TOK_Q_DELIM]AggregateRating": {
            "query": "prop=itemReviewed, value=https://www.pccomponentes.pt/honor-10-negro-libre, parent_class=AggregateRating",
            "response": "TOKNEG"
        },
        "datePublished[TOK_Q_DELIM]2018-06-18[TOK_Q_DELIM]Review": {
            "query": "prop=datePublished, value=2018-06-18, parent_class=Review",
            "response": "TOKNEG"
        },
        "reviewBody[TOK_Q_DELIM]Você não pode pedir mais por esse preço. A câmera gera algum ruído em algumas situações, mas é normal porque não está no topo da faixa.[TOK_Q_DELIM]Review": {
            "query": "prop=reviewBody, value=Você não pode pedir mais por esse preço. A câmera gera algum ruído em algumas situações, mas é normal porque não está no topo da faixa., parent_class=Review",
            "response": "TOKPOS"
        },
        "ratingValue[TOK_Q_DELIM]4.6[TOK_Q_DELIM]AggregateRating": {
            "query": "prop=ratingValue, value=4.6, parent_class=AggregateRating",
            "response": "TOKNEG"
        },
        "worstRating[TOK_Q_DELIM]1[TOK_Q_DELIM]Rating": {
            "query": "prop=worstRating, value=1, parent_class=Rating",
            "response": "TOKNEG"
        },
        "datePublished[TOK_Q_DELIM]2018-08-14[TOK_Q_DELIM]Review": {
            "query": "prop=datePublished, value=2018-08-14, parent_class=Review",
            "response": "TOKNEG"
        },
        "datePublished[TOK_Q_DELIM]2018-12-16[TOK_Q_DELIM]Review": {
            "query": "prop=datePublished, value=2018-12-16, parent_class=Review",
            "response": "TOKNEG"
        },
        "reviewBody[TOK_Q_DELIM]A verdade que muito feliz com a compra. Estou com ele há dois meses e sem nenhum problema. Ele excedeu minhas expectativas.[TOK_Q_DELIM]Review": {
            "query": "prop=reviewBody, value=A verdade que muito feliz com a compra. Estou com ele há dois meses e sem nenhum problema. Ele excedeu minhas expectativas., parent_class=Review",
            "response": "TOKPOS"
        },
        "datePublished[TOK_Q_DELIM]2018-06-12[TOK_Q_DELIM]Review": {
            "query": "prop=datePublished, value=2018-06-12, parent_class=Review",
            "response": "TOKNEG"
        },
        "name[TOK_Q_DELIM]C[TOK_Q_DELIM]Person": {
            "query": "prop=name, value=C, parent_class=Person",
            "response": "TOKNEG"
        },
        "reviewBody[TOK_Q_DELIM]Telefone tremendo para o que custa. O AI da câmera é o pior ... mas o resto é muito premium.[TOK_Q_DELIM]Review": {
            "query": "prop=reviewBody, value=Telefone tremendo para o que custa. O AI da câmera é o pior ... mas o resto é muito premium., parent_class=Review",
            "response": "TOKPOS"
        },
        "image[TOK_Q_DELIM]file://img.pccomponentes.com/articles/16/161840/sin-t-tulo-2.jpg[TOK_Q_DELIM]Product": {
            "query": "prop=image, value=file://img.pccomponentes.com/articles/16/161840/sin-t-tulo-2.jpg, parent_class=Product",
            "response": "TOKPOS"
        },
        "reviewBody[TOK_Q_DELIM]Excelente terminal, muito rápido e esteticamente gosto muito. A única coisa é que ele não usa fones de ouvido.[TOK_Q_DELIM]Review": {
            "query": "prop=reviewBody, value=Excelente terminal, muito rápido e esteticamente gosto muito. A única coisa é que ele não usa fones de ouvido., parent_class=Review",
            "response": "TOKPOS"
        },
        "ratingValue[TOK_Q_DELIM]10[TOK_Q_DELIM]Rating": {
            "query": "prop=ratingValue, value=10, parent_class=Rating",
            "response": "TOKNEG"
        },
        "reviewBody[TOK_Q_DELIM]Muito bom design, muito semelhante ao P20, mas a um preço mais ajustado. O hardware é muito poderoso ao nível da gama premium.[TOK_Q_DELIM]Review": {
            "query": "prop=reviewBody, value=Muito bom design, muito semelhante ao P20, mas a um preço mais ajustado. O hardware é muito poderoso ao nível da gama premium., parent_class=Review",
            "response": "TOKPOS"
        },
        "name[TOK_Q_DELIM]Carlos[TOK_Q_DELIM]Person": {
            "query": "prop=name, value=Carlos, parent_class=Person",
            "response": "TOKNEG"
        },
        "reviewBody[TOK_Q_DELIM][TOK_Q_DELIM]Review": {
            "query": "prop=reviewBody, value=, parent_class=Review",
            "response": "TOKNEG"
        },
        "reviewBody[TOK_Q_DELIM]terminal fantástico para o momento. A única coisa que eu não gosto muito é a pouca eficácia do leitor de impressões digitais, caso contrário, para o que eu quero, vai fenomenalmente[TOK_Q_DELIM]Review": {
            "query": "prop=reviewBody, value=terminal fantástico para o momento. A única coisa que eu não gosto muito é a pouca eficácia do leitor de impressões digitais, caso contrário, para o que eu quero, vai fenomenalmente, parent_class=Review",
            "response": "TOKPOS"
        },
        "name[TOK_Q_DELIM]anonimo[TOK_Q_DELIM]Person": {
            "query": "prop=name, value=anonimo, parent_class=Person",
            "response": "TOKNEG"
        },
        "datePublished[TOK_Q_DELIM]2018-07-10[TOK_Q_DELIM]Review": {
            "query": "prop=datePublished, value=2018-07-10, parent_class=Review",
            "response": "TOKNEG"
        },
        "datePublished[TOK_Q_DELIM]2018-06-28[TOK_Q_DELIM]Review": {
            "query": "prop=datePublished, value=2018-06-28, parent_class=Review",
            "response": "TOKNEG"
        },
        "score": 0.23684210526315788
    },
    "chunk_1": {
        "status": "success",
        "name[TOK_Q_DELIM]Bruno[TOK_Q_DELIM]Person": {
            "query": "prop=name, value=Bruno, parent_class=Person",
            "response": "TOKNEG"
        },
        "name[TOK_Q_DELIM]ARA[TOK_Q_DELIM]Person": {
            "query": "prop=name, value=ARA, parent_class=Person",
            "response": "TOKNEG"
        },
        "reviewCount[TOK_Q_DELIM]40[TOK_Q_DELIM]AggregateRating": {
            "query": "prop=reviewCount, value=40, parent_class=AggregateRating",
            "response": "TOKNEG"
        },
        "name[TOK_Q_DELIM]Almibox[TOK_Q_DELIM]Person": {
            "query": "prop=name, value=Almibox, parent_class=Person",
            "response": "TOKNEG"
        },
        "datePublished[TOK_Q_DELIM]2018-07-10[TOK_Q_DELIM]Review": {
            "query": "prop=datePublished, value=2018-07-10, parent_class=Review",
            "response": "TOKNEG"
        },
        "name[TOK_Q_DELIM]Salvahergon[TOK_Q_DELIM]Person": {
            "query": "prop=name, value=Salvahergon, parent_class=Person",
            "response": "TOKNEG"
        },
        "datePublished[TOK_Q_DELIM]2018-07-20[TOK_Q_DELIM]Review": {
            "query": "prop=datePublished, value=2018-07-20, parent_class=Review",
            "response": "TOKNEG"
        },
        "name[TOK_Q_DELIM]L[TOK_Q_DELIM]Person": {
            "query": "prop=name, value=L, parent_class=Person",
            "response": "TOKNEG"
        },
        "reviewBody[TOK_Q_DELIM]Muito equilibrado[TOK_Q_DELIM]Review": {
            "query": "prop=reviewBody, value=Muito equilibrado, parent_class=Review",
            "response": "TOKPOS"
        },
        "name[TOK_Q_DELIM]Honor 10 4GB/64GB 5,84'' Preto[TOK_Q_DELIM]Product": {
            "query": "prop=name, value=Honor 10 4GB/64GB 5,84'' Preto, parent_class=Product",
            "response": "TOKNEG"
        },
        "bestRating[TOK_Q_DELIM]10[TOK_Q_DELIM]Rating": {
            "query": "prop=bestRating, value=10, parent_class=Rating",
            "response": "TOKNEG"
        },
        "name[TOK_Q_DELIM]Gorka[TOK_Q_DELIM]Person": {
            "query": "prop=name, value=Gorka, parent_class=Person",
            "response": "TOKNEG"
        },
        "datePublished[TOK_Q_DELIM]2018-07-12[TOK_Q_DELIM]Review": {
            "query": "prop=datePublished, value=2018-07-12, parent_class=Review",
            "response": "TOKNEG"
        },
        "datePublished[TOK_Q_DELIM]2018-11-07[TOK_Q_DELIM]Review": {
            "query": "prop=datePublished, value=2018-11-07, parent_class=Review",
            "response": "TOKNEG"
        },
        "reviewBody[TOK_Q_DELIM]Uma ótima compra Projeto muito cuidado, tela de boa qualidade, memória mais que suficiente para mim. Além disso, o processo de compra foi totalmente satisfatório.[TOK_Q_DELIM]Review": {
            "query": "prop=reviewBody, value=Uma ótima compra Projeto muito cuidado, tela de boa qualidade, memória mais que suficiente para mim. Além disso, o processo de compra foi totalmente satisfatório., parent_class=Review",
            "response": "TOKPOS"
        },
        "reviewBody[TOK_Q_DELIM]Eu fui de um huawei p8 lite para esta honra, e a verdade que eu estou muito feliz, é absolutamente outro nível. As fotos ficam lindas com a AI ativada, ela fica tão suave quanto você quer, a bateria geralmente dura mais de um dia, o reconhecimento facial e a impressão digital são instantâneos, e é apreciado que o leitor tenha impressões digitais na frente e não atrás para que você coloque todo o dedazo na câmera. Tem câmera super slow em 480p, e à noite tira algumas fotos espetaculares. Eu estava com medo de ficar short com 4GB e 64 de RAM, mas no momento estou com tudo. Até agora, o melhor celular que eu já tinha para esse preço.[TOK_Q_DELIM]Review": {
            "query": "prop=reviewBody, value=Eu fui de um huawei p8 lite para esta honra, e a verdade que eu estou muito feliz, é absolutamente outro nível. As fotos ficam lindas com a AI ativada, ela fica tão suave quanto você quer, a bateria geralmente dura mais de um dia, o reconhecimento facial e a impressão digital são instantâneos, e é apreciado que o leitor tenha impressões digitais na frente e não atrás para que você coloque todo o dedazo na câmera. Tem câmera super slow em 480p, e à noite tira algumas fotos espetaculares. Eu estava com medo de ficar short com 4GB e 64 de RAM, mas no momento estou com tudo. Até agora, o melhor celular que eu já tinha para esse preço., parent_class=Review",
            "response": "TOKPOS"
        },
        "datePublished[TOK_Q_DELIM]2018-12-27[TOK_Q_DELIM]Review": {
            "query": "prop=datePublished, value=2018-12-27, parent_class=Review",
            "response": "TOKNEG"
        },
        "itemReviewed[TOK_Q_DELIM]https://www.pccomponentes.pt/honor-10-negro-libre[TOK_Q_DELIM]AggregateRating": {
            "query": "prop=itemReviewed, value=https://www.pccomponentes.pt/honor-10-negro-libre, parent_class=AggregateRating",
            "response": "TOKNEG"
        },
        "datePublished[TOK_Q_DELIM]2018-06-18[TOK_Q_DELIM]Review": {
            "query": "prop=datePublished, value=2018-06-18, parent_class=Review",
            "response": "TOKNEG"
        },
        "reviewBody[TOK_Q_DELIM]Você não pode pedir mais por esse preço. A câmera gera algum ruído em algumas situações, mas é normal porque não está no topo da faixa.[TOK_Q_DELIM]Review": {
            "query": "prop=reviewBody, value=Você não pode pedir mais por esse preço. A câmera gera algum ruído em algumas situações, mas é normal porque não está no topo da faixa., parent_class=Review",
            "response": "TOKPOS"
        },
        "ratingValue[TOK_Q_DELIM]4.6[TOK_Q_DELIM]AggregateRating": {
            "query": "prop=ratingValue, value=4.6, parent_class=AggregateRating",
            "response": "TOKPOS"
        },
        "worstRating[TOK_Q_DELIM]1[TOK_Q_DELIM]Rating": {
            "query": "prop=worstRating, value=1, parent_class=Rating",
            "response": "TOKNEG"
        },
        "datePublished[TOK_Q_DELIM]2018-08-14[TOK_Q_DELIM]Review": {
            "query": "prop=datePublished, value=2018-08-14, parent_class=Review",
            "response": "TOKNEG"
        },
        "datePublished[TOK_Q_DELIM]2018-12-16[TOK_Q_DELIM]Review": {
            "query": "prop=datePublished, value=2018-12-16, parent_class=Review",
            "response": "TOKNEG"
        },
        "reviewBody[TOK_Q_DELIM]A verdade que muito feliz com a compra. Estou com ele há dois meses e sem nenhum problema. Ele excedeu minhas expectativas.[TOK_Q_DELIM]Review": {
            "query": "prop=reviewBody, value=A verdade que muito feliz com a compra. Estou com ele há dois meses e sem nenhum problema. Ele excedeu minhas expectativas., parent_class=Review",
            "response": "TOKPOS"
        },
        "datePublished[TOK_Q_DELIM]2018-06-12[TOK_Q_DELIM]Review": {
            "query": "prop=datePublished, value=2018-06-12, parent_class=Review",
            "response": "TOKNEG"
        },
        "name[TOK_Q_DELIM]C[TOK_Q_DELIM]Person": {
            "query": "prop=name, value=C, parent_class=Person",
            "response": "TOKNEG"
        },
        "image[TOK_Q_DELIM]file://img.pccomponentes.com/articles/16/161840/sin-t-tulo-2.jpg[TOK_Q_DELIM]Product": {
            "query": "prop=image, value=file://img.pccomponentes.com/articles/16/161840/sin-t-tulo-2.jpg, parent_class=Product",
            "response": "TOKPOS"
        },
        "reviewBody[TOK_Q_DELIM]Telefone tremendo para o que custa. O AI da câmera é o pior ... mas o resto é muito premium.[TOK_Q_DELIM]Review": {
            "query": "prop=reviewBody, value=Telefone tremendo para o que custa. O AI da câmera é o pior ... mas o resto é muito premium., parent_class=Review",
            "response": "TOKPOS"
        },
        "reviewBody[TOK_Q_DELIM]Excelente terminal, muito rápido e esteticamente gosto muito. A única coisa é que ele não usa fones de ouvido.[TOK_Q_DELIM]Review": {
            "query": "prop=reviewBody, value=Excelente terminal, muito rápido e esteticamente gosto muito. A única coisa é que ele não usa fones de ouvido., parent_class=Review",
            "response": "TOKPOS"
        },
        "ratingValue[TOK_Q_DELIM]10[TOK_Q_DELIM]Rating": {
            "query": "prop=ratingValue, value=10, parent_class=Rating",
            "response": "TOKNEG"
        },
        "reviewBody[TOK_Q_DELIM]Muito bom design, muito semelhante ao P20, mas a um preço mais ajustado. O hardware é muito poderoso ao nível da gama premium.[TOK_Q_DELIM]Review": {
            "query": "prop=reviewBody, value=Muito bom design, muito semelhante ao P20, mas a um preço mais ajustado. O hardware é muito poderoso ao nível da gama premium., parent_class=Review",
            "response": "TOKPOS"
        },
        "name[TOK_Q_DELIM]Carlos[TOK_Q_DELIM]Person": {
            "query": "prop=name, value=Carlos, parent_class=Person",
            "response": "TOKNEG"
        },
        "reviewBody[TOK_Q_DELIM][TOK_Q_DELIM]Review": {
            "query": "prop=reviewBody, value=, parent_class=Review",
            "response": "TOKNEG"
        },
        "reviewBody[TOK_Q_DELIM]terminal fantástico para o momento. A única coisa que eu não gosto muito é a pouca eficácia do leitor de impressões digitais, caso contrário, para o que eu quero, vai fenomenalmente[TOK_Q_DELIM]Review": {
            "query": "prop=reviewBody, value=terminal fantástico para o momento. A única coisa que eu não gosto muito é a pouca eficácia do leitor de impressões digitais, caso contrário, para o que eu quero, vai fenomenalmente, parent_class=Review",
            "response": "TOKPOS"
        },
        "name[TOK_Q_DELIM]anonimo[TOK_Q_DELIM]Person": {
            "query": "prop=name, value=anonimo, parent_class=Person",
            "response": "TOKNEG"
        },
        "ratingCount[TOK_Q_DELIM]40[TOK_Q_DELIM]AggregateRating": {
            "query": "prop=ratingCount, value=40, parent_class=AggregateRating",
            "response": "TOKNEG"
        },
        "datePublished[TOK_Q_DELIM]2018-06-28[TOK_Q_DELIM]Review": {
            "query": "prop=datePublished, value=2018-06-28, parent_class=Review",
            "response": "TOKNEG"
        },
        "score": 0.2894736842105263
    },
    "aggregation": {
        "name[TOK_Q_DELIM]Bruno[TOK_Q_DELIM]Person": false,
        "ratingCount[TOK_Q_DELIM]40[TOK_Q_DELIM]AggregateRating": false,
        "reviewCount[TOK_Q_DELIM]40[TOK_Q_DELIM]AggregateRating": false,
        "name[TOK_Q_DELIM]ARA[TOK_Q_DELIM]Person": false,
        "name[TOK_Q_DELIM]Almibox[TOK_Q_DELIM]Person": false,
        "name[TOK_Q_DELIM]Salvahergon[TOK_Q_DELIM]Person": false,
        "datePublished[TOK_Q_DELIM]2018-07-20[TOK_Q_DELIM]Review": false,
        "name[TOK_Q_DELIM]L[TOK_Q_DELIM]Person": false,
        "reviewBody[TOK_Q_DELIM]Muito equilibrado[TOK_Q_DELIM]Review": true,
        "name[TOK_Q_DELIM]Honor 10 4GB/64GB 5,84'' Preto[TOK_Q_DELIM]Product": false,
        "bestRating[TOK_Q_DELIM]10[TOK_Q_DELIM]Rating": false,
        "name[TOK_Q_DELIM]Gorka[TOK_Q_DELIM]Person": false,
        "datePublished[TOK_Q_DELIM]2018-07-12[TOK_Q_DELIM]Review": false,
        "datePublished[TOK_Q_DELIM]2018-11-07[TOK_Q_DELIM]Review": false,
        "reviewBody[TOK_Q_DELIM]Uma ótima compra Projeto muito cuidado, tela de boa qualidade, memória mais que suficiente para mim. Além disso, o processo de compra foi totalmente satisfatório.[TOK_Q_DELIM]Review": true,
        "reviewBody[TOK_Q_DELIM]Eu fui de um huawei p8 lite para esta honra, e a verdade que eu estou muito feliz, é absolutamente outro nível. As fotos ficam lindas com a AI ativada, ela fica tão suave quanto você quer, a bateria geralmente dura mais de um dia, o reconhecimento facial e a impressão digital são instantâneos, e é apreciado que o leitor tenha impressões digitais na frente e não atrás para que você coloque todo o dedazo na câmera. Tem câmera super slow em 480p, e à noite tira algumas fotos espetaculares. Eu estava com medo de ficar short com 4GB e 64 de RAM, mas no momento estou com tudo. Até agora, o melhor celular que eu já tinha para esse preço.[TOK_Q_DELIM]Review": true,
        "datePublished[TOK_Q_DELIM]2018-12-27[TOK_Q_DELIM]Review": false,
        "itemReviewed[TOK_Q_DELIM]https://www.pccomponentes.pt/honor-10-negro-libre[TOK_Q_DELIM]AggregateRating": false,
        "datePublished[TOK_Q_DELIM]2018-06-18[TOK_Q_DELIM]Review": false,
        "reviewBody[TOK_Q_DELIM]Você não pode pedir mais por esse preço. A câmera gera algum ruído em algumas situações, mas é normal porque não está no topo da faixa.[TOK_Q_DELIM]Review": true,
        "ratingValue[TOK_Q_DELIM]4.6[TOK_Q_DELIM]AggregateRating": true,
        "worstRating[TOK_Q_DELIM]1[TOK_Q_DELIM]Rating": false,
        "datePublished[TOK_Q_DELIM]2018-08-14[TOK_Q_DELIM]Review": false,
        "datePublished[TOK_Q_DELIM]2018-12-16[TOK_Q_DELIM]Review": false,
        "reviewBody[TOK_Q_DELIM]A verdade que muito feliz com a compra. Estou com ele há dois meses e sem nenhum problema. Ele excedeu minhas expectativas.[TOK_Q_DELIM]Review": true,
        "datePublished[TOK_Q_DELIM]2018-06-12[TOK_Q_DELIM]Review": false,
        "name[TOK_Q_DELIM]C[TOK_Q_DELIM]Person": false,
        "reviewBody[TOK_Q_DELIM]Telefone tremendo para o que custa. O AI da câmera é o pior ... mas o resto é muito premium.[TOK_Q_DELIM]Review": true,
        "image[TOK_Q_DELIM]file://img.pccomponentes.com/articles/16/161840/sin-t-tulo-2.jpg[TOK_Q_DELIM]Product": true,
        "reviewBody[TOK_Q_DELIM]Excelente terminal, muito rápido e esteticamente gosto muito. A única coisa é que ele não usa fones de ouvido.[TOK_Q_DELIM]Review": true,
        "ratingValue[TOK_Q_DELIM]10[TOK_Q_DELIM]Rating": false,
        "reviewBody[TOK_Q_DELIM]Muito bom design, muito semelhante ao P20, mas a um preço mais ajustado. O hardware é muito poderoso ao nível da gama premium.[TOK_Q_DELIM]Review": true,
        "name[TOK_Q_DELIM]Carlos[TOK_Q_DELIM]Person": false,
        "reviewBody[TOK_Q_DELIM][TOK_Q_DELIM]Review": false,
        "reviewBody[TOK_Q_DELIM]terminal fantástico para o momento. A única coisa que eu não gosto muito é a pouca eficácia do leitor de impressões digitais, caso contrário, para o que eu quero, vai fenomenalmente[TOK_Q_DELIM]Review": true,
        "name[TOK_Q_DELIM]anonimo[TOK_Q_DELIM]Person": false,
        "datePublished[TOK_Q_DELIM]2018-07-10[TOK_Q_DELIM]Review": false,
        "datePublished[TOK_Q_DELIM]2018-06-28[TOK_Q_DELIM]Review": false,
        "score": 0.2894736842105263
    }
}