{
    "chunk_0": {
        "status": "success",
        "url[TOK_Q_DELIM]https://recensiamomusica.com/wp-content/uploads/2019/04/Fabrizio-Moro-1200x675.jpg[TOK_Q_DELIM]ImageObject": {
            "query": "prop=url, value=https://recensiamomusica.com/wp-content/uploads/2019/04/Fabrizio-Moro-1200x675.jpg, parent_class=ImageObject",
            "response": "TOKPOS"
        },
        "height[TOK_Q_DELIM]720[TOK_Q_DELIM]ImageObject": {
            "query": "prop=height, value=720, parent_class=ImageObject",
            "response": "TOKPOS"
        },
        "image[TOK_Q_DELIM]https://recensiamomusica.com/fabrizio-moro-figli-di-nessuno-intervista/#primaryimage[TOK_Q_DELIM]MusicAlbum": {
            "query": "prop=image, value=https://recensiamomusica.com/fabrizio-moro-figli-di-nessuno-intervista/#primaryimage, parent_class=MusicAlbum",
            "response": "TOKPOS"
        },
        "height[TOK_Q_DELIM]675[TOK_Q_DELIM]ImageObject": {
            "query": "prop=height, value=675, parent_class=ImageObject",
            "response": "TOKPOS"
        },
        "url[TOK_Q_DELIM]https://recensiamomusica.com/wp-content/uploads/2019/03/Fabrizio-Moro-Figli-di-nessuno-300x300.jpg[TOK_Q_DELIM]ImageObject": {
            "query": "prop=url, value=https://recensiamomusica.com/wp-content/uploads/2019/03/Fabrizio-Moro-Figli-di-nessuno-300x300.jpg, parent_class=ImageObject",
            "response": "TOKPOS"
        },
        "url[TOK_Q_DELIM]https://recensiamomusica.com/wp-content/uploads/2019/04/Fabrizio-Moro-1200x720.jpg[TOK_Q_DELIM]ImageObject": {
            "query": "prop=url, value=https://recensiamomusica.com/wp-content/uploads/2019/04/Fabrizio-Moro-1200x720.jpg, parent_class=ImageObject",
            "response": "TOKPOS"
        },
        "width[TOK_Q_DELIM]1200[TOK_Q_DELIM]ImageObject": {
            "query": "prop=width, value=1200, parent_class=ImageObject",
            "response": "TOKNEG"
        },
        "url[TOK_Q_DELIM]https://recensiamomusica.com/wp-content/uploads/2019/04/FABRIZIO-MORO-NEW0810-copia_Luisa-Carcavale_b-200x300.jpg[TOK_Q_DELIM]ImageObject": {
            "query": "prop=url, value=https://recensiamomusica.com/wp-content/uploads/2019/04/FABRIZIO-MORO-NEW0810-copia_Luisa-Carcavale_b-200x300.jpg, parent_class=ImageObject",
            "response": "TOKPOS"
        },
        "score": 0.9090909090909091,
        "width[TOK_Q_DELIM]200[TOK_Q_DELIM]ImageObject": {
            "query": "prop=width, value=200, parent_class=ImageObject",
            "response": "TOKPOS"
        },
        "height[TOK_Q_DELIM]300[TOK_Q_DELIM]ImageObject": {
            "query": "prop=height, value=300, parent_class=ImageObject",
            "response": "TOKPOS"
        },
        "width[TOK_Q_DELIM]300[TOK_Q_DELIM]ImageObject": {
            "query": "prop=width, value=300, parent_class=ImageObject",
            "response": "TOKPOS"
        }
    }
}