{
    "msgs": {},
    "score": 1.0,
    "n_infos": 77,
    "valid": true
}