{
    "chunk_0": {
        "status": "success",
        "url[TOK_Q_DELIM]http://local.newjfna[TOK_Q_DELIM]Corporation": {
            "query": "url: URL of the item.",
            "response": "TOKPOS"
        },
        "url[TOK_Q_DELIM]http://local.newjfna[TOK_Q_DELIM]Place": {
            "query": "url: URL of the item.",
            "response": "TOKPOS"
        },
        "score": 1.0
    }
}