{
    "chunk_0": {
        "status": "success",
        "url[TOK_Q_DELIM]http://local.newjfna[TOK_Q_DELIM]Place": {
            "query": "prop=url, value=http://local.newjfna, parent_class=Place",
            "response": "TOKPOS"
        },
        "url[TOK_Q_DELIM]http://local.newjfna[TOK_Q_DELIM]Corporation": {
            "query": "prop=url, value=http://local.newjfna, parent_class=Corporation",
            "response": "TOKPOS"
        },
        "description[TOK_Q_DELIM]Join influential stakeholders from Federations and private foundations for sessions led by industry leaders, informal peer-to-peer learning, and networking.[TOK_Q_DELIM]WebSite": {
            "query": "prop=description, value=Join influential stakeholders from Federations and private foundations for sessions led by industry leaders, informal peer-to-peer learning, and networking., parent_class=WebSite",
            "response": "TOKPOS"
        },
        "image[TOK_Q_DELIM]https://jfnainvestmentinstitute.org/uploads/2020_Investment-Institute_Banner_600px.png[TOK_Q_DELIM]WebSite": {
            "query": "prop=image, value=https://jfnainvestmentinstitute.org/uploads/2020_Investment-Institute_Banner_600px.png, parent_class=WebSite",
            "response": "TOKPOS"
        },
        "name[TOK_Q_DELIM]Investment Institute 2020[TOK_Q_DELIM]WebSite": {
            "query": "prop=name, value=Investment Institute 2020, parent_class=WebSite",
            "response": "TOKPOS"
        },
        "url[TOK_Q_DELIM]https://jfnainvestmentinstitute.org[TOK_Q_DELIM]WebSite": {
            "query": "prop=url, value=https://jfnainvestmentinstitute.org, parent_class=WebSite",
            "response": "TOKPOS"
        },
        "score": 1.0
    }
}