{
    "chunk_0": {
        "status": "success",
        "url[TOK_Q_DELIM]http://local.newjfna[TOK_Q_DELIM]Corporation": {
            "query": "url: URL of the item.",
            "response": "TOKPOS"
        },
        "name[TOK_Q_DELIM]Investment Institute 2020[TOK_Q_DELIM]WebSite": {
            "query": "name: The name of the item.",
            "response": "TOKPOS"
        },
        "url[TOK_Q_DELIM]http://local.newjfna[TOK_Q_DELIM]Place": {
            "query": "url: URL of the item.",
            "response": "TOKPOS"
        },
        "image[TOK_Q_DELIM]https://jfnainvestmentinstitute.org/uploads/2020_Investment-Institute_Banner_600px.png[TOK_Q_DELIM]WebSite": {
            "query": "image: An image of the item. This can be a [[URL]] or a fully described [[ImageObject]].",
            "response": "TOKPOS"
        },
        "description[TOK_Q_DELIM]Join influential stakeholders from Federations and private foundations for sessions led by industry leaders, informal peer-to-peer learning, and networking.[TOK_Q_DELIM]WebSite": {
            "query": "description: A description of the item.",
            "response": "TOKPOS"
        },
        "url[TOK_Q_DELIM]https://jfnainvestmentinstitute.org[TOK_Q_DELIM]WebSite": {
            "query": "url: URL of the item.",
            "response": "TOKPOS"
        },
        "score": 1.0
    }
}